../STM32_RTOS_PeripheralDriver/CANHandler/CANHandler.c:4:5:CAN_OS_Init	16	static
../STM32_RTOS_PeripheralDriver/CANHandler/CANHandler.c:14:5:CAN_OS_ConfigFilter	24	static
../STM32_RTOS_PeripheralDriver/CANHandler/CANHandler.c:20:5:CAN_OS_ActivateNotification	16	static
../STM32_RTOS_PeripheralDriver/CANHandler/CANHandler.c:25:5:CAN_OS_Start	24	static
../STM32_RTOS_PeripheralDriver/CANHandler/CANHandler.c:32:20:CAN_MailboxSync	24	static
../STM32_RTOS_PeripheralDriver/CANHandler/CANHandler.c:53:5:CAN_OS_Transmit	32	static
../STM32_RTOS_PeripheralDriver/CANHandler/CANHandler.c:100:5:CAN_OS_ListenMsg	40	static
../STM32_RTOS_PeripheralDriver/CANHandler/CANHandler.c:124:5:CAN_OS_GetRxFifoFillLevel	24	static
../STM32_RTOS_PeripheralDriver/CANHandler/CANHandler.c:130:5:CAN_OS_GetRxMessage	32	static
../STM32_RTOS_PeripheralDriver/CANHandler/CANHandler.c:137:6:CAN_OS_RxFifo0Cplt_CB	16	static
../STM32_RTOS_PeripheralDriver/CANHandler/CANHandler.c:142:6:CAN_OS_RxFifo1Cplt_CB	16	static
../STM32_RTOS_PeripheralDriver/CANHandler/CANHandler.c:147:6:CAN_OS_TxCplt_CB	16	static
../STM32_RTOS_PeripheralDriver/CANHandler/CANHandler.c:153:5:CAN_OS_RegisterCB	24	static
