Archive member included to satisfy reference by file (symbol)

C:/ST/STM32CubeIDE_1.13.2/STM32CubeIDE/plugins/com.st.stm32cube.ide.mcu.externaltools.gnu-tools-for-stm32.11.3.rel1.win32_1.1.1.202309131626/tools/bin/../lib/gcc/arm-none-eabi/11.3.1/../../../../arm-none-eabi/lib/thumb/v7-m/nofp\libc_nano.a(libc_a-atoi.o)
                              ./UtilitySmallFunction/DataProcess/DataProcess.o (atoi)
C:/ST/STM32CubeIDE_1.13.2/STM32CubeIDE/plugins/com.st.stm32cube.ide.mcu.externaltools.gnu-tools-for-stm32.11.3.rel1.win32_1.1.1.202309131626/tools/bin/../lib/gcc/arm-none-eabi/11.3.1/../../../../arm-none-eabi/lib/thumb/v7-m/nofp\libc_nano.a(libc_a-exit.o)
                              C:/ST/STM32CubeIDE_1.13.2/STM32CubeIDE/plugins/com.st.stm32cube.ide.mcu.externaltools.gnu-tools-for-stm32.11.3.rel1.win32_1.1.1.202309131626/tools/bin/../lib/gcc/arm-none-eabi/11.3.1/../../../../arm-none-eabi/lib/thumb/v7-m/nofp/crt0.o (exit)
C:/ST/STM32CubeIDE_1.13.2/STM32CubeIDE/plugins/com.st.stm32cube.ide.mcu.externaltools.gnu-tools-for-stm32.11.3.rel1.win32_1.1.1.202309131626/tools/bin/../lib/gcc/arm-none-eabi/11.3.1/../../../../arm-none-eabi/lib/thumb/v7-m/nofp\libc_nano.a(libc_a-malloc.o)
                              ./CANlibrary/CAN_OSI.o (malloc)
C:/ST/STM32CubeIDE_1.13.2/STM32CubeIDE/plugins/com.st.stm32cube.ide.mcu.externaltools.gnu-tools-for-stm32.11.3.rel1.win32_1.1.1.202309131626/tools/bin/../lib/gcc/arm-none-eabi/11.3.1/../../../../arm-none-eabi/lib/thumb/v7-m/nofp\libc_nano.a(libc_a-mallocr.o)
                              C:/ST/STM32CubeIDE_1.13.2/STM32CubeIDE/plugins/com.st.stm32cube.ide.mcu.externaltools.gnu-tools-for-stm32.11.3.rel1.win32_1.1.1.202309131626/tools/bin/../lib/gcc/arm-none-eabi/11.3.1/../../../../arm-none-eabi/lib/thumb/v7-m/nofp\libc_nano.a(libc_a-malloc.o) (_malloc_r)
C:/ST/STM32CubeIDE_1.13.2/STM32CubeIDE/plugins/com.st.stm32cube.ide.mcu.externaltools.gnu-tools-for-stm32.11.3.rel1.win32_1.1.1.202309131626/tools/bin/../lib/gcc/arm-none-eabi/11.3.1/../../../../arm-none-eabi/lib/thumb/v7-m/nofp\libc_nano.a(libc_a-mlock.o)
                              C:/ST/STM32CubeIDE_1.13.2/STM32CubeIDE/plugins/com.st.stm32cube.ide.mcu.externaltools.gnu-tools-for-stm32.11.3.rel1.win32_1.1.1.202309131626/tools/bin/../lib/gcc/arm-none-eabi/11.3.1/../../../../arm-none-eabi/lib/thumb/v7-m/nofp\libc_nano.a(libc_a-mallocr.o) (__malloc_lock)
C:/ST/STM32CubeIDE_1.13.2/STM32CubeIDE/plugins/com.st.stm32cube.ide.mcu.externaltools.gnu-tools-for-stm32.11.3.rel1.win32_1.1.1.202309131626/tools/bin/../lib/gcc/arm-none-eabi/11.3.1/../../../../arm-none-eabi/lib/thumb/v7-m/nofp\libc_nano.a(libc_a-strtol.o)
                              C:/ST/STM32CubeIDE_1.13.2/STM32CubeIDE/plugins/com.st.stm32cube.ide.mcu.externaltools.gnu-tools-for-stm32.11.3.rel1.win32_1.1.1.202309131626/tools/bin/../lib/gcc/arm-none-eabi/11.3.1/../../../../arm-none-eabi/lib/thumb/v7-m/nofp\libc_nano.a(libc_a-atoi.o) (_strtol_r)
C:/ST/STM32CubeIDE_1.13.2/STM32CubeIDE/plugins/com.st.stm32cube.ide.mcu.externaltools.gnu-tools-for-stm32.11.3.rel1.win32_1.1.1.202309131626/tools/bin/../lib/gcc/arm-none-eabi/11.3.1/../../../../arm-none-eabi/lib/thumb/v7-m/nofp\libc_nano.a(libc_a-ctype_.o)
                              C:/ST/STM32CubeIDE_1.13.2/STM32CubeIDE/plugins/com.st.stm32cube.ide.mcu.externaltools.gnu-tools-for-stm32.11.3.rel1.win32_1.1.1.202309131626/tools/bin/../lib/gcc/arm-none-eabi/11.3.1/../../../../arm-none-eabi/lib/thumb/v7-m/nofp\libc_nano.a(libc_a-strtol.o) (_ctype_)
C:/ST/STM32CubeIDE_1.13.2/STM32CubeIDE/plugins/com.st.stm32cube.ide.mcu.externaltools.gnu-tools-for-stm32.11.3.rel1.win32_1.1.1.202309131626/tools/bin/../lib/gcc/arm-none-eabi/11.3.1/../../../../arm-none-eabi/lib/thumb/v7-m/nofp\libc_nano.a(libc_a-findfp.o)
                              ./Middlewares/Third_Party/FreeRTOS/Source/tasks.o (__sf)
C:/ST/STM32CubeIDE_1.13.2/STM32CubeIDE/plugins/com.st.stm32cube.ide.mcu.externaltools.gnu-tools-for-stm32.11.3.rel1.win32_1.1.1.202309131626/tools/bin/../lib/gcc/arm-none-eabi/11.3.1/../../../../arm-none-eabi/lib/thumb/v7-m/nofp\libc_nano.a(libc_a-fwalk.o)
                              C:/ST/STM32CubeIDE_1.13.2/STM32CubeIDE/plugins/com.st.stm32cube.ide.mcu.externaltools.gnu-tools-for-stm32.11.3.rel1.win32_1.1.1.202309131626/tools/bin/../lib/gcc/arm-none-eabi/11.3.1/../../../../arm-none-eabi/lib/thumb/v7-m/nofp\libc_nano.a(libc_a-findfp.o) (_fwalk_sglue)
C:/ST/STM32CubeIDE_1.13.2/STM32CubeIDE/plugins/com.st.stm32cube.ide.mcu.externaltools.gnu-tools-for-stm32.11.3.rel1.win32_1.1.1.202309131626/tools/bin/../lib/gcc/arm-none-eabi/11.3.1/../../../../arm-none-eabi/lib/thumb/v7-m/nofp\libc_nano.a(libc_a-sprintf.o)
                              ./Periodics/IMUPublisher/IMUPublisher.o (sprintf)
C:/ST/STM32CubeIDE_1.13.2/STM32CubeIDE/plugins/com.st.stm32cube.ide.mcu.externaltools.gnu-tools-for-stm32.11.3.rel1.win32_1.1.1.202309131626/tools/bin/../lib/gcc/arm-none-eabi/11.3.1/../../../../arm-none-eabi/lib/thumb/v7-m/nofp\libc_nano.a(libc_a-stdio.o)
[...]
Memory Configuration

Name             Origin             Length             Attributes
RAM              0x0000000020000000 0x0000000000005000 xrw
FLASH            0x0000000008000000 0x0000000000010000 xr
*default*        0x0000000000000000 0xffffffffffffffff

Linker script and memory map

LOAD C:/ST/STM32CubeIDE_1.13.2/STM32CubeIDE/plugins/com.st.stm32cube.ide.mcu.externaltools.gnu-tools-for-stm32.11.3.rel1.win32_1.1.1.202309131626/tools/bin/../lib/gcc/arm-none-eabi/11.3.1/thumb/v7-m/nofp/crti.o
LOAD C:/ST/STM32CubeIDE_1.13.2/STM32CubeIDE/plugins/com.st.stm32cube.ide.mcu.externaltools.gnu-tools-for-stm32.11.3.rel1.win32_1.1.1.202309131626/tools/bin/../lib/gcc/arm-none-eabi/11.3.1/thumb/v7-m/nofp/crtbegin.o
LOAD C:/ST/STM32CubeIDE_1.13.2/STM32CubeIDE/plugins/com.st.stm32cube.ide.mcu.externaltools.gnu-tools-for-stm32.11.3.rel1.win32_1.1.1.202309131626/tools/bin/../lib/gcc/arm-none-eabi/11.3.1/../../../../arm-none-eabi/lib/thumb/v7-m/nofp/crt0.o
LOAD ./CANlibrary/CAN_Init.o
LOAD ./CANlibrary/CAN_OSI.o
LOAD ./CANlibrary/CAN_Process.o
LOAD ./CRC/CRC.o
LOAD ./Core/Src/freertos.o
LOAD ./Core/Src/main.o
LOAD ./Core/Src/stm32f1xx_hal_msp.o
LOAD ./Core/Src/stm32f1xx_hal_timebase_tim.o
LOAD ./Core/Src/stm32f1xx_it.o
LOAD ./Core/Src/syscalls.o
LOAD ./Core/Src/sysmem.o
LOAD ./Core/Src/system_stm32f1xx.o
LOAD ./Core/Startup/startup_stm32f103c8tx.o
LOAD ./Core/ThreadSafe/newlib_lock_glue.o
LOAD ./Drivers/STM32F1xx_HAL_Driver/Src/stm32f1xx_hal.o
LOAD ./Drivers/STM32F1xx_HAL_Driver/Src/stm32f1xx_hal_can.o
LOAD ./Drivers/STM32F1xx_HAL_Driver/Src/stm32f1xx_hal_cortex.o
LOAD ./Drivers/STM32F1xx_HAL_Driver/Src/stm32f1xx_hal_dma.o
LOAD ./Drivers/STM32F1xx_HAL_Driver/Src/stm32f1xx_hal_exti.o
LOAD ./Drivers/STM32F1xx_HAL_Driver/Src/stm32f1xx_hal_flash.o
LOAD ./Drivers/STM32F1xx_HAL_Driver/Src/stm32f1xx_hal_flash_ex.o
LOAD ./Drivers/STM32F1xx_HAL_Driver/Src/stm32f1xx_hal_gpio.o
LOAD ./Drivers/STM32F1xx_HAL_Driver/Src/stm32f1xx_hal_gpio_ex.o
LOAD ./Drivers/STM32F1xx_HAL_Driver/Src/stm32f1xx_hal_i2c.o
LOAD ./Drivers/STM32F1xx_HAL_Driver/Src/stm32f1xx_hal_pwr.o
LOAD ./Drivers/STM32F1xx_HAL_Driver/Src/stm32f1xx_hal_rcc.o
LOAD ./Drivers/STM32F1xx_HAL_Driver/Src/stm32f1xx_hal_rcc_ex.o
LOAD ./Drivers/STM32F1xx_HAL_Driver/Src/stm32f1xx_hal_tim.o
LOAD ./Drivers/STM32F1xx_HAL_Driver/Src/stm32f1xx_hal_tim_ex.o
LOAD ./Drivers/STM32F1xx_HAL_Driver/Src/stm32f1xx_hal_uart.o
LOAD ./Middlewares/Third_Party/FreeRTOS/Source/CMSIS_RTOS_V2/cmsis_os2.o
LOAD ./Middlewares/Third_Party/FreeRTOS/Source/croutine.o
LOAD ./Middlewares/Third_Party/FreeRTOS/Source/event_groups.o
LOAD ./Middlewares/Third_Party/FreeRTOS/Source/list.o
LOAD ./Middlewares/Third_Party/FreeRTOS/Source/queue.o
LOAD ./Middlewares/Third_Party/FreeRTOS/Source/stream_buffer.o
LOAD ./Middlewares/Third_Party/FreeRTOS/Source/tasks.o
LOAD ./Middlewares/Third_Party/FreeRTOS/Source/timers.o
LOAD ./Middlewares/Third_Party/FreeRTOS/Source/portable/GCC/ARM_CM3/port.o
LOAD ./Middlewares/Third_Party/FreeRTOS/Source/portable/MemMang/heap_4.o
LOAD ./Periodics/IMUPublisher/IMUPublisher.o
LOAD ./Periodics/PowerPublisher/PowerPublisher.o
LOAD ./STM32-Hardware-Driver/BNO055/bno055.o
LOAD ./STM32-Hardware-Driver/Encoder/Encoder.o
LOAD ./STM32-Hardware-Driver/EngineControl/EngineControl.o
LOAD ./STM32-Hardware-Driver/INA219/INA219.o
LOAD ./STM32-Hardware-Driver/MotorController/MotorController.o
LOAD ./STM32-Hardware-Driver/MotorController/SpeedController.o
LOAD ./STM32_RTOS_PeripheralDriver/CANFrame/canframe.o
LOAD ./STM32_RTOS_PeripheralDriver/CANHandler/CANHandler.o
LOAD ./STM32_RTOS_PeripheralDriver/CANHandler/CANHandler_it.o
LOAD ./STM32_RTOS_PeripheralDriver/GPIO/GPIOHandler.o
LOAD ./STM32_RTOS_PeripheralDriver/I2CHandler/I2C_Handler.o
LOAD ./STM32_RTOS_PeripheralDriver/SyncPrintf/SyncPrintf.o
LOAD ./STM32_RTOS_PeripheralDriver/UARTHandler/UART_Handler.o
LOAD ./UtilitySmallFunction/DataProcess/DataProcess.o
LOAD ./UtilitySmallFunction/Utility/Utility.o
START GROUP
LOAD C:/ST/STM32CubeIDE_1.13.2/STM32CubeIDE/plugins/com.st.stm32cube.ide.mcu.externaltools.gnu-tools-for-stm32.11.3.rel1.win32_1.1.1.202309131626/tools/bin/../lib/gcc/arm-none-eabi/11.3.1/../../../../arm-none-eabi/lib/thumb/v7-m/nofp\libc_nano.a
LOAD C:/ST/STM32CubeIDE_1.13.2/STM32CubeIDE/plugins/com.st.stm32cube.ide.mcu.externaltools.gnu-tools-for-stm32.11.3.rel1.win32_1.1.1.202309131626/tools/bin/../lib/gcc/arm-none-eabi/11.3.1/../../../../arm-none-eabi/lib/thumb/v7-m/nofp\libm.a
END GROUP
START GROUP
LOAD C:/ST/STM32CubeIDE_1.13.2/STM32CubeIDE/plugins/com.st.stm32cube.ide.mcu.externaltools.gnu-tools-for-stm32.11.3.rel1.win32_1.1.1.202309131626/tools/bin/../lib/gcc/arm-none-eabi/11.3.1/thumb/v7-m/nofp\libgcc.a
LOAD C:/ST/STM32CubeIDE_1.13.2/STM32CubeIDE/plugins/com.st.stm32cube.ide.mcu.externaltools.gnu-tools-for-stm32.11.3.rel1.win32_1.1.1.202309131626/tools/bin/../lib/gcc/arm-none-eabi/11.3.1/../../../../arm-none-eabi/lib/thumb/v7-m/nofp\libc_nano.a
END GROUP
START GROUP
LOAD C:/ST/STM32CubeIDE_1.13.2/STM32CubeIDE/plugins/com.st.stm32cube.ide.mcu.externaltools.gnu-tools-for-stm32.11.3.rel1.win32_1.1.1.202309131626/tools/bin/../lib/gcc/arm-none-eabi/11.3.1/thumb/v7-m/nofp\libgcc.a
LOAD C:/ST/STM32CubeIDE_1.13.2/STM32CubeIDE/plugins/com.st.stm32cube.ide.mcu.externaltools.gnu-tools-for-stm32.11.3.rel1.win32_1.1.1.202309131626/tools/bin/../lib/gcc/arm-none-eabi/11.3.1/../../../../arm-none-eabi/lib/thumb/v7-m/nofp\libc_nano.a
LOAD C:/ST/STM32CubeIDE_1.13.2/STM32CubeIDE/plugins/com.st.stm32cube.ide.mcu.externaltools.gnu-tools-for-stm32.11.3.rel1.win32_1.1.1.202309131626/tools/bin/../lib/gcc/arm-none-eabi/11.3.1/../../../../arm-none-eabi/lib/thumb/v7-m/nofp\libnosys.a
END GROUP
START GROUP
LOAD C:/ST/STM32CubeIDE_1.13.2/STM32CubeIDE/plugins/com.st.stm32cube.ide.mcu.externaltools.gnu-tools-for-stm32.11.3.rel1.win32_1.1.1.202309131626/tools/bin/../lib/gcc/arm-none-eabi/11.3.1/thumb/v7-m/nofp\libgcc.a
LOAD C:/ST/STM32CubeIDE_1.13.2/STM32CubeIDE/plugins/com.st.stm32cube.ide.mcu.externaltools.gnu-tools-for-stm32.11.3.rel1.win32_1.1.1.202309131626/tools/bin/../lib/gcc/arm-none-eabi/11.3.1/../../../../arm-none-eabi/lib/thumb/v7-m/nofp\libc_nano.a
LOAD C:/ST/STM32CubeIDE_1.13.2/STM32CubeIDE/plugins/com.st.stm32cube.ide.mcu.externaltools.gnu-tools-for-stm32.11.3.rel1.win32_1.1.1.202309131626/tools/bin/../lib/gcc/arm-none-eabi/11.3.1/../../../../arm-none-eabi/lib/thumb/v7-m/nofp\libnosys.a
END GROUP
LOAD C:/ST/STM32CubeIDE_1.13.2/STM32CubeIDE/plugins/com.st.stm32cube.ide.mcu.externaltools.gnu-tools-for-stm32.11.3.rel1.win32_1.1.1.202309131626/tools/bin/../lib/gcc/arm-none-eabi/11.3.1/thumb/v7-m/nofp/crtend.o
LOAD C:/ST/STM32CubeIDE_1.13.2/STM32CubeIDE/plugins/com.st.stm32cube.ide.mcu.externaltools.gnu-tools-for-stm32.11.3.rel1.win32_1.1.1.202309131626/tools/bin/../lib/gcc/arm-none-eabi/11.3.1/thumb/v7-m/nofp/crtn.o
                0x0000000020005000                _estack = (ORIGIN (RAM) + LENGTH (RAM))
                0x0000000000000200                _Min_Heap_Size = 0x200
                0x0000000000000400                _Min_Stack_Size = 0x400

.isr_vector     0x0000000008000000      0x10c
                0x0000000008000000                . = ALIGN (0x4)
 *(.isr_vector)
 .isr_vector    0x0000000008000000      0x10c ./Core/Startup/startup_stm32f103c8tx.o
                0x0000000008000000                g_pfnVectors
                0x000000000800010c                . = ALIGN (0x4)

.text           0x0000000008000110     0xe634
                0x0000000008000110                . = ALIGN (0x4)
 *(.text)
 .text          0x0000000008000110       0x40 C:/ST/STM32CubeIDE_1.13.2/STM32CubeIDE/plugins/com.st.stm32cube.ide.mcu.externaltools.gnu-tools-for-stm32.11.3.rel1.win32_1.1.1.202309131626/tools/bin/../lib/gcc/arm-none-eabi/11.3.1/thumb/v7-m/nofp/crtbegin.o
 .text          0x0000000008000150       0x10 C:/ST/STM32CubeIDE_1.13.2/STM32CubeIDE/plugins/com.st.stm32cube.ide.mcu.externaltools.gnu-tools-for-stm32.11.3.rel1.win32_1.1.1.202309131626/tools/bin/../lib/gcc/arm-none-eabi/11.3.1/../../../../arm-none-eabi/lib/thumb/v7-m/nofp\libc_nano.a(libc_a-strlen.o)
                0x0000000008000150                strlen
 .text          0x0000000008000160      0x378 C:/ST/STM32CubeIDE_1.13.2/STM32CubeIDE/plugins/com.st.stm32cube.ide.mcu.externaltools.gnu-tools-for-stm32.11.3.rel1.win32_1.1.1.202309131626/tools/bin/../lib/gcc/arm-none-eabi/11.3.1/thumb/v7-m/nofp\libgcc.a(_arm_addsubdf3.o)
                0x0000000008000160                __aeabi_drsub
                0x0000000008000168                __aeabi_dsub
                0x0000000008000168                __subdf3
                0x000000000800016c                __aeabi_dadd
                0x000000000800016c                __adddf3
                0x00000000080003e4                __floatunsidf
                0x00000000080003e4                __aeabi_ui2d
                0x0000000008000404                __floatsidf
                0x0000000008000404                __aeabi_i2d
                0x0000000008000428                __aeabi_f2d
                0x0000000008000428                __extendsfdf2
                0x000000000800046c                __floatundidf
                0x000000000800046c                __aeabi_ul2d
                0x000000000800047c                __floatdidf
                0x000000000800047c                __aeabi_l2d
 .text          0x00000000080004d8      0x424 C:/ST/STM32CubeIDE_1.13.2/STM32CubeIDE/plugins/com.st.stm32cube.ide.mcu.externaltools.gnu-tools-for-stm32.11.3.rel1.win32_1.1.1.202309131626/tools/bin/../lib/gcc/arm-none-eabi/11.3.1/thumb/v7-m/nofp\libgcc.a(_arm_muldivdf3.o)
                0x00000000080004d8                __aeabi_dmul
                0x00000000080004d8                __muldf3
                0x000000000800072c                __divdf3
                0x000000000800072c                __aeabi_ddiv
 .text          0x00000000080008fc       0xa0 C:/ST/STM32CubeIDE_1.13.2/STM32CubeIDE/plugins/com.st.stm32cube.ide.mcu.externaltools.gnu-tools-for-stm32.11.3.rel1.win32_1.1.1.202309131626/tools/bin/../lib/gcc/arm-none-eabi/11.3.1/thumb/v7-m/nofp\libgcc.a(_arm_truncdfsf2.o)
                0x00000000080008fc                __truncdfsf2
                0x00000000080008fc                __aeabi_d2f
 .text          0x000000000800099c      0x21c C:/ST/STM32CubeIDE_1.13.2/STM32CubeIDE/plugins/com.st.stm32cube.ide.mcu.externaltools.gnu-tools-for-stm32.11.3.rel1.win32_1.1.1.202309131626/tools/bin/../lib/gcc/arm-none-eabi/11.3.1/thumb/v7-m/nofp\libgcc.a(_arm_addsubsf3.o)
                0x000000000800099c                __aeabi_frsub
                0x00000000080009a4                __subsf3
                0x00000000080009a4                __aeabi_fsub
                0x00000000080009a8                __aeabi_fadd
                0x00000000080009a8                __addsf3
                0x0000000008000b08                __aeabi_ui2f
                0x0000000008000b08                __floatunsisf
                0x0000000008000b10                __aeabi_i2f
                0x0000000008000b10                __floatsisf
                0x0000000008000b2c                __aeabi_ul2f
                0x0000000008000b2c                __floatundisf
                0x0000000008000b3c                __aeabi_l2f
                0x0000000008000b3c                __floatdisf
 .text          0x0000000008000bb8      0x2a0 C:/ST/STM32CubeIDE_1.13.2/STM32CubeIDE/plugins/com.st.stm32cube.ide.mcu.externaltools.gnu-tools-for-stm32.11.3.rel1.win32_1.1.1.202309131626/tools/bin/../lib/gcc/arm-none-eabi/11.3.1/thumb/v7-m/nofp\libgcc.a(_arm_muldivsf3.o)
                0x0000000008000bb8                __mulsf3
                0x0000000008000bb8                __aeabi_fmul
                0x0000000008000d20                __aeabi_fdiv
                0x0000000008000d20                __divsf3
 .text          0x0000000008000e58       0xec C:/ST/STM32CubeIDE_1.13.2/STM32CubeIDE/plugins/com.st.stm32cube.ide.mcu.externaltools.gnu-tools-for-stm32.11.3.rel1.win32_1.1.1.202309131626/tools/bin/../lib/gcc/arm-none-eabi/11.3.1/thumb/v7-m/nofp\libgcc.a(_arm_cmpsf2.o)
                0x0000000008000e58                __gesf2
                0x0000000008000e58                __gtsf2
                0x0000000008000e60                __lesf2
                0x0000000008000e60                __ltsf2
                0x0000000008000e68                __nesf2
                0x0000000008000e68                __eqsf2
                0x0000000008000e68                __cmpsf2
                0x0000000008000ec8                __aeabi_cfrcmple
                0x0000000008000ed0                __aeabi_cfcmpeq
                0x0000000008000ed0                __aeabi_cfcmple
                0x0000000008000ee0                __aeabi_fcmpeq
                0x0000000008000ef4                __aeabi_fcmplt
                0x0000000008000f08                __aeabi_fcmple
                0x0000000008000f1c                __aeabi_fcmpge
                0x0000000008000f30                __aeabi_fcmpgt
 .text          0x0000000008000f44       0x4c C:/ST/STM32CubeIDE_1.13.2/STM32CubeIDE/plugins/com.st.stm32cube.ide.mcu.externaltools.gnu-tools-for-stm32.11.3.rel1.win32_1.1.1.202309131626/tools/bin/../lib/gcc/arm-none-eabi/11.3.1/thumb/v7-m/nofp\libgcc.a(_arm_fixsfsi.o)
                0x0000000008000f44                __aeabi_f2iz
                0x0000000008000f44                __fixsfsi
 *(.text*)
 .text.crc_8    0x0000000008000f90       0x74 ./CRC/CRC.o
                0x0000000008000f90                crc_8
 .text.main     0x0000000008001004       0x54 ./Core/Src/main.o
                0x0000000008001004                main
 .text.SystemClock_Config
                0x0000000008001058       0x8a ./Core/Src/main.o
                0x0000000008001058                SystemClock_Config
 *fill*         0x00000000080010e2        0x2 
 .text.MX_CAN_Init
                0x00000000080010e4       0x6c ./Core/Src/main.o
 .text.MX_I2C1_Init
                0x0000000008001150       0x5c ./Core/Src/main.o
 .text.MX_TIM2_Init
                0x00000000080011ac       0xb0 ./Core/Src/main.o
 .text.MX_TIM3_Init
                0x000000000800125c       0xa8 ./Core/Src/main.o
 .text.MX_USART1_UART_Init
                0x0000000008001304       0x54 ./Core/Src/main.o
 .text.MX_DMA_Init
                0x0000000008001358       0xb4 ./Core/Src/main.o
 .text.MX_GPIO_Init
                0x000000000800140c      0x138 ./Core/Src/main.o
 .text.HAL_I2C_MemRxCpltCallback
                0x0000000008001544       0x24 ./Core/Src/main.o
                0x0000000008001544                HAL_I2C_MemRxCpltCallback
 .text.HAL_I2C_MemTxCpltCallback
                0x0000000008001568       0x24 ./Core/Src/main.o
                0x0000000008001568                HAL_I2C_MemTxCpltCallback
 .text.CAN_TxCallback
                0x000000000800158c       0x24 ./Core/Src/main.o
                0x000000000800158c                CAN_TxCallback
 .text.CAN_RxFifo0Callback
                0x00000000080015b0       0x24 ./Core/Src/main.o
                0x00000000080015b0                CAN_RxFifo0Callback
 .text.CANFrame_RcvDoneHandler
                0x00000000080015d4      0x180 ./Core/Src/main.o
 .text.StartDefaultTask
                0x0000000008001754      0x178 ./Core/Src/main.o
                0x0000000008001754                StartDefaultTask
 .text.HAL_TIM_PeriodElapsedCallback
                0x00000000080018cc       0x24 ./Core/Src/main.o
                0x00000000080018cc                HAL_TIM_PeriodElapsedCallback
 .text.Error_Handler
                0x00000000080018f0        0xa ./Core/Src/main.o
                0x00000000080018f0                Error_Handler
 *fill*         0x00000000080018fa        0x2 
 .text.HAL_MspInit
                0x00000000080018fc       0x70 ./Core/Src/stm32f1xx_hal_msp.o
                0x00000000080018fc                HAL_MspInit
 .text.HAL_CAN_MspInit
                0x000000000800196c       0xd8 ./Core/Src/stm32f1xx_hal_msp.o
                0x000000000800196c                HAL_CAN_MspInit
 .text.HAL_I2C_MspInit
                0x0000000008001a44      0x134 ./Core/Src/stm32f1xx_hal_msp.o
                0x0000000008001a44                HAL_I2C_MspInit
 .text.HAL_TIM_PWM_MspInit
                0x0000000008001b78       0x38 ./Core/Src/stm32f1xx_hal_msp.o
                0x0000000008001b78                HAL_TIM_PWM_MspInit
 .text.HAL_TIM_Encoder_MspInit
                0x0000000008001bb0       0xa4 ./Core/Src/stm32f1xx_hal_msp.o
                0x0000000008001bb0                HAL_TIM_Encoder_MspInit
 .text.HAL_TIM_MspPostInit
                0x0000000008001c54       0x60 ./Core/Src/stm32f1xx_hal_msp.o
                0x0000000008001c54                HAL_TIM_MspPostInit
 .text.HAL_UART_MspInit
                0x0000000008001cb4      0x140 ./Core/Src/stm32f1xx_hal_msp.o
                0x0000000008001cb4                HAL_UART_MspInit
 .text.HAL_InitTick
                0x0000000008001df4       0xfc ./Core/Src/stm32f1xx_hal_timebase_tim.o
                0x0000000008001df4                HAL_InitTick
 .text.NMI_Handler
                0x0000000008001ef0        0x6 ./Core/Src/stm32f1xx_it.o
                0x0000000008001ef0                NMI_Handler
 .text.HardFault_Handler
                0x0000000008001ef6        0x6 ./Core/Src/stm32f1xx_it.o
                0x0000000008001ef6                HardFault_Handler
 .text.MemManage_Handler
                0x0000000008001efc        0x6 ./Core/Src/stm32f1xx_it.o
                0x0000000008001efc                MemManage_Handler
 .text.BusFault_Handler
                0x0000000008001f02        0x6 ./Core/Src/stm32f1xx_it.o
                0x0000000008001f02                BusFault_Handler
 .text.UsageFault_Handler
                0x0000000008001f08        0x6 ./Core/Src/stm32f1xx_it.o
                0x0000000008001f08                UsageFault_Handler
 .text.DebugMon_Handler
                0x0000000008001f0e        0xc ./Core/Src/stm32f1xx_it.o
                0x0000000008001f0e                DebugMon_Handler
 *fill*         0x0000000008001f1a        0x2 
 .text.DMA1_Channel4_IRQHandler
                0x0000000008001f1c       0x14 ./Core/Src/stm32f1xx_it.o
                0x0000000008001f1c                DMA1_Channel4_IRQHandler
 .text.DMA1_Channel5_IRQHandler
                0x0000000008001f30       0x14 ./Core/Src/stm32f1xx_it.o
                0x0000000008001f30                DMA1_Channel5_IRQHandler
 .text.DMA1_Channel6_IRQHandler
                0x0000000008001f44       0x14 ./Core/Src/stm32f1xx_it.o
                0x0000000008001f44                DMA1_Channel6_IRQHandler
 .text.DMA1_Channel7_IRQHandler
                0x0000000008001f58       0x14 ./Core/Src/stm32f1xx_it.o
                0x0000000008001f58                DMA1_Channel7_IRQHandler
 .text.USB_HP_CAN1_TX_IRQHandler
                0x0000000008001f6c       0x14 ./Core/Src/stm32f1xx_it.o
                0x0000000008001f6c                USB_HP_CAN1_TX_IRQHandler
 .text.USB_LP_CAN1_RX0_IRQHandler
                0x0000000008001f80       0x14 ./Core/Src/stm32f1xx_it.o
                0x0000000008001f80                USB_LP_CAN1_RX0_IRQHandler
 .text.CAN1_RX1_IRQHandler
                0x0000000008001f94       0x14 ./Core/Src/stm32f1xx_it.o
                0x0000000008001f94                CAN1_RX1_IRQHandler
 .text.CAN1_SCE_IRQHandler
                0x0000000008001fa8       0x14 ./Core/Src/stm32f1xx_it.o
                0x0000000008001fa8                CAN1_SCE_IRQHandler
 .text.TIM4_IRQHandler
                0x0000000008001fbc       0x14 ./Core/Src/stm32f1xx_it.o
                0x0000000008001fbc                TIM4_IRQHandler
 .text.I2C1_EV_IRQHandler
                0x0000000008001fd0       0x14 ./Core/Src/stm32f1xx_it.o
                0x0000000008001fd0                I2C1_EV_IRQHandler
 .text._getpid  0x0000000008001fe4        0xe ./Core/Src/syscalls.o
                0x0000000008001fe4                _getpid
 .text._kill    0x0000000008001ff2       0x20 ./Core/Src/syscalls.o
                0x0000000008001ff2                _kill
 .text._exit    0x0000000008002012       0x14 ./Core/Src/syscalls.o
                0x0000000008002012                _exit
 .text._read    0x0000000008002026       0x3a ./Core/Src/syscalls.o
                0x0000000008002026                _read
 .text._write   0x0000000008002060       0x38 ./Core/Src/syscalls.o
                0x0000000008002060                _write
 .text._close   0x0000000008002098       0x16 ./Core/Src/syscalls.o
                0x0000000008002098                _close
 .text._fstat   0x00000000080020ae       0x1e ./Core/Src/syscalls.o
                0x00000000080020ae                _fstat
 .text._isatty  0x00000000080020cc       0x14 ./Core/Src/syscalls.o
                0x00000000080020cc                _isatty
 .text._lseek   0x00000000080020e0       0x18 ./Core/Src/syscalls.o
                0x00000000080020e0                _lseek
 .text._sbrk    0x00000000080020f8       0x6c ./Core/Src/sysmem.o
                0x00000000080020f8                _sbrk
 .text.SystemInit
                0x0000000008002164        0xc ./Core/Src/system_stm32f1xx.o
                0x0000000008002164                SystemInit
 .text.Reset_Handler
                0x0000000008002170       0x48 ./Core/Startup/startup_stm32f103c8tx.o
                0x0000000008002170                Reset_Handler
 .text.Default_Handler
                0x00000000080021b8        0x2 ./Core/Startup/startup_stm32f103c8tx.o
                0x00000000080021b8                RTC_Alarm_IRQHandler
                0x00000000080021b8                EXTI2_IRQHandler
                0x00000000080021b8                TIM1_CC_IRQHandler
                0x00000000080021b8                PVD_IRQHandler
                0x00000000080021b8                EXTI3_IRQHandler
                0x00000000080021b8                EXTI0_IRQHandler
                0x00000000080021b8                I2C2_EV_IRQHandler
                0x00000000080021b8                ADC1_2_IRQHandler
                0x00000000080021b8                SPI1_IRQHandler
                0x00000000080021b8                TAMPER_IRQHandler
                0x00000000080021b8                USART3_IRQHandler
                0x00000000080021b8                RTC_IRQHandler
                0x00000000080021b8                TIM3_IRQHandler
                0x00000000080021b8                RCC_IRQHandler
                0x00000000080021b8                TIM1_TRG_COM_IRQHandler
                0x00000000080021b8                DMA1_Channel1_IRQHandler
                0x00000000080021b8                Default_Handler
                0x00000000080021b8                EXTI15_10_IRQHandler
                0x00000000080021b8                EXTI9_5_IRQHandler
                0x00000000080021b8                SPI2_IRQHandler
                0x00000000080021b8                EXTI4_IRQHandler
                0x00000000080021b8                DMA1_Channel3_IRQHandler
                0x00000000080021b8                TIM1_UP_IRQHandler
                0x00000000080021b8                WWDG_IRQHandler
                0x00000000080021b8                TIM2_IRQHandler
                0x00000000080021b8                TIM1_BRK_IRQHandler
                0x00000000080021b8                EXTI1_IRQHandler
                0x00000000080021b8                USART2_IRQHandler
                0x00000000080021b8                I2C2_ER_IRQHandler
                0x00000000080021b8                DMA1_Channel2_IRQHandler
                0x00000000080021b8                FLASH_IRQHandler
                0x00000000080021b8                USART1_IRQHandler
                0x00000000080021b8                I2C1_ER_IRQHandler
                0x00000000080021b8                USBWakeUp_IRQHandler
 .text.stm32_lock_init
                0x00000000080021ba       0x42 ./Core/ThreadSafe/newlib_lock_glue.o
 .text.stm32_lock_acquire
                0x00000000080021fc       0x60 ./Core/ThreadSafe/newlib_lock_glue.o
 .text.stm32_lock_release
                0x000000000800225c       0x54 ./Core/ThreadSafe/newlib_lock_glue.o
 .text.__retarget_lock_init_recursive
                0x00000000080022b0       0x4c ./Core/ThreadSafe/newlib_lock_glue.o
                0x00000000080022b0                __retarget_lock_init_recursive
 .text.__retarget_lock_acquire_recursive
                0x00000000080022fc       0x28 ./Core/ThreadSafe/newlib_lock_glue.o
                0x00000000080022fc                __retarget_lock_acquire_recursive
 .text.__retarget_lock_release_recursive
                0x0000000008002324       0x28 ./Core/ThreadSafe/newlib_lock_glue.o
                0x0000000008002324                __retarget_lock_release_recursive
 .text.HAL_Init
                0x000000000800234c       0x2c ./Drivers/STM32F1xx_HAL_Driver/Src/stm32f1xx_hal.o
                0x000000000800234c                HAL_Init
 .text.HAL_IncTick
                0x0000000008002378       0x24 ./Drivers/STM32F1xx_HAL_Driver/Src/stm32f1xx_hal.o
                0x0000000008002378                HAL_IncTick
 .text.HAL_GetTick
                0x000000000800239c       0x14 ./Drivers/STM32F1xx_HAL_Driver/Src/stm32f1xx_hal.o
                0x000000000800239c                HAL_GetTick
 .text.HAL_CAN_Init
                0x00000000080023b0      0x28c ./Drivers/STM32F1xx_HAL_Driver/Src/stm32f1xx_hal_can.o
                0x00000000080023b0                HAL_CAN_Init
 .text.HAL_CAN_RegisterCallback
                0x000000000800263c      0x15c ./Drivers/STM32F1xx_HAL_Driver/Src/stm32f1xx_hal_can.o
                0x000000000800263c                HAL_CAN_RegisterCallback
 .text.HAL_CAN_ConfigFilter
                0x0000000008002798      0x192 ./Drivers/STM32F1xx_HAL_Driver/Src/stm32f1xx_hal_can.o
                0x0000000008002798                HAL_CAN_ConfigFilter
 .text.HAL_CAN_Start
                0x000000000800292a       0x88 ./Drivers/STM32F1xx_HAL_Driver/Src/stm32f1xx_hal_can.o
                0x000000000800292a                HAL_CAN_Start
 .text.HAL_CAN_Stop
                0x00000000080029b2       0x92 ./Drivers/STM32F1xx_HAL_Driver/Src/stm32f1xx_hal_can.o
                0x00000000080029b2                HAL_CAN_Stop
 .text.HAL_CAN_GetRxMessage
                0x0000000008002a44      0x242 ./Drivers/STM32F1xx_HAL_Driver/Src/stm32f1xx_hal_can.o
                0x0000000008002a44                HAL_CAN_GetRxMessage
 .text.HAL_CAN_GetRxFifoFillLevel
                0x0000000008002c86       0x4e ./Drivers/STM32F1xx_HAL_Driver/Src/stm32f1xx_hal_can.o
                0x0000000008002c86                HAL_CAN_GetRxFifoFillLevel
 .text.HAL_CAN_ActivateNotification
                0x0000000008002cd4       0x4a ./Drivers/STM32F1xx_HAL_Driver/Src/stm32f1xx_hal_can.o
                0x0000000008002cd4                HAL_CAN_ActivateNotification
 .text.HAL_CAN_IRQHandler
                0x0000000008002d1e      0x38a ./Drivers/STM32F1xx_HAL_Driver/Src/stm32f1xx_hal_can.o
                0x0000000008002d1e                HAL_CAN_IRQHandler
 .text.HAL_CAN_TxMailbox0CompleteCallback
                0x00000000080030a8       0x12 ./Drivers/STM32F1xx_HAL_Driver/Src/stm32f1xx_hal_can.o
                0x00000000080030a8                HAL_CAN_TxMailbox0CompleteCallback
 .text.HAL_CAN_TxMailbox1CompleteCallback
                0x00000000080030ba       0x12 ./Drivers/STM32F1xx_HAL_Driver/Src/stm32f1xx_hal_can.o
                0x00000000080030ba                HAL_CAN_TxMailbox1CompleteCallback
 .text.HAL_CAN_TxMailbox2CompleteCallback
                0x00000000080030cc       0x12 ./Drivers/STM32F1xx_HAL_Driver/Src/stm32f1xx_hal_can.o
                0x00000000080030cc                HAL_CAN_TxMailbox2CompleteCallback
 .text.HAL_CAN_TxMailbox0AbortCallback
                0x00000000080030de       0x12 ./Drivers/STM32F1xx_HAL_Driver/Src/stm32f1xx_hal_can.o
                0x00000000080030de                HAL_CAN_TxMailbox0AbortCallback
 .text.HAL_CAN_TxMailbox1AbortCallback
                0x00000000080030f0       0x12 ./Drivers/STM32F1xx_HAL_Driver/Src/stm32f1xx_hal_can.o
                0x00000000080030f0                HAL_CAN_TxMailbox1AbortCallback
 .text.HAL_CAN_TxMailbox2AbortCallback
                0x0000000008003102       0x12 ./Drivers/STM32F1xx_HAL_Driver/Src/stm32f1xx_hal_can.o
                0x0000000008003102                HAL_CAN_TxMailbox2AbortCallback
 .text.HAL_CAN_RxFifo0MsgPendingCallback
                0x0000000008003114       0x12 ./Drivers/STM32F1xx_HAL_Driver/Src/stm32f1xx_hal_can.o
                0x0000000008003114                HAL_CAN_RxFifo0MsgPendingCallback
 .text.HAL_CAN_RxFifo0FullCallback
                0x0000000008003126       0x12 ./Drivers/STM32F1xx_HAL_Driver/Src/stm32f1xx_hal_can.o
                0x0000000008003126                HAL_CAN_RxFifo0FullCallback
 .text.HAL_CAN_RxFifo1MsgPendingCallback
                0x0000000008003138       0x12 ./Drivers/STM32F1xx_HAL_Driver/Src/stm32f1xx_hal_can.o
                0x0000000008003138                HAL_CAN_RxFifo1MsgPendingCallback
 .text.HAL_CAN_RxFifo1FullCallback
                0x000000000800314a       0x12 ./Drivers/STM32F1xx_HAL_Driver/Src/stm32f1xx_hal_can.o
                0x000000000800314a                HAL_CAN_RxFifo1FullCallback
 .text.HAL_CAN_SleepCallback
                0x000000000800315c       0x12 ./Drivers/STM32F1xx_HAL_Driver/Src/stm32f1xx_hal_can.o
                0x000000000800315c                HAL_CAN_SleepCallback
 .text.HAL_CAN_WakeUpFromRxMsgCallback
                0x000000000800316e       0x12 ./Drivers/STM32F1xx_HAL_Driver/Src/stm32f1xx_hal_can.o
                0x000000000800316e                HAL_CAN_WakeUpFromRxMsgCallback
 .text.HAL_CAN_ErrorCallback
                0x0000000008003180       0x12 ./Drivers/STM32F1xx_HAL_Driver/Src/stm32f1xx_hal_can.o
                0x0000000008003180                HAL_CAN_ErrorCallback
 *fill*         0x0000000008003192        0x2 
 .text.__NVIC_SetPriorityGrouping
                0x0000000008003194       0x48 ./Drivers/STM32F1xx_HAL_Driver/Src/stm32f1xx_hal_cortex.o
 .text.__NVIC_GetPriorityGrouping
                0x00000000080031dc       0x1c ./Drivers/STM32F1xx_HAL_Driver/Src/stm32f1xx_hal_cortex.o
 .text.__NVIC_EnableIRQ
                0x00000000080031f8       0x38 ./Drivers/STM32F1xx_HAL_Driver/Src/stm32f1xx_hal_cortex.o
 .text.__NVIC_SetPriority
                0x0000000008003230       0x54 ./Drivers/STM32F1xx_HAL_Driver/Src/stm32f1xx_hal_cortex.o
 .text.NVIC_EncodePriority
                0x0000000008003284       0x64 ./Drivers/STM32F1xx_HAL_Driver/Src/stm32f1xx_hal_cortex.o
 .text.HAL_NVIC_SetPriorityGrouping
                0x00000000080032e8       0x16 ./Drivers/STM32F1xx_HAL_Driver/Src/stm32f1xx_hal_cortex.o
                0x00000000080032e8                HAL_NVIC_SetPriorityGrouping
 .text.HAL_NVIC_SetPriority
                0x00000000080032fe       0x38 ./Drivers/STM32F1xx_HAL_Driver/Src/stm32f1xx_hal_cortex.o
                0x00000000080032fe                HAL_NVIC_SetPriority
 .text.HAL_NVIC_EnableIRQ
                0x0000000008003336       0x1c ./Drivers/STM32F1xx_HAL_Driver/Src/stm32f1xx_hal_cortex.o
                0x0000000008003336                HAL_NVIC_EnableIRQ
 *fill*         0x0000000008003352        0x2 
 .text.HAL_DMA_Init
                0x0000000008003354       0xb4 ./Drivers/STM32F1xx_HAL_Driver/Src/stm32f1xx_hal_dma.o
                0x0000000008003354                HAL_DMA_Init
 .text.HAL_DMA_Abort_IT
                0x0000000008003408       0xf0 ./Drivers/STM32F1xx_HAL_Driver/Src/stm32f1xx_hal_dma.o
                0x0000000008003408                HAL_DMA_Abort_IT
 .text.HAL_DMA_IRQHandler
                0x00000000080034f8      0x20c ./Drivers/STM32F1xx_HAL_Driver/Src/stm32f1xx_hal_dma.o
                0x00000000080034f8                HAL_DMA_IRQHandler
 .text.HAL_DMA_GetState
                0x0000000008003704       0x1a ./Drivers/STM32F1xx_HAL_Driver/Src/stm32f1xx_hal_dma.o
                0x0000000008003704                HAL_DMA_GetState
 *fill*         0x000000000800371e        0x2 
 .text.HAL_GPIO_Init
                0x0000000008003720      0x308 ./Drivers/STM32F1xx_HAL_Driver/Src/stm32f1xx_hal_gpio.o
                0x0000000008003720                HAL_GPIO_Init
 .text.HAL_GPIO_WritePin
                0x0000000008003a28       0x30 ./Drivers/STM32F1xx_HAL_Driver/Src/stm32f1xx_hal_gpio.o
                0x0000000008003a28                HAL_GPIO_WritePin
 .text.HAL_GPIO_TogglePin
                0x0000000008003a58       0x32 ./Drivers/STM32F1xx_HAL_Driver/Src/stm32f1xx_hal_gpio.o
                0x0000000008003a58                HAL_GPIO_TogglePin
 *fill*         0x0000000008003a8a        0x2 
 .text.HAL_I2C_Init
                0x0000000008003a8c      0x288 ./Drivers/STM32F1xx_HAL_Driver/Src/stm32f1xx_hal_i2c.o
                0x0000000008003a8c                HAL_I2C_Init
 .text.I2C_Flush_DR
                0x0000000008003d14       0x28 ./Drivers/STM32F1xx_HAL_Driver/Src/stm32f1xx_hal_i2c.o
 .text.HAL_I2C_Mem_Write_IT
                0x0000000008003d3c      0x158 ./Drivers/STM32F1xx_HAL_Driver/Src/stm32f1xx_hal_i2c.o
                0x0000000008003d3c                HAL_I2C_Mem_Write_IT
 .text.HAL_I2C_IsDeviceReady
                0x0000000008003e94      0x25c ./Drivers/STM32F1xx_HAL_Driver/Src/stm32f1xx_hal_i2c.o
                0x0000000008003e94                HAL_I2C_IsDeviceReady
 .text.HAL_I2C_EV_IRQHandler
                0x00000000080040f0      0x2a6 ./Drivers/STM32F1xx_HAL_Driver/Src/stm32f1xx_hal_i2c.o
                0x00000000080040f0                HAL_I2C_EV_IRQHandler
 .text.HAL_I2C_MasterTxCpltCallback
                0x0000000008004396       0x12 ./Drivers/STM32F1xx_HAL_Driver/Src/stm32f1xx_hal_i2c.o
                0x0000000008004396                HAL_I2C_MasterTxCpltCallback
 .text.HAL_I2C_MasterRxCpltCallback
                0x00000000080043a8       0x12 ./Drivers/STM32F1xx_HAL_Driver/Src/stm32f1xx_hal_i2c.o
                0x00000000080043a8                HAL_I2C_MasterRxCpltCallback
 .text.HAL_I2C_SlaveTxCpltCallback
                0x00000000080043ba       0x12 ./Drivers/STM32F1xx_HAL_Driver/Src/stm32f1xx_hal_i2c.o
                0x00000000080043ba                HAL_I2C_SlaveTxCpltCallback
 .text.HAL_I2C_SlaveRxCpltCallback
                0x00000000080043cc       0x12 ./Drivers/STM32F1xx_HAL_Driver/Src/stm32f1xx_hal_i2c.o
                0x00000000080043cc                HAL_I2C_SlaveRxCpltCallback
 .text.HAL_I2C_AddrCallback
                0x00000000080043de       0x1a ./Drivers/STM32F1xx_HAL_Driver/Src/stm32f1xx_hal_i2c.o
                0x00000000080043de                HAL_I2C_AddrCallback
 .text.HAL_I2C_ListenCpltCallback
                0x00000000080043f8       0x12 ./Drivers/STM32F1xx_HAL_Driver/Src/stm32f1xx_hal_i2c.o
                0x00000000080043f8                HAL_I2C_ListenCpltCallback
 .text.HAL_I2C_ErrorCallback
                0x000000000800440a       0x12 ./Drivers/STM32F1xx_HAL_Driver/Src/stm32f1xx_hal_i2c.o
                0x000000000800440a                HAL_I2C_ErrorCallback
 .text.HAL_I2C_AbortCpltCallback
                0x000000000800441c       0x12 ./Drivers/STM32F1xx_HAL_Driver/Src/stm32f1xx_hal_i2c.o
                0x000000000800441c                HAL_I2C_AbortCpltCallback
 .text.I2C_MasterTransmit_TXE
                0x000000000800442e      0x138 ./Drivers/STM32F1xx_HAL_Driver/Src/stm32f1xx_hal_i2c.o
 .text.I2C_MasterTransmit_BTF
                0x0000000008004566       0xec ./Drivers/STM32F1xx_HAL_Driver/Src/stm32f1xx_hal_i2c.o
 .text.I2C_MemoryTransmit_TXE_BTF
                0x0000000008004652      0x130 ./Drivers/STM32F1xx_HAL_Driver/Src/stm32f1xx_hal_i2c.o
 .text.I2C_MasterReceive_RXNE
                0x0000000008004782      0x176 ./Drivers/STM32F1xx_HAL_Driver/Src/stm32f1xx_hal_i2c.o
 .text.I2C_MasterReceive_BTF
                0x00000000080048f8      0x1d4 ./Drivers/STM32F1xx_HAL_Driver/Src/stm32f1xx_hal_i2c.o
 .text.I2C_Master_SB
                0x0000000008004acc      0x10a ./Drivers/STM32F1xx_HAL_Driver/Src/stm32f1xx_hal_i2c.o
 .text.I2C_Master_ADD10
                0x0000000008004bd6       0x52 ./Drivers/STM32F1xx_HAL_Driver/Src/stm32f1xx_hal_i2c.o
 .text.I2C_Master_ADDR
                0x0000000008004c28      0x336 ./Drivers/STM32F1xx_HAL_Driver/Src/stm32f1xx_hal_i2c.o
 .text.I2C_SlaveTransmit_TXE
                0x0000000008004f5e       0x7a ./Drivers/STM32F1xx_HAL_Driver/Src/stm32f1xx_hal_i2c.o
 .text.I2C_SlaveTransmit_BTF
                0x0000000008004fd8       0x40 ./Drivers/STM32F1xx_HAL_Driver/Src/stm32f1xx_hal_i2c.o
 .text.I2C_SlaveReceive_RXNE
                0x0000000008005018       0x7c ./Drivers/STM32F1xx_HAL_Driver/Src/stm32f1xx_hal_i2c.o
 .text.I2C_SlaveReceive_BTF
                0x0000000008005094       0x42 ./Drivers/STM32F1xx_HAL_Driver/Src/stm32f1xx_hal_i2c.o
 .text.I2C_Slave_ADDR
                0x00000000080050d6       0x90 ./Drivers/STM32F1xx_HAL_Driver/Src/stm32f1xx_hal_i2c.o
 *fill*         0x0000000008005166        0x2 
 .text.I2C_Slave_STOPF
                0x0000000008005168      0x260 ./Drivers/STM32F1xx_HAL_Driver/Src/stm32f1xx_hal_i2c.o
 .text.I2C_ITError
                0x00000000080053c8      0x264 ./Drivers/STM32F1xx_HAL_Driver/Src/stm32f1xx_hal_i2c.o
 .text.I2C_DMAAbort
                0x000000000800562c      0x150 ./Drivers/STM32F1xx_HAL_Driver/Src/stm32f1xx_hal_i2c.o
 .text.I2C_WaitOnFlagUntilTimeout
                0x000000000800577c       0xf4 ./Drivers/STM32F1xx_HAL_Driver/Src/stm32f1xx_hal_i2c.o
 .text.I2C_WaitOnSTOPRequestThroughIT
                0x0000000008005870       0x64 ./Drivers/STM32F1xx_HAL_Driver/Src/stm32f1xx_hal_i2c.o
 .text.I2C_ConvertOtherXferOptions
                0x00000000080058d4       0x34 ./Drivers/STM32F1xx_HAL_Driver/Src/stm32f1xx_hal_i2c.o
 .text.HAL_RCC_OscConfig
                0x0000000008005908      0x504 ./Drivers/STM32F1xx_HAL_Driver/Src/stm32f1xx_hal_rcc.o
                0x0000000008005908                HAL_RCC_OscConfig
 .text.HAL_RCC_ClockConfig
                0x0000000008005e0c      0x1d4 ./Drivers/STM32F1xx_HAL_Driver/Src/stm32f1xx_hal_rcc.o
                0x0000000008005e0c                HAL_RCC_ClockConfig
 .text.HAL_RCC_GetSysClockFreq
                0x0000000008005fe0       0xa8 ./Drivers/STM32F1xx_HAL_Driver/Src/stm32f1xx_hal_rcc.o
                0x0000000008005fe0                HAL_RCC_GetSysClockFreq
 .text.HAL_RCC_GetHCLKFreq
                0x0000000008006088       0x14 ./Drivers/STM32F1xx_HAL_Driver/Src/stm32f1xx_hal_rcc.o
                0x0000000008006088                HAL_RCC_GetHCLKFreq
 .text.HAL_RCC_GetPCLK1Freq
                0x000000000800609c       0x28 ./Drivers/STM32F1xx_HAL_Driver/Src/stm32f1xx_hal_rcc.o
                0x000000000800609c                HAL_RCC_GetPCLK1Freq
 .text.HAL_RCC_GetPCLK2Freq
                0x00000000080060c4       0x28 ./Drivers/STM32F1xx_HAL_Driver/Src/stm32f1xx_hal_rcc.o
                0x00000000080060c4                HAL_RCC_GetPCLK2Freq
 .text.HAL_RCC_GetClockConfig
                0x00000000080060ec       0x60 ./Drivers/STM32F1xx_HAL_Driver/Src/stm32f1xx_hal_rcc.o
                0x00000000080060ec                HAL_RCC_GetClockConfig
 .text.RCC_Delay
                0x000000000800614c       0x3c ./Drivers/STM32F1xx_HAL_Driver/Src/stm32f1xx_hal_rcc.o
 .text.HAL_TIM_Base_Init
                0x0000000008006188       0x9e ./Drivers/STM32F1xx_HAL_Driver/Src/stm32f1xx_hal_tim.o
                0x0000000008006188                HAL_TIM_Base_Init
 .text.HAL_TIM_Base_MspInit
                0x0000000008006226       0x12 ./Drivers/STM32F1xx_HAL_Driver/Src/stm32f1xx_hal_tim.o
                0x0000000008006226                HAL_TIM_Base_MspInit
 .text.HAL_TIM_Base_Start_IT
                0x0000000008006238       0xa4 ./Drivers/STM32F1xx_HAL_Driver/Src/stm32f1xx_hal_tim.o
                0x0000000008006238                HAL_TIM_Base_Start_IT
 .text.HAL_TIM_PWM_Init
                0x00000000080062dc       0x9e ./Drivers/STM32F1xx_HAL_Driver/Src/stm32f1xx_hal_tim.o
                0x00000000080062dc                HAL_TIM_PWM_Init
 *fill*         0x000000000800637a        0x2 
 .text.HAL_TIM_PWM_Start
                0x000000000800637c      0x144 ./Drivers/STM32F1xx_HAL_Driver/Src/stm32f1xx_hal_tim.o
                0x000000000800637c                HAL_TIM_PWM_Start
 .text.HAL_TIM_Encoder_Init
                0x00000000080064c0      0x144 ./Drivers/STM32F1xx_HAL_Driver/Src/stm32f1xx_hal_tim.o
                0x00000000080064c0                HAL_TIM_Encoder_Init
 .text.HAL_TIM_Encoder_Start
                0x0000000008006604      0x11c ./Drivers/STM32F1xx_HAL_Driver/Src/stm32f1xx_hal_tim.o
                0x0000000008006604                HAL_TIM_Encoder_Start
 .text.HAL_TIM_Encoder_Stop
                0x0000000008006720      0x12e ./Drivers/STM32F1xx_HAL_Driver/Src/stm32f1xx_hal_tim.o
                0x0000000008006720                HAL_TIM_Encoder_Stop
 .text.HAL_TIM_IRQHandler
                0x000000000800684e      0x210 ./Drivers/STM32F1xx_HAL_Driver/Src/stm32f1xx_hal_tim.o
                0x000000000800684e                HAL_TIM_IRQHandler
 *fill*         0x0000000008006a5e        0x2 
 .text.HAL_TIM_PWM_ConfigChannel
                0x0000000008006a60      0x184 ./Drivers/STM32F1xx_HAL_Driver/Src/stm32f1xx_hal_tim.o
                0x0000000008006a60                HAL_TIM_PWM_ConfigChannel
 .text.HAL_TIM_OC_DelayElapsedCallback
                0x0000000008006be4       0x12 ./Drivers/STM32F1xx_HAL_Driver/Src/stm32f1xx_hal_tim.o
                0x0000000008006be4                HAL_TIM_OC_DelayElapsedCallback
 .text.HAL_TIM_IC_CaptureCallback
                0x0000000008006bf6       0x12 ./Drivers/STM32F1xx_HAL_Driver/Src/stm32f1xx_hal_tim.o
                0x0000000008006bf6                HAL_TIM_IC_CaptureCallback
 .text.HAL_TIM_PWM_PulseFinishedCallback
                0x0000000008006c08       0x12 ./Drivers/STM32F1xx_HAL_Driver/Src/stm32f1xx_hal_tim.o
                0x0000000008006c08                HAL_TIM_PWM_PulseFinishedCallback
 .text.HAL_TIM_TriggerCallback
                0x0000000008006c1a       0x12 ./Drivers/STM32F1xx_HAL_Driver/Src/stm32f1xx_hal_tim.o
                0x0000000008006c1a                HAL_TIM_TriggerCallback
 .text.TIM_Base_SetConfig
                0x0000000008006c2c       0xc4 ./Drivers/STM32F1xx_HAL_Driver/Src/stm32f1xx_hal_tim.o
                0x0000000008006c2c                TIM_Base_SetConfig
 .text.TIM_OC1_SetConfig
                0x0000000008006cf0       0xcc ./Drivers/STM32F1xx_HAL_Driver/Src/stm32f1xx_hal_tim.o
 .text.TIM_OC2_SetConfig
                0x0000000008006dbc       0xd4 ./Drivers/STM32F1xx_HAL_Driver/Src/stm32f1xx_hal_tim.o
                0x0000000008006dbc                TIM_OC2_SetConfig
 .text.TIM_OC3_SetConfig
                0x0000000008006e90       0xd4 ./Drivers/STM32F1xx_HAL_Driver/Src/stm32f1xx_hal_tim.o
 .text.TIM_OC4_SetConfig
                0x0000000008006f64       0x9c ./Drivers/STM32F1xx_HAL_Driver/Src/stm32f1xx_hal_tim.o
 .text.TIM_CCxChannelCmd
                0x0000000008007000       0x48 ./Drivers/STM32F1xx_HAL_Driver/Src/stm32f1xx_hal_tim.o
                0x0000000008007000                TIM_CCxChannelCmd
 .text.HAL_TIMEx_MasterConfigSynchronization
                0x0000000008007048       0xbc ./Drivers/STM32F1xx_HAL_Driver/Src/stm32f1xx_hal_tim_ex.o
                0x0000000008007048                HAL_TIMEx_MasterConfigSynchronization
 .text.HAL_TIMEx_CommutCallback
                0x0000000008007104       0x12 ./Drivers/STM32F1xx_HAL_Driver/Src/stm32f1xx_hal_tim_ex.o
                0x0000000008007104                HAL_TIMEx_CommutCallback
 .text.HAL_TIMEx_BreakCallback
                0x0000000008007116       0x12 ./Drivers/STM32F1xx_HAL_Driver/Src/stm32f1xx_hal_tim_ex.o
                0x0000000008007116                HAL_TIMEx_BreakCallback
 .text.HAL_UART_Init
                0x0000000008007128       0xa0 ./Drivers/STM32F1xx_HAL_Driver/Src/stm32f1xx_hal_uart.o
                0x0000000008007128                HAL_UART_Init
 .text.HAL_UART_Transmit
                0x00000000080071c8      0x106 ./Drivers/STM32F1xx_HAL_Driver/Src/stm32f1xx_hal_uart.o
                0x00000000080071c8                HAL_UART_Transmit
 .text.UART_WaitOnFlagUntilTimeout
                0x00000000080072ce       0xdc ./Drivers/STM32F1xx_HAL_Driver/Src/stm32f1xx_hal_uart.o
 *fill*         0x00000000080073aa        0x2 
 .text.UART_SetConfig
                0x00000000080073ac      0x11c ./Drivers/STM32F1xx_HAL_Driver/Src/stm32f1xx_hal_uart.o
 .text.osKernelInitialize
                0x00000000080074c8       0x64 ./Middlewares/Third_Party/FreeRTOS/Source/CMSIS_RTOS_V2/cmsis_os2.o
                0x00000000080074c8                osKernelInitialize
 .text.osKernelStart
                0x000000000800752c       0x68 ./Middlewares/Third_Party/FreeRTOS/Source/CMSIS_RTOS_V2/cmsis_os2.o
                0x000000000800752c                osKernelStart
 .text.osKernelGetTickCount
                0x0000000008007594       0x50 ./Middlewares/Third_Party/FreeRTOS/Source/CMSIS_RTOS_V2/cmsis_os2.o
                0x0000000008007594                osKernelGetTickCount
 .text.osThreadNew
                0x00000000080075e4      0x154 ./Middlewares/Third_Party/FreeRTOS/Source/CMSIS_RTOS_V2/cmsis_os2.o
                0x00000000080075e4                osThreadNew
 .text.osThreadSetPriority
                0x0000000008007738       0x78 ./Middlewares/Third_Party/FreeRTOS/Source/CMSIS_RTOS_V2/cmsis_os2.o
                0x0000000008007738                osThreadSetPriority
 .text.osThreadSuspend
                0x00000000080077b0       0x68 ./Middlewares/Third_Party/FreeRTOS/Source/CMSIS_RTOS_V2/cmsis_os2.o
                0x00000000080077b0                osThreadSuspend
 .text.osThreadResume
                0x0000000008007818       0x68 ./Middlewares/Third_Party/FreeRTOS/Source/CMSIS_RTOS_V2/cmsis_os2.o
                0x0000000008007818                osThreadResume
 .text.osDelay  0x0000000008007880       0x5c ./Middlewares/Third_Party/FreeRTOS/Source/CMSIS_RTOS_V2/cmsis_os2.o
                0x0000000008007880                osDelay
 .text.osEventFlagsNew
                0x00000000080078dc       0xa4 ./Middlewares/Third_Party/FreeRTOS/Source/CMSIS_RTOS_V2/cmsis_os2.o
                0x00000000080078dc                osEventFlagsNew
 .text.osEventFlagsSet
                0x0000000008007980       0xb0 ./Middlewares/Third_Party/FreeRTOS/Source/CMSIS_RTOS_V2/cmsis_os2.o
                0x0000000008007980                osEventFlagsSet
 .text.osEventFlagsClear
                0x0000000008007a30       0x88 ./Middlewares/Third_Party/FreeRTOS/Source/CMSIS_RTOS_V2/cmsis_os2.o
                0x0000000008007a30                osEventFlagsClear
 .text.osEventFlagsWait
                0x0000000008007ab8       0xec ./Middlewares/Third_Party/FreeRTOS/Source/CMSIS_RTOS_V2/cmsis_os2.o
                0x0000000008007ab8                osEventFlagsWait
 .text.osMutexNew
                0x0000000008007ba4      0x134 ./Middlewares/Third_Party/FreeRTOS/Source/CMSIS_RTOS_V2/cmsis_os2.o
                0x0000000008007ba4                osMutexNew
 .text.osMutexAcquire
                0x0000000008007cd8       0xbc ./Middlewares/Third_Party/FreeRTOS/Source/CMSIS_RTOS_V2/cmsis_os2.o
                0x0000000008007cd8                osMutexAcquire
 .text.osMutexRelease
                0x0000000008007d94       0xa0 ./Middlewares/Third_Party/FreeRTOS/Source/CMSIS_RTOS_V2/cmsis_os2.o
                0x0000000008007d94                osMutexRelease
 .text.osSemaphoreNew
                0x0000000008007e34      0x138 ./Middlewares/Third_Party/FreeRTOS/Source/CMSIS_RTOS_V2/cmsis_os2.o
                0x0000000008007e34                osSemaphoreNew
 .text.osSemaphoreAcquire
                0x0000000008007f6c       0xcc ./Middlewares/Third_Party/FreeRTOS/Source/CMSIS_RTOS_V2/cmsis_os2.o
                0x0000000008007f6c                osSemaphoreAcquire
 .text.osSemaphoreRelease
                0x0000000008008038       0xb0 ./Middlewares/Third_Party/FreeRTOS/Source/CMSIS_RTOS_V2/cmsis_os2.o
                0x0000000008008038                osSemaphoreRelease
 .text.vApplicationGetIdleTaskMemory
                0x00000000080080e8       0x30 ./Middlewares/Third_Party/FreeRTOS/Source/CMSIS_RTOS_V2/cmsis_os2.o
                0x00000000080080e8                vApplicationGetIdleTaskMemory
 .text.vApplicationGetTimerTaskMemory
                0x0000000008008118       0x30 ./Middlewares/Third_Party/FreeRTOS/Source/CMSIS_RTOS_V2/cmsis_os2.o
                0x0000000008008118                vApplicationGetTimerTaskMemory
 .text.xEventGroupCreateStatic
                0x0000000008008148       0x6e ./Middlewares/Third_Party/FreeRTOS/Source/event_groups.o
                0x0000000008008148                xEventGroupCreateStatic
 .text.xEventGroupCreate
                0x00000000080081b6       0x34 ./Middlewares/Third_Party/FreeRTOS/Source/event_groups.o
                0x00000000080081b6                xEventGroupCreate
 *fill*         0x00000000080081ea        0x2 
 .text.xEventGroupWaitBits
                0x00000000080081ec      0x19c ./Middlewares/Third_Party/FreeRTOS/Source/event_groups.o
                0x00000000080081ec                xEventGroupWaitBits
 .text.xEventGroupClearBits
                0x0000000008008388       0x70 ./Middlewares/Third_Party/FreeRTOS/Source/event_groups.o
                0x0000000008008388                xEventGroupClearBits
 .text.xEventGroupClearBitsFromISR
                0x00000000080083f8       0x28 ./Middlewares/Third_Party/FreeRTOS/Source/event_groups.o
                0x00000000080083f8                xEventGroupClearBitsFromISR
 .text.xEventGroupGetBitsFromISR
                0x0000000008008420       0x46 ./Middlewares/Third_Party/FreeRTOS/Source/event_groups.o
                0x0000000008008420                xEventGroupGetBitsFromISR
 .text.xEventGroupSetBits
                0x0000000008008466      0x116 ./Middlewares/Third_Party/FreeRTOS/Source/event_groups.o
                0x0000000008008466                xEventGroupSetBits
 .text.vEventGroupSetBitsCallback
                0x000000000800857c       0x1a ./Middlewares/Third_Party/FreeRTOS/Source/event_groups.o
                0x000000000800857c                vEventGroupSetBitsCallback
 .text.vEventGroupClearBitsCallback
                0x0000000008008596       0x1a ./Middlewares/Third_Party/FreeRTOS/Source/event_groups.o
                0x0000000008008596                vEventGroupClearBitsCallback
 .text.prvTestWaitCondition
                0x00000000080085b0       0x42 ./Middlewares/Third_Party/FreeRTOS/Source/event_groups.o
 *fill*         0x00000000080085f2        0x2 
 .text.xEventGroupSetBitsFromISR
                0x00000000080085f4       0x28 ./Middlewares/Third_Party/FreeRTOS/Source/event_groups.o
                0x00000000080085f4                xEventGroupSetBitsFromISR
 .text.vListInitialise
                0x000000000800861c       0x3e ./Middlewares/Third_Party/FreeRTOS/Source/list.o
                0x000000000800861c                vListInitialise
 .text.vListInitialiseItem
                0x000000000800865a       0x18 ./Middlewares/Third_Party/FreeRTOS/Source/list.o
                0x000000000800865a                vListInitialiseItem
 .text.vListInsertEnd
                0x0000000008008672       0x46 ./Middlewares/Third_Party/FreeRTOS/Source/list.o
                0x0000000008008672                vListInsertEnd
 .text.vListInsert
                0x00000000080086b8       0x70 ./Middlewares/Third_Party/FreeRTOS/Source/list.o
                0x00000000080086b8                vListInsert
 .text.uxListRemove
                0x0000000008008728       0x52 ./Middlewares/Third_Party/FreeRTOS/Source/list.o
                0x0000000008008728                uxListRemove
 *fill*         0x000000000800877a        0x2 
 .text.xQueueGenericReset
                0x000000000800877c       0xd0 ./Middlewares/Third_Party/FreeRTOS/Source/queue.o
                0x000000000800877c                xQueueGenericReset
 .text.xQueueGenericCreateStatic
                0x000000000800884c       0xee ./Middlewares/Third_Party/FreeRTOS/Source/queue.o
                0x000000000800884c                xQueueGenericCreateStatic
 .text.xQueueGenericCreate
                0x000000000800893a       0x7c ./Middlewares/Third_Party/FreeRTOS/Source/queue.o
                0x000000000800893a                xQueueGenericCreate
 .text.prvInitialiseNewQueue
                0x00000000080089b6       0x46 ./Middlewares/Third_Party/FreeRTOS/Source/queue.o
 .text.prvInitialiseMutex
                0x00000000080089fc       0x34 ./Middlewares/Third_Party/FreeRTOS/Source/queue.o
 .text.xQueueCreateMutex
                0x0000000008008a30       0x30 ./Middlewares/Third_Party/FreeRTOS/Source/queue.o
                0x0000000008008a30                xQueueCreateMutex
 .text.xQueueCreateMutexStatic
                0x0000000008008a60       0x36 ./Middlewares/Third_Party/FreeRTOS/Source/queue.o
                0x0000000008008a60                xQueueCreateMutexStatic
 .text.xQueueGiveMutexRecursive
                0x0000000008008a96       0x68 ./Middlewares/Third_Party/FreeRTOS/Source/queue.o
                0x0000000008008a96                xQueueGiveMutexRecursive
 .text.xQueueTakeMutexRecursive
                0x0000000008008afe       0x6c ./Middlewares/Third_Party/FreeRTOS/Source/queue.o
                0x0000000008008afe                xQueueTakeMutexRecursive
 .text.xQueueCreateCountingSemaphoreStatic
                0x0000000008008b6a       0x6e ./Middlewares/Third_Party/FreeRTOS/Source/queue.o
                0x0000000008008b6a                xQueueCreateCountingSemaphoreStatic
 .text.xQueueCreateCountingSemaphore
                0x0000000008008bd8       0x66 ./Middlewares/Third_Party/FreeRTOS/Source/queue.o
                0x0000000008008bd8                xQueueCreateCountingSemaphore
 *fill*         0x0000000008008c3e        0x2 
 .text.xQueueGenericSend
                0x0000000008008c40      0x1fc ./Middlewares/Third_Party/FreeRTOS/Source/queue.o
                0x0000000008008c40                xQueueGenericSend
 .text.xQueueGenericSendFromISR
                0x0000000008008e3c      0x130 ./Middlewares/Third_Party/FreeRTOS/Source/queue.o
                0x0000000008008e3c                xQueueGenericSendFromISR
 .text.xQueueGiveFromISR
                0x0000000008008f6c      0x11a ./Middlewares/Third_Party/FreeRTOS/Source/queue.o
                0x0000000008008f6c                xQueueGiveFromISR
 *fill*         0x0000000008009086        0x2 
 .text.xQueueReceive
                0x0000000008009088      0x1c0 ./Middlewares/Third_Party/FreeRTOS/Source/queue.o
                0x0000000008009088                xQueueReceive
 .text.xQueueSemaphoreTake
                0x0000000008009248      0x218 ./Middlewares/Third_Party/FreeRTOS/Source/queue.o
                0x0000000008009248                xQueueSemaphoreTake
 .text.xQueueReceiveFromISR
                0x0000000008009460      0x100 ./Middlewares/Third_Party/FreeRTOS/Source/queue.o
                0x0000000008009460                xQueueReceiveFromISR
 .text.vQueueDelete
                0x0000000008009560       0x46 ./Middlewares/Third_Party/FreeRTOS/Source/queue.o
                0x0000000008009560                vQueueDelete
 .text.prvGetDisinheritPriorityAfterTimeout
                0x00000000080095a6       0x2e ./Middlewares/Third_Party/FreeRTOS/Source/queue.o
 .text.prvCopyDataToQueue
                0x00000000080095d4       0xd4 ./Middlewares/Third_Party/FreeRTOS/Source/queue.o
 .text.prvCopyDataFromQueue
                0x00000000080096a8       0x4c ./Middlewares/Third_Party/FreeRTOS/Source/queue.o
 .text.prvUnlockQueue
                0x00000000080096f4       0xa4 ./Middlewares/Third_Party/FreeRTOS/Source/queue.o
 .text.prvIsQueueEmpty
                0x0000000008009798       0x2c ./Middlewares/Third_Party/FreeRTOS/Source/queue.o
 .text.prvIsQueueFull
                0x00000000080097c4       0x30 ./Middlewares/Third_Party/FreeRTOS/Source/queue.o
 .text.vQueueAddToRegistry
                0x00000000080097f4       0x50 ./Middlewares/Third_Party/FreeRTOS/Source/queue.o
                0x00000000080097f4                vQueueAddToRegistry
 .text.vQueueUnregisterQueue
                0x0000000008009844       0x54 ./Middlewares/Third_Party/FreeRTOS/Source/queue.o
                0x0000000008009844                vQueueUnregisterQueue
 .text.vQueueWaitForMessageRestricted
                0x0000000008009898       0x68 ./Middlewares/Third_Party/FreeRTOS/Source/queue.o
                0x0000000008009898                vQueueWaitForMessageRestricted
 .text.xTaskCreateStatic
                0x0000000008009900       0xb8 ./Middlewares/Third_Party/FreeRTOS/Source/tasks.o
                0x0000000008009900                xTaskCreateStatic
 .text.xTaskCreate
                0x00000000080099b8       0x8a ./Middlewares/Third_Party/FreeRTOS/Source/tasks.o
                0x00000000080099b8                xTaskCreate
 *fill*         0x0000000008009a42        0x2 
 .text.prvInitialiseNewTask
                0x0000000008009a44      0x13c ./Middlewares/Third_Party/FreeRTOS/Source/tasks.o
 .text.prvAddNewTaskToReadyList
                0x0000000008009b80       0xe0 ./Middlewares/Third_Party/FreeRTOS/Source/tasks.o
 .text.vTaskDelay
                0x0000000008009c60       0x68 ./Middlewares/Third_Party/FreeRTOS/Source/tasks.o
                0x0000000008009c60                vTaskDelay
 .text.vTaskPrioritySet
                0x0000000008009cc8      0x144 ./Middlewares/Third_Party/FreeRTOS/Source/tasks.o
                0x0000000008009cc8                vTaskPrioritySet
 .text.vTaskSuspend
                0x0000000008009e0c       0xec ./Middlewares/Third_Party/FreeRTOS/Source/tasks.o
                0x0000000008009e0c                vTaskSuspend
 .text.prvTaskIsTaskSuspended
                0x0000000008009ef8       0x74 ./Middlewares/Third_Party/FreeRTOS/Source/tasks.o
 .text.vTaskResume
                0x0000000008009f6c       0xbc ./Middlewares/Third_Party/FreeRTOS/Source/tasks.o
                0x0000000008009f6c                vTaskResume
 .text.vTaskStartScheduler
                0x000000000800a028       0xe0 ./Middlewares/Third_Party/FreeRTOS/Source/tasks.o
                0x000000000800a028                vTaskStartScheduler
 .text.vTaskSuspendAll
                0x000000000800a108       0x1c ./Middlewares/Third_Party/FreeRTOS/Source/tasks.o
                0x000000000800a108                vTaskSuspendAll
 .text.xTaskResumeAll
                0x000000000800a124      0x13c ./Middlewares/Third_Party/FreeRTOS/Source/tasks.o
                0x000000000800a124                xTaskResumeAll
 .text.xTaskGetTickCount
                0x000000000800a260       0x1c ./Middlewares/Third_Party/FreeRTOS/Source/tasks.o
                0x000000000800a260                xTaskGetTickCount
 .text.xTaskGetTickCountFromISR
                0x000000000800a27c       0x24 ./Middlewares/Third_Party/FreeRTOS/Source/tasks.o
                0x000000000800a27c                xTaskGetTickCountFromISR
 .text.xTaskIncrementTick
                0x000000000800a2a0      0x17c ./Middlewares/Third_Party/FreeRTOS/Source/tasks.o
                0x000000000800a2a0                xTaskIncrementTick
 .text.vTaskSwitchContext
                0x000000000800a41c       0xc8 ./Middlewares/Third_Party/FreeRTOS/Source/tasks.o
                0x000000000800a41c                vTaskSwitchContext
 .text.vTaskPlaceOnEventList
                0x000000000800a4e4       0x48 ./Middlewares/Third_Party/FreeRTOS/Source/tasks.o
                0x000000000800a4e4                vTaskPlaceOnEventList
 .text.vTaskPlaceOnUnorderedEventList
                0x000000000800a52c       0x78 ./Middlewares/Third_Party/FreeRTOS/Source/tasks.o
                0x000000000800a52c                vTaskPlaceOnUnorderedEventList
 .text.vTaskPlaceOnEventListRestricted
                0x000000000800a5a4       0x58 ./Middlewares/Third_Party/FreeRTOS/Source/tasks.o
                0x000000000800a5a4                vTaskPlaceOnEventListRestricted
 .text.xTaskRemoveFromEventList
                0x000000000800a5fc       0xc8 ./Middlewares/Third_Party/FreeRTOS/Source/tasks.o
                0x000000000800a5fc                xTaskRemoveFromEventList
 .text.vTaskRemoveFromUnorderedEventList
                0x000000000800a6c4       0xc4 ./Middlewares/Third_Party/FreeRTOS/Source/tasks.o
                0x000000000800a6c4                vTaskRemoveFromUnorderedEventList
 .text.vTaskInternalSetTimeOutState
                0x000000000800a788       0x2c ./Middlewares/Third_Party/FreeRTOS/Source/tasks.o
                0x000000000800a788                vTaskInternalSetTimeOutState
 .text.xTaskCheckForTimeOut
                0x000000000800a7b4       0xc4 ./Middlewares/Third_Party/FreeRTOS/Source/tasks.o
                0x000000000800a7b4                xTaskCheckForTimeOut
 .text.vTaskMissedYield
                0x000000000800a878       0x18 ./Middlewares/Third_Party/FreeRTOS/Source/tasks.o
                0x000000000800a878                vTaskMissedYield
 .text.prvIdleTask
                0x000000000800a890       0x30 ./Middlewares/Third_Party/FreeRTOS/Source/tasks.o
 .text.prvInitialiseTaskLists
                0x000000000800a8c0       0x80 ./Middlewares/Third_Party/FreeRTOS/Source/tasks.o
 .text.prvCheckTasksWaitingTermination
                0x000000000800a940       0x5c ./Middlewares/Third_Party/FreeRTOS/Source/tasks.o
 .text.prvDeleteTCB
                0x000000000800a99c       0x68 ./Middlewares/Third_Party/FreeRTOS/Source/tasks.o
 .text.prvResetNextTaskUnblockTime
                0x000000000800aa04       0x48 ./Middlewares/Third_Party/FreeRTOS/Source/tasks.o
 .text.xTaskGetCurrentTaskHandle
                0x000000000800aa4c       0x1c ./Middlewares/Third_Party/FreeRTOS/Source/tasks.o
                0x000000000800aa4c                xTaskGetCurrentTaskHandle
 .text.xTaskGetSchedulerState
                0x000000000800aa68       0x3c ./Middlewares/Third_Party/FreeRTOS/Source/tasks.o
                0x000000000800aa68                xTaskGetSchedulerState
 .text.xTaskPriorityInherit
                0x000000000800aaa4       0xdc ./Middlewares/Third_Party/FreeRTOS/Source/tasks.o
                0x000000000800aaa4                xTaskPriorityInherit
 .text.xTaskPriorityDisinherit
                0x000000000800ab80       0xdc ./Middlewares/Third_Party/FreeRTOS/Source/tasks.o
                0x000000000800ab80                xTaskPriorityDisinherit
 .text.vTaskPriorityDisinheritAfterTimeout
                0x000000000800ac5c      0x10c ./Middlewares/Third_Party/FreeRTOS/Source/tasks.o
                0x000000000800ac5c                vTaskPriorityDisinheritAfterTimeout
 .text.uxTaskResetEventItemValue
                0x000000000800ad68       0x30 ./Middlewares/Third_Party/FreeRTOS/Source/tasks.o
                0x000000000800ad68                uxTaskResetEventItemValue
 .text.pvTaskIncrementMutexHeldCount
                0x000000000800ad98       0x28 ./Middlewares/Third_Party/FreeRTOS/Source/tasks.o
                0x000000000800ad98                pvTaskIncrementMutexHeldCount
 .text.prvAddCurrentTaskToDelayedList
                0x000000000800adc0       0xa8 ./Middlewares/Third_Party/FreeRTOS/Source/tasks.o
 .text.xTimerCreateTimerTask
                0x000000000800ae68       0x90 ./Middlewares/Third_Party/FreeRTOS/Source/timers.o
                0x000000000800ae68                xTimerCreateTimerTask
 .text.xTimerGenericCommand
                0x000000000800aef8       0x9c ./Middlewares/Third_Party/FreeRTOS/Source/timers.o
                0x000000000800aef8                xTimerGenericCommand
 .text.prvProcessExpiredTimer
                0x000000000800af94       0x80 ./Middlewares/Third_Party/FreeRTOS/Source/timers.o
 .text.prvTimerTask
                0x000000000800b014       0x24 ./Middlewares/Third_Party/FreeRTOS/Source/timers.o
 .text.prvProcessTimerOrBlockTask
                0x000000000800b038       0x9c ./Middlewares/Third_Party/FreeRTOS/Source/timers.o
 .text.prvGetNextExpireTime
                0x000000000800b0d4       0x48 ./Middlewares/Third_Party/FreeRTOS/Source/timers.o
 .text.prvSampleTimeNow
                0x000000000800b11c       0x40 ./Middlewares/Third_Party/FreeRTOS/Source/timers.o
 .text.prvInsertTimerInActiveList
                0x000000000800b15c       0x84 ./Middlewares/Third_Party/FreeRTOS/Source/timers.o
 .text.prvProcessReceivedCommands
                0x000000000800b1e0      0x168 ./Middlewares/Third_Party/FreeRTOS/Source/timers.o
 .text.prvSwitchTimerLists
                0x000000000800b348       0xc4 ./Middlewares/Third_Party/FreeRTOS/Source/timers.o
 .text.prvCheckForValidListAndQueue
                0x000000000800b40c       0x80 ./Middlewares/Third_Party/FreeRTOS/Source/timers.o
 .text.xTimerPendFunctionCallFromISR
                0x000000000800b48c       0x40 ./Middlewares/Third_Party/FreeRTOS/Source/timers.o
                0x000000000800b48c                xTimerPendFunctionCallFromISR
 .text.pxPortInitialiseStack
                0x000000000800b4cc       0x58 ./Middlewares/Third_Party/FreeRTOS/Source/portable/GCC/ARM_CM3/port.o
                0x000000000800b4cc                pxPortInitialiseStack
 .text.prvTaskExitError
                0x000000000800b524       0x58 ./Middlewares/Third_Party/FreeRTOS/Source/portable/GCC/ARM_CM3/port.o
 *fill*         0x000000000800b57c        0x4 
 .text.SVC_Handler
                0x000000000800b580       0x28 ./Middlewares/Third_Party/FreeRTOS/Source/portable/GCC/ARM_CM3/port.o
                0x000000000800b580                SVC_Handler
 .text.prvPortStartFirstTask
                0x000000000800b5a8       0x20 ./Middlewares/Third_Party/FreeRTOS/Source/portable/GCC/ARM_CM3/port.o
 .text.xPortStartScheduler
                0x000000000800b5c8       0xe4 ./Middlewares/Third_Party/FreeRTOS/Source/portable/GCC/ARM_CM3/port.o
                0x000000000800b5c8                xPortStartScheduler
 .text.vPortEnterCritical
                0x000000000800b6ac       0x60 ./Middlewares/Third_Party/FreeRTOS/Source/portable/GCC/ARM_CM3/port.o
                0x000000000800b6ac                vPortEnterCritical
 .text.vPortExitCritical
                0x000000000800b70c       0x50 ./Middlewares/Third_Party/FreeRTOS/Source/portable/GCC/ARM_CM3/port.o
                0x000000000800b70c                vPortExitCritical
 *fill*         0x000000000800b75c        0x4 
 .text.PendSV_Handler
                0x000000000800b760       0x48 ./Middlewares/Third_Party/FreeRTOS/Source/portable/GCC/ARM_CM3/port.o
                0x000000000800b760                PendSV_Handler
 .text.SysTick_Handler
                0x000000000800b7a8       0x44 ./Middlewares/Third_Party/FreeRTOS/Source/portable/GCC/ARM_CM3/port.o
                0x000000000800b7a8                SysTick_Handler
 .text.vPortSetupTimerInterrupt
                0x000000000800b7ec       0x44 ./Middlewares/Third_Party/FreeRTOS/Source/portable/GCC/ARM_CM3/port.o
                0x000000000800b7ec                vPortSetupTimerInterrupt
 .text.vPortValidateInterruptPriority
                0x000000000800b830       0x7c ./Middlewares/Third_Party/FreeRTOS/Source/portable/GCC/ARM_CM3/port.o
                0x000000000800b830                vPortValidateInterruptPriority
 .text.pvPortMalloc
                0x000000000800b8ac      0x188 ./Middlewares/Third_Party/FreeRTOS/Source/portable/MemMang/heap_4.o
                0x000000000800b8ac                pvPortMalloc
 .text.vPortFree
                0x000000000800ba34       0xb4 ./Middlewares/Third_Party/FreeRTOS/Source/portable/MemMang/heap_4.o
                0x000000000800ba34                vPortFree
 .text.prvHeapInit
                0x000000000800bae8       0xc4 ./Middlewares/Third_Party/FreeRTOS/Source/portable/MemMang/heap_4.o
 .text.prvInsertBlockIntoFreeList
                0x000000000800bbac       0xb0 ./Middlewares/Third_Party/FreeRTOS/Source/portable/MemMang/heap_4.o
 .text.Encoder_Thread
                0x000000000800bc5c       0x54 ./STM32-Hardware-Driver/Encoder/Encoder.o
                0x000000000800bc5c                Encoder_Thread
 .text.Encoder_Init
                0x000000000800bcb0       0x58 ./STM32-Hardware-Driver/Encoder/Encoder.o
                0x000000000800bcb0                Encoder_Init
 .text.Encoder_Start
                0x000000000800bd08       0x38 ./STM32-Hardware-Driver/Encoder/Encoder.o
                0x000000000800bd08                Encoder_Start
 .text.Encoder_GetCount
                0x000000000800bd40       0x2e ./STM32-Hardware-Driver/Encoder/Encoder.o
                0x000000000800bd40                Encoder_GetCount
 .text.Encoder_Run
                0x000000000800bd6e       0xb4 ./STM32-Hardware-Driver/Encoder/Encoder.o
                0x000000000800bd6e                Encoder_Run
 *fill*         0x000000000800be22        0x2 
 .text.Encoder_GetSpeed_PPS
                0x000000000800be24       0x3c ./STM32-Hardware-Driver/Encoder/Encoder.o
                0x000000000800be24                Encoder_GetSpeed_PPS
 .text.Encoder_GetSpeed_MPS
                0x000000000800be60       0x2e ./STM32-Hardware-Driver/Encoder/Encoder.o
                0x000000000800be60                Encoder_GetSpeed_MPS
 *fill*         0x000000000800be8e        0x2 
 .text.Engine_ConfigTimer
                0x000000000800be90       0x58 ./STM32-Hardware-Driver/EngineControl/EngineControl.o
                0x000000000800be90                Engine_ConfigTimer
 .text.Engine_ConfigControlPin
                0x000000000800bee8       0x4e ./STM32-Hardware-Driver/EngineControl/EngineControl.o
                0x000000000800bee8                Engine_ConfigControlPin
 .text.Engine_Init
                0x000000000800bf36       0x30 ./STM32-Hardware-Driver/EngineControl/EngineControl.o
                0x000000000800bf36                Engine_Init
 .text.Engine_SetSpeed
                0x000000000800bf66      0x17a ./STM32-Hardware-Driver/EngineControl/EngineControl.o
                0x000000000800bf66                Engine_SetSpeed
 .text.Engine_Brake
                0x000000000800c0e0       0xa4 ./STM32-Hardware-Driver/EngineControl/EngineControl.o
                0x000000000800c0e0                Engine_Brake
 .text.Engine_inRange
                0x000000000800c184       0x36 ./STM32-Hardware-Driver/EngineControl/EngineControl.o
                0x000000000800c184                Engine_inRange
 .text.Write16  0x000000000800c1ba       0x4e ./STM32-Hardware-Driver/INA219/INA219.o
                0x000000000800c1ba                Write16
 .text.INA219_Reset
                0x000000000800c208       0x22 ./STM32-Hardware-Driver/INA219/INA219.o
                0x000000000800c208                INA219_Reset
 .text.INA219_setCalibration
                0x000000000800c22a       0x20 ./STM32-Hardware-Driver/INA219/INA219.o
                0x000000000800c22a                INA219_setCalibration
 .text.INA219_setConfig
                0x000000000800c24a       0x20 ./STM32-Hardware-Driver/INA219/INA219.o
                0x000000000800c24a                INA219_setConfig
 *fill*         0x000000000800c26a        0x2 
 .text.INA219_setCalibration_32V_2A
                0x000000000800c26c       0x48 ./STM32-Hardware-Driver/INA219/INA219.o
                0x000000000800c26c                INA219_setCalibration_32V_2A
 .text.INA219_Init
                0x000000000800c2b4       0x60 ./STM32-Hardware-Driver/INA219/INA219.o
                0x000000000800c2b4                INA219_Init
 .text.SpeedController_RunTh
                0x000000000800c314       0x4c ./STM32-Hardware-Driver/MotorController/SpeedController.o
                0x000000000800c314                SpeedController_RunTh
 .text.SpeedController_Init
                0x000000000800c360       0x54 ./STM32-Hardware-Driver/MotorController/SpeedController.o
                0x000000000800c360                SpeedController_Init
 .text.SpeedController_Start
                0x000000000800c3b4       0x42 ./STM32-Hardware-Driver/MotorController/SpeedController.o
                0x000000000800c3b4                SpeedController_Start
 .text.SpeedController_Run
                0x000000000800c3f6      0x184 ./STM32-Hardware-Driver/MotorController/SpeedController.o
                0x000000000800c3f6                SpeedController_Run
 .text.SpeedController_ClearErr
                0x000000000800c57a       0x22 ./STM32-Hardware-Driver/MotorController/SpeedController.o
                0x000000000800c57a                SpeedController_ClearErr
 .text.SpeedController_SetSpeed
                0x000000000800c59c       0x32 ./STM32-Hardware-Driver/MotorController/SpeedController.o
                0x000000000800c59c                SpeedController_SetSpeed
 .text.SpeedController_GetSpeed
                0x000000000800c5ce       0x2a ./STM32-Hardware-Driver/MotorController/SpeedController.o
                0x000000000800c5ce                SpeedController_GetSpeed
 .text.SpeedController_SetTunings
                0x000000000800c5f8       0x2e ./STM32-Hardware-Driver/MotorController/SpeedController.o
                0x000000000800c5f8                SpeedController_SetTunings
 .text.CANFrame_ClearRcvInfo
                0x000000000800c626       0x1a ./STM32_RTOS_PeripheralDriver/CANFrame/canframe.o
 .text.CANFrame_ProcessData
                0x000000000800c640      0x2b4 ./STM32_RTOS_PeripheralDriver/CANFrame/canframe.o
 .text.CANFrame_RcvTask
                0x000000000800c8f4       0xf4 ./STM32_RTOS_PeripheralDriver/CANFrame/canframe.o
                0x000000000800c8f4                CANFrame_RcvTask
 .text.CANFrame_Init
                0x000000000800c9e8       0x7c ./STM32_RTOS_PeripheralDriver/CANFrame/canframe.o
                0x000000000800c9e8                CANFrame_Init
 .text.CANFrame_RegCB
                0x000000000800ca64       0x2c ./STM32_RTOS_PeripheralDriver/CANFrame/canframe.o
                0x000000000800ca64                CANFrame_RegCB
 .text.CANFrame_FilterConfig
                0x000000000800ca90       0x70 ./STM32_RTOS_PeripheralDriver/CANFrame/canframe.o
                0x000000000800ca90                CANFrame_FilterConfig
 .text.CAN_OS_Init
                0x000000000800cb00       0x4c ./STM32_RTOS_PeripheralDriver/CANHandler/CANHandler.o
                0x000000000800cb00                CAN_OS_Init
 .text.CAN_OS_ConfigFilter
                0x000000000800cb4c       0x30 ./STM32_RTOS_PeripheralDriver/CANHandler/CANHandler.o
                0x000000000800cb4c                CAN_OS_ConfigFilter
 .text.CAN_OS_Start
                0x000000000800cb7c       0x1c ./STM32_RTOS_PeripheralDriver/CANHandler/CANHandler.o
                0x000000000800cb7c                CAN_OS_Start
 .text.CAN_OS_ListenMsg
                0x000000000800cb98       0x84 ./STM32_RTOS_PeripheralDriver/CANHandler/CANHandler.o
                0x000000000800cb98                CAN_OS_ListenMsg
 .text.CAN_OS_GetRxFifoFillLevel
                0x000000000800cc1c       0x2a ./STM32_RTOS_PeripheralDriver/CANHandler/CANHandler.o
                0x000000000800cc1c                CAN_OS_GetRxFifoFillLevel
 .text.CAN_OS_GetRxMessage
                0x000000000800cc46       0x36 ./STM32_RTOS_PeripheralDriver/CANHandler/CANHandler.o
                0x000000000800cc46                CAN_OS_GetRxMessage
 .text.CAN_OS_RxFifo0Cplt_CB
                0x000000000800cc7c       0x30 ./STM32_RTOS_PeripheralDriver/CANHandler/CANHandler.o
                0x000000000800cc7c                CAN_OS_RxFifo0Cplt_CB
 .text.CAN_OS_TxCplt_CB
                0x000000000800ccac       0x1a ./STM32_RTOS_PeripheralDriver/CANHandler/CANHandler.o
                0x000000000800ccac                CAN_OS_TxCplt_CB
 .text.CAN_OS_RegisterCB
                0x000000000800ccc6       0xa8 ./STM32_RTOS_PeripheralDriver/CANHandler/CANHandler.o
                0x000000000800ccc6                CAN_OS_RegisterCB
 .text.GPIO_TogglePin
                0x000000000800cd6e       0x20 ./STM32_RTOS_PeripheralDriver/GPIO/GPIOHandler.o
                0x000000000800cd6e                GPIO_TogglePin
 .text.GPIO_WritePin
                0x000000000800cd8e       0x26 ./STM32_RTOS_PeripheralDriver/GPIO/GPIOHandler.o
                0x000000000800cd8e                GPIO_WritePin
 .text.I2C_OS_Init
                0x000000000800cdb4       0x36 ./STM32_RTOS_PeripheralDriver/I2CHandler/I2C_Handler.o
                0x000000000800cdb4                I2C_OS_Init
 .text.I2C_OS_MEM_Write_IT
                0x000000000800cdea       0xa2 ./STM32_RTOS_PeripheralDriver/I2CHandler/I2C_Handler.o
                0x000000000800cdea                I2C_OS_MEM_Write_IT
 .text.I2C_OS_IsDeviceReady
                0x000000000800ce8c       0x64 ./STM32_RTOS_PeripheralDriver/I2CHandler/I2C_Handler.o
                0x000000000800ce8c                I2C_OS_IsDeviceReady
 .text.I2C_OS_MEM_RxCpltCB
                0x000000000800cef0       0x1c ./STM32_RTOS_PeripheralDriver/I2CHandler/I2C_Handler.o
                0x000000000800cef0                I2C_OS_MEM_RxCpltCB
 .text.I2C_OS_MEM_TxCpltCB
                0x000000000800cf0c       0x1c ./STM32_RTOS_PeripheralDriver/I2CHandler/I2C_Handler.o
                0x000000000800cf0c                I2C_OS_MEM_TxCpltCB
 .text.SyncPrintf_Init
                0x000000000800cf28       0x1c ./STM32_RTOS_PeripheralDriver/SyncPrintf/SyncPrintf.o
                0x000000000800cf28                SyncPrintf_Init
 .text.SyncPrintf
                0x000000000800cf44       0x88 ./STM32_RTOS_PeripheralDriver/SyncPrintf/SyncPrintf.o
                0x000000000800cf44                SyncPrintf
 .text.DataPack_Split
                0x000000000800cfcc       0x78 ./UtilitySmallFunction/DataProcess/DataProcess.o
                0x000000000800cfcc                DataPack_Split
 .text.DataPack_GetSpeed
                0x000000000800d044       0x20 ./UtilitySmallFunction/DataProcess/DataProcess.o
                0x000000000800d044                DataPack_GetSpeed
 .text.StrToFloat
                0x000000000800d064       0xfc ./UtilitySmallFunction/Utility/Utility.o
                0x000000000800d064                StrToFloat
 .text.atoi     0x000000000800d160        0x8 C:/ST/STM32CubeIDE_1.13.2/STM32CubeIDE/plugins/com.st.stm32cube.ide.mcu.externaltools.gnu-tools-for-stm32.11.3.rel1.win32_1.1.1.202309131626/tools/bin/../lib/gcc/arm-none-eabi/11.3.1/../../../../arm-none-eabi/lib/thumb/v7-m/nofp\libc_nano.a(libc_a-atoi.o)
                0x000000000800d160                atoi
 .text.malloc   0x000000000800d168       0x10 C:/ST/STM32CubeIDE_1.13.2/STM32CubeIDE/plugins/com.st.stm32cube.ide.mcu.externaltools.gnu-tools-for-stm32.11.3.rel1.win32_1.1.1.202309131626/tools/bin/../lib/gcc/arm-none-eabi/11.3.1/../../../../arm-none-eabi/lib/thumb/v7-m/nofp\libc_nano.a(libc_a-malloc.o)
                0x000000000800d168                malloc
 .text.sbrk_aligned
                0x000000000800d178       0x40 C:/ST/STM32CubeIDE_1.13.2/STM32CubeIDE/plugins/com.st.stm32cube.ide.mcu.externaltools.gnu-tools-for-stm32.11.3.rel1.win32_1.1.1.202309131626/tools/bin/../lib/gcc/arm-none-eabi/11.3.1/../../../../arm-none-eabi/lib/thumb/v7-m/nofp\libc_nano.a(libc_a-mallocr.o)
 .text._malloc_r
                0x000000000800d1b8      0x100 C:/ST/STM32CubeIDE_1.13.2/STM32CubeIDE/plugins/com.st.stm32cube.ide.mcu.externaltools.gnu-tools-for-stm32.11.3.rel1.win32_1.1.1.202309131626/tools/bin/../lib/gcc/arm-none-eabi/11.3.1/../../../../arm-none-eabi/lib/thumb/v7-m/nofp\libc_nano.a(libc_a-mallocr.o)
                0x000000000800d1b8                _malloc_r
 .text.__malloc_lock
                0x000000000800d2b8        0xc C:/ST/STM32CubeIDE_1.13.2/STM32CubeIDE/plugins/com.st.stm32cube.ide.mcu.externaltools.gnu-tools-for-stm32.11.3.rel1.win32_1.1.1.202309131626/tools/bin/../lib/gcc/arm-none-eabi/11.3.1/../../../../arm-none-eabi/lib/thumb/v7-m/nofp\libc_nano.a(libc_a-mlock.o)
                0x000000000800d2b8                __malloc_lock
 .text.__malloc_unlock
                0x000000000800d2c4        0xc C:/ST/STM32CubeIDE_1.13.2/STM32CubeIDE/plugins/com.st.stm32cube.ide.mcu.externaltools.gnu-tools-for-stm32.11.3.rel1.win32_1.1.1.202309131626/tools/bin/../lib/gcc/arm-none-eabi/11.3.1/../../../../arm-none-eabi/lib/thumb/v7-m/nofp\libc_nano.a(libc_a-mlock.o)
                0x000000000800d2c4                __malloc_unlock
 .text._strtol_l.constprop.0
                0x000000000800d2d0       0xfc C:/ST/STM32CubeIDE_1.13.2/STM32CubeIDE/plugins/com.st.stm32cube.ide.mcu.externaltools.gnu-tools-for-stm32.11.3.rel1.win32_1.1.1.202309131626/tools/bin/../lib/gcc/arm-none-eabi/11.3.1/../../../../arm-none-eabi/lib/thumb/v7-m/nofp\libc_nano.a(libc_a-strtol.o)
 .text.strtol   0x000000000800d3cc       0x14 C:/ST/STM32CubeIDE_1.13.2/STM32CubeIDE/plugins/com.st.stm32cube.ide.mcu.externaltools.gnu-tools-for-stm32.11.3.rel1.win32_1.1.1.202309131626/tools/bin/../lib/gcc/arm-none-eabi/11.3.1/../../../../arm-none-eabi/lib/thumb/v7-m/nofp\libc_nano.a(libc_a-strtol.o)
                0x000000000800d3cc                strtol
 .text.std      0x000000000800d3e0       0x6c C:/ST/STM32CubeIDE_1.13.2/STM32CubeIDE/plugins/com.st.stm32cube.ide.mcu.externaltools.gnu-tools-for-stm32.11.3.rel1.win32_1.1.1.202309131626/tools/bin/../lib/gcc/arm-none-eabi/11.3.1/../../../../arm-none-eabi/lib/thumb/v7-m/nofp\libc_nano.a(libc_a-findfp.o)
 .text.stdio_exit_handler
                0x000000000800d44c       0x18 C:/ST/STM32CubeIDE_1.13.2/STM32CubeIDE/plugins/com.st.stm32cube.ide.mcu.externaltools.gnu-tools-for-stm32.11.3.rel1.win32_1.1.1.202309131626/tools/bin/../lib/gcc/arm-none-eabi/11.3.1/../../../../arm-none-eabi/lib/thumb/v7-m/nofp\libc_nano.a(libc_a-findfp.o)
 .text.cleanup_stdio
                0x000000000800d464       0x40 C:/ST/STM32CubeIDE_1.13.2/STM32CubeIDE/plugins/com.st.stm32cube.ide.mcu.externaltools.gnu-tools-for-stm32.11.3.rel1.win32_1.1.1.202309131626/tools/bin/../lib/gcc/arm-none-eabi/11.3.1/../../../../arm-none-eabi/lib/thumb/v7-m/nofp\libc_nano.a(libc_a-findfp.o)
 .text.global_stdio_init.part.0
                0x000000000800d4a4       0x3c C:/ST/STM32CubeIDE_1.13.2/STM32CubeIDE/plugins/com.st.stm32cube.ide.mcu.externaltools.gnu-tools-for-stm32.11.3.rel1.win32_1.1.1.202309131626/tools/bin/../lib/gcc/arm-none-eabi/11.3.1/../../../../arm-none-eabi/lib/thumb/v7-m/nofp\libc_nano.a(libc_a-findfp.o)
 .text.__sfp_lock_acquire
                0x000000000800d4e0        0xc C:/ST/STM32CubeIDE_1.13.2/STM32CubeIDE/plugins/com.st.stm32cube.ide.mcu.externaltools.gnu-tools-for-stm32.11.3.rel1.win32_1.1.1.202309131626/tools/bin/../lib/gcc/arm-none-eabi/11.3.1/../../../../arm-none-eabi/lib/thumb/v7-m/nofp\libc_nano.a(libc_a-findfp.o)
                0x000000000800d4e0                __sfp_lock_acquire
 .text.__sfp_lock_release
                0x000000000800d4ec        0xc C:/ST/STM32CubeIDE_1.13.2/STM32CubeIDE/plugins/com.st.stm32cube.ide.mcu.externaltools.gnu-tools-for-stm32.11.3.rel1.win32_1.1.1.202309131626/tools/bin/../lib/gcc/arm-none-eabi/11.3.1/../../../../arm-none-eabi/lib/thumb/v7-m/nofp\libc_nano.a(libc_a-findfp.o)
                0x000000000800d4ec                __sfp_lock_release
 .text.__sinit  0x000000000800d4f8       0x30 C:/ST/STM32CubeIDE_1.13.2/STM32CubeIDE/plugins/com.st.stm32cube.ide.mcu.externaltools.gnu-tools-for-stm32.11.3.rel1.win32_1.1.1.202309131626/tools/bin/../lib/gcc/arm-none-eabi/11.3.1/../../../../arm-none-eabi/lib/thumb/v7-m/nofp\libc_nano.a(libc_a-findfp.o)
                0x000000000800d4f8                __sinit
 .text._fwalk_sglue
                0x000000000800d528       0x3c C:/ST/STM32CubeIDE_1.13.2/STM32CubeIDE/plugins/com.st.stm32cube.ide.mcu.externaltools.gnu-tools-for-stm32.11.3.rel1.win32_1.1.1.202309131626/tools/bin/../lib/gcc/arm-none-eabi/11.3.1/../../../../arm-none-eabi/lib/thumb/v7-m/nofp\libc_nano.a(libc_a-fwalk.o)
                0x000000000800d528                _fwalk_sglue
 .text.__sread  0x000000000800d564       0x22 C:/ST/STM32CubeIDE_1.13.2/STM32CubeIDE/plugins/com.st.stm32cube.ide.mcu.externaltools.gnu-tools-for-stm32.11.3.rel1.win32_1.1.1.202309131626/tools/bin/../lib/gcc/arm-none-eabi/11.3.1/../../../../arm-none-eabi/lib/thumb/v7-m/nofp\libc_nano.a(libc_a-stdio.o)
                0x000000000800d564                __sread
 .text.__swrite
                0x000000000800d586       0x38 C:/ST/STM32CubeIDE_1.13.2/STM32CubeIDE/plugins/com.st.stm32cube.ide.mcu.externaltools.gnu-tools-for-stm32.11.3.rel1.win32_1.1.1.202309131626/tools/bin/../lib/gcc/arm-none-eabi/11.3.1/../../../../arm-none-eabi/lib/thumb/v7-m/nofp\libc_nano.a(libc_a-stdio.o)
                0x000000000800d586                __swrite
 .text.__sseek  0x000000000800d5be       0x24 C:/ST/STM32CubeIDE_1.13.2/STM32CubeIDE/plugins/com.st.stm32cube.ide.mcu.externaltools.gnu-tools-for-stm32.11.3.rel1.win32_1.1.1.202309131626/tools/bin/../lib/gcc/arm-none-eabi/11.3.1/../../../../arm-none-eabi/lib/thumb/v7-m/nofp\libc_nano.a(libc_a-stdio.o)
                0x000000000800d5be                __sseek
 .text.__sclose
                0x000000000800d5e2        0x8 C:/ST/STM32CubeIDE_1.13.2/STM32CubeIDE/plugins/com.st.stm32cube.ide.mcu.externaltools.gnu-tools-for-stm32.11.3.rel1.win32_1.1.1.202309131626/tools/bin/../lib/gcc/arm-none-eabi/11.3.1/../../../../arm-none-eabi/lib/thumb/v7-m/nofp\libc_nano.a(libc_a-stdio.o)
                0x000000000800d5e2                __sclose
 .text._vasnprintf_r
                0x000000000800d5ea       0x5e C:/ST/STM32CubeIDE_1.13.2/STM32CubeIDE/plugins/com.st.stm32cube.ide.mcu.externaltools.gnu-tools-for-stm32.11.3.rel1.win32_1.1.1.202309131626/tools/bin/../lib/gcc/arm-none-eabi/11.3.1/../../../../arm-none-eabi/lib/thumb/v7-m/nofp\libc_nano.a(libc_a-vasnprintf.o)
                0x000000000800d5ea                _vasnprintf_r
                0x000000000800d5ea                _vasniprintf_r
 .text.vasnprintf
                0x000000000800d648       0x1c C:/ST/STM32CubeIDE_1.13.2/STM32CubeIDE/plugins/com.st.stm32cube.ide.mcu.externaltools.gnu-tools-for-stm32.11.3.rel1.win32_1.1.1.202309131626/tools/bin/../lib/gcc/arm-none-eabi/11.3.1/../../../../arm-none-eabi/lib/thumb/v7-m/nofp\libc_nano.a(libc_a-vasnprintf.o)
                0x000000000800d648                vasnprintf
                0x000000000800d648                vasniprintf
 .text.memset   0x000000000800d664       0x10 C:/ST/STM32CubeIDE_1.13.2/STM32CubeIDE/plugins/com.st.stm32cube.ide.mcu.externaltools.gnu-tools-for-stm32.11.3.rel1.win32_1.1.1.202309131626/tools/bin/../lib/gcc/arm-none-eabi/11.3.1/../../../../arm-none-eabi/lib/thumb/v7-m/nofp\libc_nano.a(libc_a-memset.o)
                0x000000000800d664                memset
 .text.strtok   0x000000000800d674       0x68 C:/ST/STM32CubeIDE_1.13.2/STM32CubeIDE/plugins/com.st.stm32cube.ide.mcu.externaltools.gnu-tools-for-stm32.11.3.rel1.win32_1.1.1.202309131626/tools/bin/../lib/gcc/arm-none-eabi/11.3.1/../../../../arm-none-eabi/lib/thumb/v7-m/nofp\libc_nano.a(libc_a-strtok.o)
                0x000000000800d674                strtok
 .text.__strtok_r
                0x000000000800d6dc       0x50 C:/ST/STM32CubeIDE_1.13.2/STM32CubeIDE/plugins/com.st.stm32cube.ide.mcu.externaltools.gnu-tools-for-stm32.11.3.rel1.win32_1.1.1.202309131626/tools/bin/../lib/gcc/arm-none-eabi/11.3.1/../../../../arm-none-eabi/lib/thumb/v7-m/nofp\libc_nano.a(libc_a-strtok_r.o)
                0x000000000800d6dc                __strtok_r
 .text._close_r
                0x000000000800d72c       0x20 C:/ST/STM32CubeIDE_1.13.2/STM32CubeIDE/plugins/com.st.stm32cube.ide.mcu.externaltools.gnu-tools-for-stm32.11.3.rel1.win32_1.1.1.202309131626/tools/bin/../lib/gcc/arm-none-eabi/11.3.1/../../../../arm-none-eabi/lib/thumb/v7-m/nofp\libc_nano.a(libc_a-closer.o)
                0x000000000800d72c                _close_r
 .text._reclaim_reent
                0x000000000800d74c       0xac C:/ST/STM32CubeIDE_1.13.2/STM32CubeIDE/plugins/com.st.stm32cube.ide.mcu.externaltools.gnu-tools-for-stm32.11.3.rel1.win32_1.1.1.202309131626/tools/bin/../lib/gcc/arm-none-eabi/11.3.1/../../../../arm-none-eabi/lib/thumb/v7-m/nofp\libc_nano.a(libc_a-reent.o)
                0x000000000800d74c                _reclaim_reent
 .text._lseek_r
                0x000000000800d7f8       0x24 C:/ST/STM32CubeIDE_1.13.2/STM32CubeIDE/plugins/com.st.stm32cube.ide.mcu.externaltools.gnu-tools-for-stm32.11.3.rel1.win32_1.1.1.202309131626/tools/bin/../lib/gcc/arm-none-eabi/11.3.1/../../../../arm-none-eabi/lib/thumb/v7-m/nofp\libc_nano.a(libc_a-lseekr.o)
                0x000000000800d7f8                _lseek_r
 .text._read_r  0x000000000800d81c       0x24 C:/ST/STM32CubeIDE_1.13.2/STM32CubeIDE/plugins/com.st.stm32cube.ide.mcu.externaltools.gnu-tools-for-stm32.11.3.rel1.win32_1.1.1.202309131626/tools/bin/../lib/gcc/arm-none-eabi/11.3.1/../../../../arm-none-eabi/lib/thumb/v7-m/nofp\libc_nano.a(libc_a-readr.o)
                0x000000000800d81c                _read_r
 .text._sbrk_r  0x000000000800d840       0x20 C:/ST/STM32CubeIDE_1.13.2/STM32CubeIDE/plugins/com.st.stm32cube.ide.mcu.externaltools.gnu-tools-for-stm32.11.3.rel1.win32_1.1.1.202309131626/tools/bin/../lib/gcc/arm-none-eabi/11.3.1/../../../../arm-none-eabi/lib/thumb/v7-m/nofp\libc_nano.a(libc_a-sbrkr.o)
                0x000000000800d840                _sbrk_r
 .text._write_r
                0x000000000800d860       0x24 C:/ST/STM32CubeIDE_1.13.2/STM32CubeIDE/plugins/com.st.stm32cube.ide.mcu.externaltools.gnu-tools-for-stm32.11.3.rel1.win32_1.1.1.202309131626/tools/bin/../lib/gcc/arm-none-eabi/11.3.1/../../../../arm-none-eabi/lib/thumb/v7-m/nofp\libc_nano.a(libc_a-writer.o)
                0x000000000800d860                _write_r
 .text.__errno  0x000000000800d884        0xc C:/ST/STM32CubeIDE_1.13.2/STM32CubeIDE/plugins/com.st.stm32cube.ide.mcu.externaltools.gnu-tools-for-stm32.11.3.rel1.win32_1.1.1.202309131626/tools/bin/../lib/gcc/arm-none-eabi/11.3.1/../../../../arm-none-eabi/lib/thumb/v7-m/nofp\libc_nano.a(libc_a-errno.o)
                0x000000000800d884                __errno
 .text.__libc_init_array
                0x000000000800d890       0x48 C:/ST/STM32CubeIDE_1.13.2/STM32CubeIDE/plugins/com.st.stm32cube.ide.mcu.externaltools.gnu-tools-for-stm32.11.3.rel1.win32_1.1.1.202309131626/tools/bin/../lib/gcc/arm-none-eabi/11.3.1/../../../../arm-none-eabi/lib/thumb/v7-m/nofp\libc_nano.a(libc_a-init.o)
                0x000000000800d890                __libc_init_array
 .text.strcpy   0x000000000800d8d8       0x10 C:/ST/STM32CubeIDE_1.13.2/STM32CubeIDE/plugins/com.st.stm32cube.ide.mcu.externaltools.gnu-tools-for-stm32.11.3.rel1.win32_1.1.1.202309131626/tools/bin/../lib/gcc/arm-none-eabi/11.3.1/../../../../arm-none-eabi/lib/thumb/v7-m/nofp\libc_nano.a(libc_a-strcpy.o)
                0x000000000800d8d8                strcpy
 .text.memcpy   0x000000000800d8e8       0x1c C:/ST/STM32CubeIDE_1.13.2/STM32CubeIDE/plugins/com.st.stm32cube.ide.mcu.externaltools.gnu-tools-for-stm32.11.3.rel1.win32_1.1.1.202309131626/tools/bin/../lib/gcc/arm-none-eabi/11.3.1/../../../../arm-none-eabi/lib/thumb/v7-m/nofp\libc_nano.a(libc_a-memcpy-stub.o)
                0x000000000800d8e8                memcpy
 .text.__assert_func
                0x000000000800d904       0x3c C:/ST/STM32CubeIDE_1.13.2/STM32CubeIDE/plugins/com.st.stm32cube.ide.mcu.externaltools.gnu-tools-for-stm32.11.3.rel1.win32_1.1.1.202309131626/tools/bin/../lib/gcc/arm-none-eabi/11.3.1/../../../../arm-none-eabi/lib/thumb/v7-m/nofp\libc_nano.a(libc_a-assert.o)
                0x000000000800d904                __assert_func
 .text._free_r  0x000000000800d940       0x90 C:/ST/STM32CubeIDE_1.13.2/STM32CubeIDE/plugins/com.st.stm32cube.ide.mcu.externaltools.gnu-tools-for-stm32.11.3.rel1.win32_1.1.1.202309131626/tools/bin/../lib/gcc/arm-none-eabi/11.3.1/../../../../arm-none-eabi/lib/thumb/v7-m/nofp\libc_nano.a(libc_a-freer.o)
                0x000000000800d940                _free_r
 .text.__ssputs_r
                0x000000000800d9d0       0xb4 C:/ST/STM32CubeIDE_1.13.2/STM32CubeIDE/plugins/com.st.stm32cube.ide.mcu.externaltools.gnu-tools-for-stm32.11.3.rel1.win32_1.1.1.202309131626/tools/bin/../lib/gcc/arm-none-eabi/11.3.1/../../../../arm-none-eabi/lib/thumb/v7-m/nofp\libc_nano.a(libc_a-nano-svfprintf.o)
                0x000000000800d9d0                __ssputs_r
 .text._svfprintf_r
                0x000000000800da84      0x1fc C:/ST/STM32CubeIDE_1.13.2/STM32CubeIDE/plugins/com.st.stm32cube.ide.mcu.externaltools.gnu-tools-for-stm32.11.3.rel1.win32_1.1.1.202309131626/tools/bin/../lib/gcc/arm-none-eabi/11.3.1/../../../../arm-none-eabi/lib/thumb/v7-m/nofp\libc_nano.a(libc_a-nano-svfprintf.o)
                0x000000000800da84                _svfiprintf_r
                0x000000000800da84                _svfprintf_r
 .text._printf_common
                0x000000000800dc80       0xe4 C:/ST/STM32CubeIDE_1.13.2/STM32CubeIDE/plugins/com.st.stm32cube.ide.mcu.externaltools.gnu-tools-for-stm32.11.3.rel1.win32_1.1.1.202309131626/tools/bin/../lib/gcc/arm-none-eabi/11.3.1/../../../../arm-none-eabi/lib/thumb/v7-m/nofp\libc_nano.a(libc_a-nano-vfprintf_i.o)
                0x000000000800dc80                _printf_common
 .text._printf_i
                0x000000000800dd64      0x244 C:/ST/STM32CubeIDE_1.13.2/STM32CubeIDE/plugins/com.st.stm32cube.ide.mcu.externaltools.gnu-tools-for-stm32.11.3.rel1.win32_1.1.1.202309131626/tools/bin/../lib/gcc/arm-none-eabi/11.3.1/../../../../arm-none-eabi/lib/thumb/v7-m/nofp\libc_nano.a(libc_a-nano-vfprintf_i.o)
                0x000000000800dd64                _printf_i
 .text.__sflush_r
                0x000000000800dfa8      0x104 C:/ST/STM32CubeIDE_1.13.2/STM32CubeIDE/plugins/com.st.stm32cube.ide.mcu.externaltools.gnu-tools-for-stm32.11.3.rel1.win32_1.1.1.202309131626/tools/bin/../lib/gcc/arm-none-eabi/11.3.1/../../../../arm-none-eabi/lib/thumb/v7-m/nofp\libc_nano.a(libc_a-fflush.o)
                0x000000000800dfa8                __sflush_r
 .text._fflush_r
                0x000000000800e0ac       0x50 C:/ST/STM32CubeIDE_1.13.2/STM32CubeIDE/plugins/com.st.stm32cube.ide.mcu.externaltools.gnu-tools-for-stm32.11.3.rel1.win32_1.1.1.202309131626/tools/bin/../lib/gcc/arm-none-eabi/11.3.1/../../../../arm-none-eabi/lib/thumb/v7-m/nofp\libc_nano.a(libc_a-fflush.o)
                0x000000000800e0ac                _fflush_r
 .text.fprintf  0x000000000800e0fc       0x24 C:/ST/STM32CubeIDE_1.13.2/STM32CubeIDE/plugins/com.st.stm32cube.ide.mcu.externaltools.gnu-tools-for-stm32.11.3.rel1.win32_1.1.1.202309131626/tools/bin/../lib/gcc/arm-none-eabi/11.3.1/../../../../arm-none-eabi/lib/thumb/v7-m/nofp\libc_nano.a(libc_a-fprintf.o)
                0x000000000800e0fc                fiprintf