../STM32-Hardware-Driver/INA219/INA219.c:13:10:Read16	40	static
../STM32-Hardware-Driver/INA219/INA219.c:21:6:Write16	40	static
../STM32-Hardware-Driver/INA219/INA219.c:29:10:INA219_ReadBusVoltage	24	static
../STM32-Hardware-Driver/INA219/INA219.c:36:9:INA219_ReadCurrent_raw	24	static
../STM32-Hardware-Driver/INA219/INA219.c:43:9:INA219_ReadCurrent	24	static
../STM32-Hardware-Driver/INA219/INA219.c:50:10:INA219_ReadShuntVolage	24	static
../STM32-Hardware-Driver/INA219/INA219.c:58:9:INA219_ReadPower	24	static
../STM32-Hardware-Driver/INA219/INA219.c:64:6:INA219_Reset	16	static
../STM32-Hardware-Driver/INA219/INA219.c:70:6:INA219_setCalibration	16	static
../STM32-Hardware-Driver/INA219/INA219.c:75:10:INA219_getConfig	24	static
../STM32-Hardware-Driver/INA219/INA219.c:81:6:INA219_setConfig	16	static
../STM32-Hardware-Driver/INA219/INA219.c:88:6:INA219_setCalibration_32V_2A	24	static
../STM32-Hardware-Driver/INA219/INA219.c:108:6:INA219_setCalibration_32V_1A	24	static
../STM32-Hardware-Driver/INA219/INA219.c:126:6:INA219_setCalibration_32V_10A_5mOhm	24	static
../STM32-Hardware-Driver/INA219/INA219.c:145:6:INA219_setCalibration_32V_10A_1mOhm	24	static
../STM32-Hardware-Driver/INA219/INA219.c:163:6:INA219_setCalibration_16V_400mA	24	static
../STM32-Hardware-Driver/INA219/INA219.c:179:6:INA219_setPowerMode	24	static
../STM32-Hardware-Driver/INA219/INA219.c:206:9:INA219_Init	32	static
