../STM32_RTOS_PeripheralDriver/isotp-c/isotp.c:16:5:isotp_user_send_can	64	static
../STM32_RTOS_PeripheralDriver/isotp-c/isotp.c:31:10:isotp_user_get_ms	8	static
../STM32_RTOS_PeripheralDriver/isotp-c/isotp.c:37:6:isotp_user_debug	4	static
../STM32_RTOS_PeripheralDriver/isotp-c/isotp.c:42:16:isotp_ms_to_st_min	24	static
../STM32_RTOS_PeripheralDriver/isotp-c/isotp.c:54:16:isotp_st_min_to_ms	24	static
../STM32_RTOS_PeripheralDriver/isotp-c/isotp.c:68:12:isotp_send_flow_control	32	static
../STM32_RTOS_PeripheralDriver/isotp-c/isotp.c:95:12:isotp_send_single_frame	32	static
../STM32_RTOS_PeripheralDriver/isotp-c/isotp.c:123:12:isotp_send_first_frame	32	static
../STM32_RTOS_PeripheralDriver/isotp-c/isotp.c:149:12:isotp_send_consecutive_frame	32	static
../STM32_RTOS_PeripheralDriver/isotp-c/isotp.c:189:12:isotp_receive_single_frame	24	static
../STM32_RTOS_PeripheralDriver/isotp-c/isotp.c:206:12:isotp_receive_first_frame	32	static
../STM32_RTOS_PeripheralDriver/isotp-c/isotp.c:241:12:isotp_receive_consecutive_frame	32	static
../STM32_RTOS_PeripheralDriver/isotp-c/isotp.c:272:12:isotp_receive_flow_control_frame	24	static
../STM32_RTOS_PeripheralDriver/isotp-c/isotp.c:287:5:isotp_send	24	static
../STM32_RTOS_PeripheralDriver/isotp-c/isotp.c:291:5:isotp_send_with_id	160	static
../STM32_RTOS_PeripheralDriver/isotp-c/isotp.c:342:6:isotp_on_can_message	40	static
../STM32_RTOS_PeripheralDriver/isotp-c/isotp.c:503:5:isotp_receive	32	static
../STM32_RTOS_PeripheralDriver/isotp-c/isotp.c:524:6:isotp_init_link	24	static
../STM32_RTOS_PeripheralDriver/isotp-c/isotp.c:538:6:isotp_poll	32	static
