../STM32-Hardware-Driver/BNO055/bno055.c:12:16:BNO055_writeData	40	static
../STM32-Hardware-Driver/BNO055/bno055.c:24:16:BNO055_readData	56	static
../STM32-Hardware-Driver/BNO055/bno055.c:36:6:BNO055_Init	24	static
../STM32-Hardware-Driver/BNO055/bno055.c:45:6:BNO055_setPage	16	static
../STM32-Hardware-Driver/BNO055/bno055.c:49:17:BNO055_getOperationMode	24	static
../STM32-Hardware-Driver/BNO055/bno055.c:55:6:BNO055_setOperationMode	16	static
../STM32-Hardware-Driver/BNO055/bno055.c:64:6:BNO055_setOperationModeConfig	16	static
../STM32-Hardware-Driver/BNO055/bno055.c:68:6:BNO055_setOperationModeNDOF	16	static
../STM32-Hardware-Driver/BNO055/bno055.c:72:6:BNO055_setExternalCrystalUse	24	static
../STM32-Hardware-Driver/BNO055/bno055.c:81:6:BNO055_enableExternalCrystal	16	static
../STM32-Hardware-Driver/BNO055/bno055.c:82:6:BNO055_disableExternalCrystal	16	static
../STM32-Hardware-Driver/BNO055/bno055.c:84:6:BNO055_reset	16	static
../STM32-Hardware-Driver/BNO055/bno055.c:89:8:BNO055_getTemp	24	static
../STM32-Hardware-Driver/BNO055/bno055.c:96:6:BNO055_setup	24	static
../STM32-Hardware-Driver/BNO055/bno055.c:112:9:BNO055_getSWRevision	24	static
../STM32-Hardware-Driver/BNO055/bno055.c:119:9:BNO055_getBootloaderRevision	24	static
../STM32-Hardware-Driver/BNO055/bno055.c:126:9:BNO055_getSystemStatus	24	static
../STM32-Hardware-Driver/BNO055/bno055.c:133:27:BNO055_getSelfTestResult	32	static
../STM32-Hardware-Driver/BNO055/bno055.c:146:9:BNO055_getSystemError	24	static
../STM32-Hardware-Driver/BNO055/bno055.c:153:5:BNO055_getCalibrationState	24	static
../STM32-Hardware-Driver/BNO055/bno055.c:176:27:BNO055_getCalibrationData	72	static
../STM32-Hardware-Driver/BNO055/bno055.c:197:6:BNO055_setCalibrationData	40	static
../STM32-Hardware-Driver/BNO055/bno055.c:218:5:BNO055_getVector	40	static
../STM32-Hardware-Driver/BNO055/bno055.c:257:5:BNO055_getVectorAccelerometer	16	static
../STM32-Hardware-Driver/BNO055/bno055.c:260:5:BNO055_getVectorMagnetometer	16	static
../STM32-Hardware-Driver/BNO055/bno055.c:263:5:BNO055_getVectorGyroscope	16	static
../STM32-Hardware-Driver/BNO055/bno055.c:266:5:BNO055_getVectorEuler	16	static
../STM32-Hardware-Driver/BNO055/bno055.c:269:5:BNO055_getVectorLinearAccel	16	static
../STM32-Hardware-Driver/BNO055/bno055.c:272:5:BNO055_getVectorGravity	16	static
../STM32-Hardware-Driver/BNO055/bno055.c:275:5:BNO055_getVectorQuaternion	16	static
../STM32-Hardware-Driver/BNO055/bno055.c:279:6:BNO055_setAxisMap	32	static
