Archive member included to satisfy reference by file (symbol)

C:/ST/STM32CubeIDE_1.13.2/STM32CubeIDE/plugins/com.st.stm32cube.ide.mcu.externaltools.gnu-tools-for-stm32.11.3.rel1.win32_1.1.1.202309131626/tools/bin/../lib/gcc/arm-none-eabi/11.3.1/../../../../arm-none-eabi/lib/thumb/v7-m/nofp\libc_nano.a(libc_a-atoi.o)
                              ./UtilitySmallFunction/DataProcess/DataProcess.o (atoi)
C:/ST/STM32CubeIDE_1.13.2/STM32CubeIDE/plugins/com.st.stm32cube.ide.mcu.externaltools.gnu-tools-for-stm32.11.3.rel1.win32_1.1.1.202309131626/tools/bin/../lib/gcc/arm-none-eabi/11.3.1/../../../../arm-none-eabi/lib/thumb/v7-m/nofp\libc_nano.a(libc_a-exit.o)
                              C:/ST/STM32CubeIDE_1.13.2/STM32CubeIDE/plugins/com.st.stm32cube.ide.mcu.externaltools.gnu-tools-for-stm32.11.3.rel1.win32_1.1.1.202309131626/tools/bin/../lib/gcc/arm-none-eabi/11.3.1/../../../../arm-none-eabi/lib/thumb/v7-m/nofp/crt0.o (exit)
C:/ST/STM32CubeIDE_1.13.2/STM32CubeIDE/plugins/com.st.stm32cube.ide.mcu.externaltools.gnu-tools-for-stm32.11.3.rel1.win32_1.1.1.202309131626/tools/bin/../lib/gcc/arm-none-eabi/11.3.1/../../../../arm-none-eabi/lib/thumb/v7-m/nofp\libc_nano.a(libc_a-malloc.o)
                              ./CANlibrary/CAN_OSI.o (free)
C:/ST/STM32CubeIDE_1.13.2/STM32CubeIDE/plugins/com.st.stm32cube.ide.mcu.externaltools.gnu-tools-for-stm32.11.3.rel1.win32_1.1.1.202309131626/tools/bin/../lib/gcc/arm-none-eabi/11.3.1/../../../../arm-none-eabi/lib/thumb/v7-m/nofp\libc_nano.a(libc_a-mallocr.o)
                              C:/ST/STM32CubeIDE_1.13.2/STM32CubeIDE/plugins/com.st.stm32cube.ide.mcu.externaltools.gnu-tools-for-stm32.11.3.rel1.win32_1.1.1.202309131626/tools/bin/../lib/gcc/arm-none-eabi/11.3.1/../../../../arm-none-eabi/lib/thumb/v7-m/nofp\libc_nano.a(libc_a-malloc.o) (_malloc_r)
C:/ST/STM32CubeIDE_1.13.2/STM32CubeIDE/plugins/com.st.stm32cube.ide.mcu.externaltools.gnu-tools-for-stm32.11.3.rel1.win32_1.1.1.202309131626/tools/bin/../lib/gcc/arm-none-eabi/11.3.1/../../../../arm-none-eabi/lib/thumb/v7-m/nofp\libc_nano.a(libc_a-mlock.o)
                              C:/ST/STM32CubeIDE_1.13.2/STM32CubeIDE/plugins/com.st.stm32cube.ide.mcu.externaltools.gnu-tools-for-stm32.11.3.rel1.win32_1.1.1.202309131626/tools/bin/../lib/gcc/arm-none-eabi/11.3.1/../../../../arm-none-eabi/lib/thumb/v7-m/nofp\libc_nano.a(libc_a-mallocr.o) (__malloc_lock)
C:/ST/STM32CubeIDE_1.13.2/STM32CubeIDE/plugins/com.st.stm32cube.ide.mcu.externaltools.gnu-tools-for-stm32.11.3.rel1.win32_1.1.1.202309131626/tools/bin/../lib/gcc/arm-none-eabi/11.3.1/../../../../arm-none-eabi/lib/thumb/v7-m/nofp\libc_nano.a(libc_a-strtol.o)
                              C:/ST/STM32CubeIDE_1.13.2/STM32CubeIDE/plugins/com.st.stm32cube.ide.mcu.externaltools.gnu-tools-for-stm32.11.3.rel1.win32_1.1.1.202309131626/tools/bin/../lib/gcc/arm-none-eabi/11.3.1/../../../../arm-none-eabi/lib/thumb/v7-m/nofp\libc_nano.a(libc_a-atoi.o) (_strtol_r)
C:/ST/STM32CubeIDE_1.13.2/STM32CubeIDE/plugins/com.st.stm32cube.ide.mcu.externaltools.gnu-tools-for-stm32.11.3.rel1.win32_1.1.1.202309131626/tools/bin/../lib/gcc/arm-none-eabi/11.3.1/../../../../arm-none-eabi/lib/thumb/v7-m/nofp\libc_nano.a(libc_a-ctype_.o)
                              C:/ST/STM32CubeIDE_1.13.2/STM32CubeIDE/plugins/com.st.stm32cube.ide.mcu.externaltools.gnu-tools-for-stm32.11.3.rel1.win32_1.1.1.202309131626/tools/bin/../lib/gcc/arm-none-eabi/11.3.1/../../../../arm-none-eabi/lib/thumb/v7-m/nofp\libc_nano.a(libc_a-strtol.o) (_ctype_)
C:/ST/STM32CubeIDE_1.13.2/STM32CubeIDE/plugins/com.st.stm32cube.ide.mcu.externaltools.gnu-tools-for-stm32.11.3.rel1.win32_1.1.1.202309131626/tools/bin/../lib/gcc/arm-none-eabi/11.3.1/../../../../arm-none-eabi/lib/thumb/v7-m/nofp\libc_nano.a(libc_a-findfp.o)
                              ./Middlewares/Third_Party/FreeRTOS/Source/tasks.o (__sf)
C:/ST/STM32CubeIDE_1.13.2/STM32CubeIDE/plugins/com.st.stm32cube.ide.mcu.externaltools.gnu-tools-for-stm32.11.3.rel1.win32_1.1.1.202309131626/tools/bin/../lib/gcc/arm-none-eabi/11.3.1/../../../../arm-none-eabi/lib/thumb/v7-m/nofp\libc_nano.a(libc_a-fwalk.o)
                              C:/ST/STM32CubeIDE_1.13.2/STM32CubeIDE/plugins/com.st.stm32cube.ide.mcu.externaltools.gnu-tools-for-stm32.11.3.rel1.win32_1.1.1.202309131626/tools/bin/../lib/gcc/arm-none-eabi/11.3.1/../../../../arm-none-eabi/lib/thumb/v7-m/nofp\libc_nano.a(libc_a-findfp.o) (_fwalk_sglue)
C:/ST/STM32CubeIDE_1.13.2/STM32CubeIDE/plugins/com.st.stm32cube.ide.mcu.externaltools.gnu-tools-for-stm32.11.3.rel1.win32_1.1.1.202309131626/tools/bin/../lib/gcc/arm-none-eabi/11.3.1/../../../../arm-none-eabi/lib/thumb/v7-m/nofp\libc_nano.a(libc_a-stdio.o)
                              C:/ST/STM32CubeIDE_1.13.2/STM32CubeIDE/plugins/com.st.stm32cube.ide.mcu.externaltools.gnu-tools-for-stm32.11.3.rel1.win32_1.1.1.202309131626/tools/bin/../lib/gcc/arm-none-eabi/11.3.1/../../../../arm-none-eabi/lib/thumb/v7-m/nofp\libc_nano.a(libc_a-findfp.o) (__sread)
[...]
Memory Configuration

Name             Origin             Length             Attributes
RAM              0x0000000020000000 0x0000000000005000 xrw
FLASH            0x0000000008000000 0x0000000000010000 xr
*default*        0x0000000000000000 0xffffffffffffffff

Linker script and memory map

LOAD C:/ST/STM32CubeIDE_1.13.2/STM32CubeIDE/plugins/com.st.stm32cube.ide.mcu.externaltools.gnu-tools-for-stm32.11.3.rel1.win32_1.1.1.202309131626/tools/bin/../lib/gcc/arm-none-eabi/11.3.1/thumb/v7-m/nofp/crti.o
LOAD C:/ST/STM32CubeIDE_1.13.2/STM32CubeIDE/plugins/com.st.stm32cube.ide.mcu.externaltools.gnu-tools-for-stm32.11.3.rel1.win32_1.1.1.202309131626/tools/bin/../lib/gcc/arm-none-eabi/11.3.1/thumb/v7-m/nofp/crtbegin.o
LOAD C:/ST/STM32CubeIDE_1.13.2/STM32CubeIDE/plugins/com.st.stm32cube.ide.mcu.externaltools.gnu-tools-for-stm32.11.3.rel1.win32_1.1.1.202309131626/tools/bin/../lib/gcc/arm-none-eabi/11.3.1/../../../../arm-none-eabi/lib/thumb/v7-m/nofp/crt0.o
LOAD ./CANlibrary/CAN_Init.o
LOAD ./CANlibrary/CAN_OSI.o
LOAD ./CANlibrary/CAN_Process.o
LOAD ./Core/Src/freertos.o
LOAD ./Core/Src/main.o
LOAD ./Core/Src/stm32f1xx_hal_msp.o
LOAD ./Core/Src/stm32f1xx_hal_timebase_tim.o
LOAD ./Core/Src/stm32f1xx_it.o
LOAD ./Core/Src/syscalls.o
LOAD ./Core/Src/sysmem.o
LOAD ./Core/Src/system_stm32f1xx.o
LOAD ./Core/Startup/startup_stm32f103c8tx.o
LOAD ./Drivers/STM32F1xx_HAL_Driver/Src/stm32f1xx_hal.o
LOAD ./Drivers/STM32F1xx_HAL_Driver/Src/stm32f1xx_hal_can.o
LOAD ./Drivers/STM32F1xx_HAL_Driver/Src/stm32f1xx_hal_cortex.o
LOAD ./Drivers/STM32F1xx_HAL_Driver/Src/stm32f1xx_hal_dma.o
LOAD ./Drivers/STM32F1xx_HAL_Driver/Src/stm32f1xx_hal_exti.o
LOAD ./Drivers/STM32F1xx_HAL_Driver/Src/stm32f1xx_hal_flash.o
LOAD ./Drivers/STM32F1xx_HAL_Driver/Src/stm32f1xx_hal_flash_ex.o
LOAD ./Drivers/STM32F1xx_HAL_Driver/Src/stm32f1xx_hal_gpio.o
LOAD ./Drivers/STM32F1xx_HAL_Driver/Src/stm32f1xx_hal_gpio_ex.o
LOAD ./Drivers/STM32F1xx_HAL_Driver/Src/stm32f1xx_hal_i2c.o
LOAD ./Drivers/STM32F1xx_HAL_Driver/Src/stm32f1xx_hal_pwr.o
LOAD ./Drivers/STM32F1xx_HAL_Driver/Src/stm32f1xx_hal_rcc.o
LOAD ./Drivers/STM32F1xx_HAL_Driver/Src/stm32f1xx_hal_rcc_ex.o
LOAD ./Drivers/STM32F1xx_HAL_Driver/Src/stm32f1xx_hal_tim.o
LOAD ./Drivers/STM32F1xx_HAL_Driver/Src/stm32f1xx_hal_tim_ex.o
LOAD ./Drivers/STM32F1xx_HAL_Driver/Src/stm32f1xx_hal_uart.o
LOAD ./Middlewares/Third_Party/FreeRTOS/Source/CMSIS_RTOS_V2/cmsis_os2.o
LOAD ./Middlewares/Third_Party/FreeRTOS/Source/croutine.o
LOAD ./Middlewares/Third_Party/FreeRTOS/Source/event_groups.o
LOAD ./Middlewares/Third_Party/FreeRTOS/Source/list.o
LOAD ./Middlewares/Third_Party/FreeRTOS/Source/queue.o
LOAD ./Middlewares/Third_Party/FreeRTOS/Source/stream_buffer.o
LOAD ./Middlewares/Third_Party/FreeRTOS/Source/tasks.o
LOAD ./Middlewares/Third_Party/FreeRTOS/Source/timers.o
LOAD ./Middlewares/Third_Party/FreeRTOS/Source/portable/GCC/ARM_CM3/port.o
LOAD ./Middlewares/Third_Party/FreeRTOS/Source/portable/MemMang/heap_4.o
LOAD ./Periodics/PowerPublisher/PowerPublisher.o
LOAD ./STM32-Hardware-Driver/INA219/INA219.o
LOAD ./STM32-Hardware-Driver/MotorController/MotorController.o
LOAD ./STM32-Hardware-Driver/MotorController/SpeedController.o
LOAD ./STM32-Hardware-Driver/SteeringDriver/WheelControl/WheelControl.o
LOAD ./STM32-Hardware-Driver/SteeringDriver/eziservov8_lib/EziservoV8/FAS_IOControl.o
LOAD ./STM32-Hardware-Driver/SteeringDriver/eziservov8_lib/EziservoV8/FAS_Motion.o
LOAD ./STM32-Hardware-Driver/SteeringDriver/eziservov8_lib/EziservoV8/FAS_Port.o
LOAD ./STM32-Hardware-Driver/SteeringDriver/eziservov8_lib/EziservoV8/FAS_ServoControl.o
LOAD ./STM32-Hardware-Driver/SteeringDriver/eziservov8_lib/EziservoV8/FAS_StatusPos.o
LOAD ./STM32-Hardware-Driver/SteeringDriver/eziservov8_lib/EziservoV8/FAS_Util.o
LOAD ./STM32_RTOS_PeripheralDriver/CANFrame/canframe.o
LOAD ./STM32_RTOS_PeripheralDriver/CANHandler/CANHandler.o
LOAD ./STM32_RTOS_PeripheralDriver/CANHandler/CANHandler_it.o
LOAD ./STM32_RTOS_PeripheralDriver/GPIO/GPIOHandler.o
LOAD ./STM32_RTOS_PeripheralDriver/I2CHandler/I2C_Handler.o
LOAD ./STM32_RTOS_PeripheralDriver/SyncPrintf/SyncPrintf.o
LOAD ./STM32_RTOS_PeripheralDriver/UARTHandler/UART_Handler.o
LOAD ./UtilitySmallFunction/CRC/CRC.o
LOAD ./UtilitySmallFunction/DataProcess/DataProcess.o
LOAD ./UtilitySmallFunction/Utility/Utility.o
START GROUP
LOAD C:/ST/STM32CubeIDE_1.13.2/STM32CubeIDE/plugins/com.st.stm32cube.ide.mcu.externaltools.gnu-tools-for-stm32.11.3.rel1.win32_1.1.1.202309131626/tools/bin/../lib/gcc/arm-none-eabi/11.3.1/../../../../arm-none-eabi/lib/thumb/v7-m/nofp\libc_nano.a
LOAD C:/ST/STM32CubeIDE_1.13.2/STM32CubeIDE/plugins/com.st.stm32cube.ide.mcu.externaltools.gnu-tools-for-stm32.11.3.rel1.win32_1.1.1.202309131626/tools/bin/../lib/gcc/arm-none-eabi/11.3.1/../../../../arm-none-eabi/lib/thumb/v7-m/nofp\libm.a
END GROUP
START GROUP
LOAD C:/ST/STM32CubeIDE_1.13.2/STM32CubeIDE/plugins/com.st.stm32cube.ide.mcu.externaltools.gnu-tools-for-stm32.11.3.rel1.win32_1.1.1.202309131626/tools/bin/../lib/gcc/arm-none-eabi/11.3.1/thumb/v7-m/nofp\libgcc.a
LOAD C:/ST/STM32CubeIDE_1.13.2/STM32CubeIDE/plugins/com.st.stm32cube.ide.mcu.externaltools.gnu-tools-for-stm32.11.3.rel1.win32_1.1.1.202309131626/tools/bin/../lib/gcc/arm-none-eabi/11.3.1/../../../../arm-none-eabi/lib/thumb/v7-m/nofp\libc_nano.a
END GROUP
START GROUP
LOAD C:/ST/STM32CubeIDE_1.13.2/STM32CubeIDE/plugins/com.st.stm32cube.ide.mcu.externaltools.gnu-tools-for-stm32.11.3.rel1.win32_1.1.1.202309131626/tools/bin/../lib/gcc/arm-none-eabi/11.3.1/thumb/v7-m/nofp\libgcc.a
LOAD C:/ST/STM32CubeIDE_1.13.2/STM32CubeIDE/plugins/com.st.stm32cube.ide.mcu.externaltools.gnu-tools-for-stm32.11.3.rel1.win32_1.1.1.202309131626/tools/bin/../lib/gcc/arm-none-eabi/11.3.1/../../../../arm-none-eabi/lib/thumb/v7-m/nofp\libc_nano.a
LOAD C:/ST/STM32CubeIDE_1.13.2/STM32CubeIDE/plugins/com.st.stm32cube.ide.mcu.externaltools.gnu-tools-for-stm32.11.3.rel1.win32_1.1.1.202309131626/tools/bin/../lib/gcc/arm-none-eabi/11.3.1/../../../../arm-none-eabi/lib/thumb/v7-m/nofp\libnosys.a
END GROUP
START GROUP
LOAD C:/ST/STM32CubeIDE_1.13.2/STM32CubeIDE/plugins/com.st.stm32cube.ide.mcu.externaltools.gnu-tools-for-stm32.11.3.rel1.win32_1.1.1.202309131626/tools/bin/../lib/gcc/arm-none-eabi/11.3.1/thumb/v7-m/nofp\libgcc.a
LOAD C:/ST/STM32CubeIDE_1.13.2/STM32CubeIDE/plugins/com.st.stm32cube.ide.mcu.externaltools.gnu-tools-for-stm32.11.3.rel1.win32_1.1.1.202309131626/tools/bin/../lib/gcc/arm-none-eabi/11.3.1/../../../../arm-none-eabi/lib/thumb/v7-m/nofp\libc_nano.a
LOAD C:/ST/STM32CubeIDE_1.13.2/STM32CubeIDE/plugins/com.st.stm32cube.ide.mcu.externaltools.gnu-tools-for-stm32.11.3.rel1.win32_1.1.1.202309131626/tools/bin/../lib/gcc/arm-none-eabi/11.3.1/../../../../arm-none-eabi/lib/thumb/v7-m/nofp\libnosys.a
END GROUP
LOAD C:/ST/STM32CubeIDE_1.13.2/STM32CubeIDE/plugins/com.st.stm32cube.ide.mcu.externaltools.gnu-tools-for-stm32.11.3.rel1.win32_1.1.1.202309131626/tools/bin/../lib/gcc/arm-none-eabi/11.3.1/thumb/v7-m/nofp/crtend.o
LOAD C:/ST/STM32CubeIDE_1.13.2/STM32CubeIDE/plugins/com.st.stm32cube.ide.mcu.externaltools.gnu-tools-for-stm32.11.3.rel1.win32_1.1.1.202309131626/tools/bin/../lib/gcc/arm-none-eabi/11.3.1/thumb/v7-m/nofp/crtn.o
                0x0000000020005000                _estack = (ORIGIN (RAM) + LENGTH (RAM))
                0x0000000000000200                _Min_Heap_Size = 0x200
                0x0000000000000400                _Min_Stack_Size = 0x400

.isr_vector     0x0000000008000000      0x10c
                0x0000000008000000                . = ALIGN (0x4)
 *(.isr_vector)
 .isr_vector    0x0000000008000000      0x10c ./Core/Startup/startup_stm32f103c8tx.o
                0x0000000008000000                g_pfnVectors
                0x000000000800010c                . = ALIGN (0x4)

.text           0x0000000008000110     0xe5f0
                0x0000000008000110                . = ALIGN (0x4)
 *(.text)
 .text          0x0000000008000110       0x40 C:/ST/STM32CubeIDE_1.13.2/STM32CubeIDE/plugins/com.st.stm32cube.ide.mcu.externaltools.gnu-tools-for-stm32.11.3.rel1.win32_1.1.1.202309131626/tools/bin/../lib/gcc/arm-none-eabi/11.3.1/thumb/v7-m/nofp/crtbegin.o
 .text          0x0000000008000150       0x10 C:/ST/STM32CubeIDE_1.13.2/STM32CubeIDE/plugins/com.st.stm32cube.ide.mcu.externaltools.gnu-tools-for-stm32.11.3.rel1.win32_1.1.1.202309131626/tools/bin/../lib/gcc/arm-none-eabi/11.3.1/../../../../arm-none-eabi/lib/thumb/v7-m/nofp\libc_nano.a(libc_a-strlen.o)
                0x0000000008000150                strlen
 .text          0x0000000008000160      0x378 C:/ST/STM32CubeIDE_1.13.2/STM32CubeIDE/plugins/com.st.stm32cube.ide.mcu.externaltools.gnu-tools-for-stm32.11.3.rel1.win32_1.1.1.202309131626/tools/bin/../lib/gcc/arm-none-eabi/11.3.1/thumb/v7-m/nofp\libgcc.a(_arm_addsubdf3.o)
                0x0000000008000160                __aeabi_drsub
                0x0000000008000168                __aeabi_dsub
                0x0000000008000168                __subdf3
                0x000000000800016c                __aeabi_dadd
                0x000000000800016c                __adddf3
                0x00000000080003e4                __floatunsidf
                0x00000000080003e4                __aeabi_ui2d
                0x0000000008000404                __floatsidf
                0x0000000008000404                __aeabi_i2d
                0x0000000008000428                __aeabi_f2d
                0x0000000008000428                __extendsfdf2
                0x000000000800046c                __floatundidf
                0x000000000800046c                __aeabi_ul2d
                0x000000000800047c                __floatdidf
                0x000000000800047c                __aeabi_l2d
 .text          0x00000000080004d8      0x424 C:/ST/STM32CubeIDE_1.13.2/STM32CubeIDE/plugins/com.st.stm32cube.ide.mcu.externaltools.gnu-tools-for-stm32.11.3.rel1.win32_1.1.1.202309131626/tools/bin/../lib/gcc/arm-none-eabi/11.3.1/thumb/v7-m/nofp\libgcc.a(_arm_muldivdf3.o)
                0x00000000080004d8                __aeabi_dmul
                0x00000000080004d8                __muldf3
                0x000000000800072c                __divdf3
                0x000000000800072c                __aeabi_ddiv
 .text          0x00000000080008fc       0x50 C:/ST/STM32CubeIDE_1.13.2/STM32CubeIDE/plugins/com.st.stm32cube.ide.mcu.externaltools.gnu-tools-for-stm32.11.3.rel1.win32_1.1.1.202309131626/tools/bin/../lib/gcc/arm-none-eabi/11.3.1/thumb/v7-m/nofp\libgcc.a(_arm_fixdfsi.o)
                0x00000000080008fc                __aeabi_d2iz
                0x00000000080008fc                __fixdfsi
 .text          0x000000000800094c       0xa0 C:/ST/STM32CubeIDE_1.13.2/STM32CubeIDE/plugins/com.st.stm32cube.ide.mcu.externaltools.gnu-tools-for-stm32.11.3.rel1.win32_1.1.1.202309131626/tools/bin/../lib/gcc/arm-none-eabi/11.3.1/thumb/v7-m/nofp\libgcc.a(_arm_truncdfsf2.o)
                0x000000000800094c                __truncdfsf2
                0x000000000800094c                __aeabi_d2f
 .text          0x00000000080009ec      0x21c C:/ST/STM32CubeIDE_1.13.2/STM32CubeIDE/plugins/com.st.stm32cube.ide.mcu.externaltools.gnu-tools-for-stm32.11.3.rel1.win32_1.1.1.202309131626/tools/bin/../lib/gcc/arm-none-eabi/11.3.1/thumb/v7-m/nofp\libgcc.a(_arm_addsubsf3.o)
                0x00000000080009ec                __aeabi_frsub
                0x00000000080009f4                __subsf3
                0x00000000080009f4                __aeabi_fsub
                0x00000000080009f8                __aeabi_fadd
                0x00000000080009f8                __addsf3
                0x0000000008000b58                __aeabi_ui2f
                0x0000000008000b58                __floatunsisf
                0x0000000008000b60                __aeabi_i2f
                0x0000000008000b60                __floatsisf
                0x0000000008000b7c                __aeabi_ul2f
                0x0000000008000b7c                __floatundisf
                0x0000000008000b8c                __aeabi_l2f
                0x0000000008000b8c                __floatdisf
 .text          0x0000000008000c08      0x2a0 C:/ST/STM32CubeIDE_1.13.2/STM32CubeIDE/plugins/com.st.stm32cube.ide.mcu.externaltools.gnu-tools-for-stm32.11.3.rel1.win32_1.1.1.202309131626/tools/bin/../lib/gcc/arm-none-eabi/11.3.1/thumb/v7-m/nofp\libgcc.a(_arm_muldivsf3.o)
                0x0000000008000c08                __mulsf3
                0x0000000008000c08                __aeabi_fmul
                0x0000000008000d70                __aeabi_fdiv
                0x0000000008000d70                __divsf3
 .text          0x0000000008000ea8       0xec C:/ST/STM32CubeIDE_1.13.2/STM32CubeIDE/plugins/com.st.stm32cube.ide.mcu.externaltools.gnu-tools-for-stm32.11.3.rel1.win32_1.1.1.202309131626/tools/bin/../lib/gcc/arm-none-eabi/11.3.1/thumb/v7-m/nofp\libgcc.a(_arm_cmpsf2.o)
                0x0000000008000ea8                __gesf2
                0x0000000008000ea8                __gtsf2
                0x0000000008000eb0                __lesf2
                0x0000000008000eb0                __ltsf2
                0x0000000008000eb8                __nesf2
                0x0000000008000eb8                __eqsf2
                0x0000000008000eb8                __cmpsf2
                0x0000000008000f18                __aeabi_cfrcmple
                0x0000000008000f20                __aeabi_cfcmpeq
                0x0000000008000f20                __aeabi_cfcmple
                0x0000000008000f30                __aeabi_fcmpeq
                0x0000000008000f44                __aeabi_fcmplt
                0x0000000008000f58                __aeabi_fcmple
                0x0000000008000f6c                __aeabi_fcmpge
                0x0000000008000f80                __aeabi_fcmpgt
 .text          0x0000000008000f94       0x4c C:/ST/STM32CubeIDE_1.13.2/STM32CubeIDE/plugins/com.st.stm32cube.ide.mcu.externaltools.gnu-tools-for-stm32.11.3.rel1.win32_1.1.1.202309131626/tools/bin/../lib/gcc/arm-none-eabi/11.3.1/thumb/v7-m/nofp\libgcc.a(_arm_fixsfsi.o)
                0x0000000008000f94                __aeabi_f2iz
                0x0000000008000f94                __fixsfsi
 *(.text*)
 .text.main     0x0000000008000fe0       0x50 ./Core/Src/main.o
                0x0000000008000fe0                main
 .text.SystemClock_Config
                0x0000000008001030       0x8a ./Core/Src/main.o
                0x0000000008001030                SystemClock_Config
 *fill*         0x00000000080010ba        0x2 
 .text.MX_CAN_Init
                0x00000000080010bc       0x6c ./Core/Src/main.o
 .text.MX_I2C1_Init
                0x0000000008001128       0x5c ./Core/Src/main.o
 .text.MX_USART1_UART_Init
                0x0000000008001184       0x54 ./Core/Src/main.o
 .text.MX_USART2_UART_Init
                0x00000000080011d8       0x54 ./Core/Src/main.o
 .text.MX_DMA_Init
                0x000000000800122c       0xb4 ./Core/Src/main.o
 .text.MX_GPIO_Init
                0x00000000080012e0      0x110 ./Core/Src/main.o
 .text.HAL_UART_RxCpltCallback
                0x00000000080013f0       0x24 ./Core/Src/main.o
                0x00000000080013f0                HAL_UART_RxCpltCallback
 .text.HAL_UART_TxCpltCallback
                0x0000000008001414       0x24 ./Core/Src/main.o
                0x0000000008001414                HAL_UART_TxCpltCallback
 .text.HAL_UARTEx_RxEventCallback
                0x0000000008001438       0x2c ./Core/Src/main.o
                0x0000000008001438                HAL_UARTEx_RxEventCallback
 .text.HAL_I2C_MemRxCpltCallback
                0x0000000008001464       0x24 ./Core/Src/main.o
                0x0000000008001464                HAL_I2C_MemRxCpltCallback
 .text.HAL_I2C_MemTxCpltCallback
                0x0000000008001488       0x24 ./Core/Src/main.o
                0x0000000008001488                HAL_I2C_MemTxCpltCallback
 .text.CAN_TxCallback
                0x00000000080014ac       0x24 ./Core/Src/main.o
                0x00000000080014ac                CAN_TxCallback
 .text.CAN_RxFifo0Callback
                0x00000000080014d0       0x24 ./Core/Src/main.o
                0x00000000080014d0                CAN_RxFifo0Callback
 .text.CANFrame_RcvDoneHandler
                0x00000000080014f4       0xcc ./Core/Src/main.o
                0x00000000080014f4                CANFrame_RcvDoneHandler
 .text.StartDefaultTask
                0x00000000080015c0       0xbc ./Core/Src/main.o
                0x00000000080015c0                StartDefaultTask
 .text.HAL_TIM_PeriodElapsedCallback
                0x000000000800167c       0x24 ./Core/Src/main.o
                0x000000000800167c                HAL_TIM_PeriodElapsedCallback
 .text.Error_Handler
                0x00000000080016a0        0xa ./Core/Src/main.o
                0x00000000080016a0                Error_Handler
 *fill*         0x00000000080016aa        0x2 
 .text.HAL_MspInit
                0x00000000080016ac       0x70 ./Core/Src/stm32f1xx_hal_msp.o
                0x00000000080016ac                HAL_MspInit
 .text.HAL_CAN_MspInit
                0x000000000800171c       0xd8 ./Core/Src/stm32f1xx_hal_msp.o
                0x000000000800171c                HAL_CAN_MspInit
 .text.HAL_I2C_MspInit
                0x00000000080017f4       0x9c ./Core/Src/stm32f1xx_hal_msp.o
                0x00000000080017f4                HAL_I2C_MspInit
 .text.HAL_UART_MspInit
                0x0000000008001890      0x27c ./Core/Src/stm32f1xx_hal_msp.o
                0x0000000008001890                HAL_UART_MspInit
 .text.HAL_InitTick
                0x0000000008001b0c       0xfc ./Core/Src/stm32f1xx_hal_timebase_tim.o
                0x0000000008001b0c                HAL_InitTick
 .text.NMI_Handler
                0x0000000008001c08        0x6 ./Core/Src/stm32f1xx_it.o
                0x0000000008001c08                NMI_Handler
 .text.HardFault_Handler
                0x0000000008001c0e        0x6 ./Core/Src/stm32f1xx_it.o
                0x0000000008001c0e                HardFault_Handler
 .text.MemManage_Handler
                0x0000000008001c14        0x6 ./Core/Src/stm32f1xx_it.o
                0x0000000008001c14                MemManage_Handler
 .text.BusFault_Handler
                0x0000000008001c1a        0x6 ./Core/Src/stm32f1xx_it.o
                0x0000000008001c1a                BusFault_Handler
 .text.UsageFault_Handler
                0x0000000008001c20        0x6 ./Core/Src/stm32f1xx_it.o
                0x0000000008001c20                UsageFault_Handler
 .text.DebugMon_Handler
                0x0000000008001c26        0xc ./Core/Src/stm32f1xx_it.o
                0x0000000008001c26                DebugMon_Handler
 *fill*         0x0000000008001c32        0x2 
 .text.DMA1_Channel4_IRQHandler
                0x0000000008001c34       0x14 ./Core/Src/stm32f1xx_it.o
                0x0000000008001c34                DMA1_Channel4_IRQHandler
 .text.DMA1_Channel5_IRQHandler
                0x0000000008001c48       0x14 ./Core/Src/stm32f1xx_it.o
                0x0000000008001c48                DMA1_Channel5_IRQHandler
 .text.DMA1_Channel6_IRQHandler
                0x0000000008001c5c       0x14 ./Core/Src/stm32f1xx_it.o
                0x0000000008001c5c                DMA1_Channel6_IRQHandler
 .text.DMA1_Channel7_IRQHandler
                0x0000000008001c70       0x14 ./Core/Src/stm32f1xx_it.o
                0x0000000008001c70                DMA1_Channel7_IRQHandler
 .text.USB_HP_CAN1_TX_IRQHandler
                0x0000000008001c84       0x14 ./Core/Src/stm32f1xx_it.o
                0x0000000008001c84                USB_HP_CAN1_TX_IRQHandler
 .text.USB_LP_CAN1_RX0_IRQHandler
                0x0000000008001c98       0x14 ./Core/Src/stm32f1xx_it.o
                0x0000000008001c98                USB_LP_CAN1_RX0_IRQHandler
 .text.CAN1_RX1_IRQHandler
                0x0000000008001cac       0x14 ./Core/Src/stm32f1xx_it.o
                0x0000000008001cac                CAN1_RX1_IRQHandler
 .text.CAN1_SCE_IRQHandler
                0x0000000008001cc0       0x14 ./Core/Src/stm32f1xx_it.o
                0x0000000008001cc0                CAN1_SCE_IRQHandler
 .text.TIM4_IRQHandler
                0x0000000008001cd4       0x14 ./Core/Src/stm32f1xx_it.o
                0x0000000008001cd4                TIM4_IRQHandler
 .text.I2C1_EV_IRQHandler
                0x0000000008001ce8       0x14 ./Core/Src/stm32f1xx_it.o
                0x0000000008001ce8                I2C1_EV_IRQHandler
 .text.I2C1_ER_IRQHandler
                0x0000000008001cfc       0x14 ./Core/Src/stm32f1xx_it.o
                0x0000000008001cfc                I2C1_ER_IRQHandler
 .text.USART1_IRQHandler
                0x0000000008001d10       0x14 ./Core/Src/stm32f1xx_it.o
                0x0000000008001d10                USART1_IRQHandler
 .text.USART2_IRQHandler
                0x0000000008001d24       0x14 ./Core/Src/stm32f1xx_it.o
                0x0000000008001d24                USART2_IRQHandler
 .text._getpid  0x0000000008001d38        0xe ./Core/Src/syscalls.o
                0x0000000008001d38                _getpid
 .text._kill    0x0000000008001d46       0x20 ./Core/Src/syscalls.o
                0x0000000008001d46                _kill
 .text._exit    0x0000000008001d66       0x14 ./Core/Src/syscalls.o
                0x0000000008001d66                _exit
 .text._read    0x0000000008001d7a       0x3a ./Core/Src/syscalls.o
                0x0000000008001d7a                _read
 .text._write   0x0000000008001db4       0x38 ./Core/Src/syscalls.o
                0x0000000008001db4                _write
 .text._close   0x0000000008001dec       0x16 ./Core/Src/syscalls.o
                0x0000000008001dec                _close
 .text._fstat   0x0000000008001e02       0x1e ./Core/Src/syscalls.o
                0x0000000008001e02                _fstat
 .text._isatty  0x0000000008001e20       0x14 ./Core/Src/syscalls.o
                0x0000000008001e20                _isatty
 .text._lseek   0x0000000008001e34       0x18 ./Core/Src/syscalls.o
                0x0000000008001e34                _lseek
 .text._sbrk    0x0000000008001e4c       0x6c ./Core/Src/sysmem.o
                0x0000000008001e4c                _sbrk
 .text.SystemInit
                0x0000000008001eb8        0xc ./Core/Src/system_stm32f1xx.o
                0x0000000008001eb8                SystemInit
 .text.Reset_Handler
                0x0000000008001ec4       0x48 ./Core/Startup/startup_stm32f103c8tx.o
                0x0000000008001ec4                Reset_Handler
 .text.Default_Handler
                0x0000000008001f0c        0x2 ./Core/Startup/startup_stm32f103c8tx.o
                0x0000000008001f0c                RTC_Alarm_IRQHandler
                0x0000000008001f0c                EXTI2_IRQHandler
                0x0000000008001f0c                TIM1_CC_IRQHandler
                0x0000000008001f0c                PVD_IRQHandler
                0x0000000008001f0c                EXTI3_IRQHandler
                0x0000000008001f0c                EXTI0_IRQHandler
                0x0000000008001f0c                I2C2_EV_IRQHandler
                0x0000000008001f0c                ADC1_2_IRQHandler
                0x0000000008001f0c                SPI1_IRQHandler
                0x0000000008001f0c                TAMPER_IRQHandler
                0x0000000008001f0c                USART3_IRQHandler
                0x0000000008001f0c                RTC_IRQHandler
                0x0000000008001f0c                TIM3_IRQHandler
                0x0000000008001f0c                RCC_IRQHandler
                0x0000000008001f0c                TIM1_TRG_COM_IRQHandler
                0x0000000008001f0c                DMA1_Channel1_IRQHandler
                0x0000000008001f0c                Default_Handler
                0x0000000008001f0c                EXTI15_10_IRQHandler
                0x0000000008001f0c                EXTI9_5_IRQHandler
                0x0000000008001f0c                SPI2_IRQHandler
                0x0000000008001f0c                EXTI4_IRQHandler
                0x0000000008001f0c                DMA1_Channel3_IRQHandler
                0x0000000008001f0c                TIM1_UP_IRQHandler
                0x0000000008001f0c                WWDG_IRQHandler
                0x0000000008001f0c                TIM2_IRQHandler
                0x0000000008001f0c                TIM1_BRK_IRQHandler
                0x0000000008001f0c                EXTI1_IRQHandler
                0x0000000008001f0c                I2C2_ER_IRQHandler
                0x0000000008001f0c                DMA1_Channel2_IRQHandler
                0x0000000008001f0c                FLASH_IRQHandler
                0x0000000008001f0c                USBWakeUp_IRQHandler
 *fill*         0x0000000008001f0e        0x2 
 .text.HAL_Init
                0x0000000008001f10       0x2c ./Drivers/STM32F1xx_HAL_Driver/Src/stm32f1xx_hal.o
                0x0000000008001f10                HAL_Init
 .text.HAL_IncTick
                0x0000000008001f3c       0x24 ./Drivers/STM32F1xx_HAL_Driver/Src/stm32f1xx_hal.o
                0x0000000008001f3c                HAL_IncTick
 .text.HAL_GetTick
                0x0000000008001f60       0x14 ./Drivers/STM32F1xx_HAL_Driver/Src/stm32f1xx_hal.o
                0x0000000008001f60                HAL_GetTick
 .text.HAL_CAN_Init
                0x0000000008001f74      0x28c ./Drivers/STM32F1xx_HAL_Driver/Src/stm32f1xx_hal_can.o
                0x0000000008001f74                HAL_CAN_Init
 .text.HAL_CAN_RegisterCallback
                0x0000000008002200      0x15c ./Drivers/STM32F1xx_HAL_Driver/Src/stm32f1xx_hal_can.o
                0x0000000008002200                HAL_CAN_RegisterCallback
 .text.HAL_CAN_ConfigFilter
                0x000000000800235c      0x192 ./Drivers/STM32F1xx_HAL_Driver/Src/stm32f1xx_hal_can.o
                0x000000000800235c                HAL_CAN_ConfigFilter
 .text.HAL_CAN_Start
                0x00000000080024ee       0x88 ./Drivers/STM32F1xx_HAL_Driver/Src/stm32f1xx_hal_can.o
                0x00000000080024ee                HAL_CAN_Start
 .text.HAL_CAN_Stop
                0x0000000008002576       0x92 ./Drivers/STM32F1xx_HAL_Driver/Src/stm32f1xx_hal_can.o
                0x0000000008002576                HAL_CAN_Stop
 .text.HAL_CAN_GetRxMessage
                0x0000000008002608      0x242 ./Drivers/STM32F1xx_HAL_Driver/Src/stm32f1xx_hal_can.o
                0x0000000008002608                HAL_CAN_GetRxMessage
 .text.HAL_CAN_GetRxFifoFillLevel
                0x000000000800284a       0x4e ./Drivers/STM32F1xx_HAL_Driver/Src/stm32f1xx_hal_can.o
                0x000000000800284a                HAL_CAN_GetRxFifoFillLevel
 .text.HAL_CAN_ActivateNotification
                0x0000000008002898       0x4a ./Drivers/STM32F1xx_HAL_Driver/Src/stm32f1xx_hal_can.o
                0x0000000008002898                HAL_CAN_ActivateNotification
 .text.HAL_CAN_IRQHandler
                0x00000000080028e2      0x38a ./Drivers/STM32F1xx_HAL_Driver/Src/stm32f1xx_hal_can.o
                0x00000000080028e2                HAL_CAN_IRQHandler
 .text.HAL_CAN_TxMailbox0CompleteCallback
                0x0000000008002c6c       0x12 ./Drivers/STM32F1xx_HAL_Driver/Src/stm32f1xx_hal_can.o
                0x0000000008002c6c                HAL_CAN_TxMailbox0CompleteCallback
 .text.HAL_CAN_TxMailbox1CompleteCallback
                0x0000000008002c7e       0x12 ./Drivers/STM32F1xx_HAL_Driver/Src/stm32f1xx_hal_can.o
                0x0000000008002c7e                HAL_CAN_TxMailbox1CompleteCallback
 .text.HAL_CAN_TxMailbox2CompleteCallback
                0x0000000008002c90       0x12 ./Drivers/STM32F1xx_HAL_Driver/Src/stm32f1xx_hal_can.o
                0x0000000008002c90                HAL_CAN_TxMailbox2CompleteCallback
 .text.HAL_CAN_TxMailbox0AbortCallback
                0x0000000008002ca2       0x12 ./Drivers/STM32F1xx_HAL_Driver/Src/stm32f1xx_hal_can.o
                0x0000000008002ca2                HAL_CAN_TxMailbox0AbortCallback
 .text.HAL_CAN_TxMailbox1AbortCallback
                0x0000000008002cb4       0x12 ./Drivers/STM32F1xx_HAL_Driver/Src/stm32f1xx_hal_can.o
                0x0000000008002cb4                HAL_CAN_TxMailbox1AbortCallback
 .text.HAL_CAN_TxMailbox2AbortCallback
                0x0000000008002cc6       0x12 ./Drivers/STM32F1xx_HAL_Driver/Src/stm32f1xx_hal_can.o
                0x0000000008002cc6                HAL_CAN_TxMailbox2AbortCallback
 .text.HAL_CAN_RxFifo0MsgPendingCallback
                0x0000000008002cd8       0x12 ./Drivers/STM32F1xx_HAL_Driver/Src/stm32f1xx_hal_can.o
                0x0000000008002cd8                HAL_CAN_RxFifo0MsgPendingCallback
 .text.HAL_CAN_RxFifo0FullCallback
                0x0000000008002cea       0x12 ./Drivers/STM32F1xx_HAL_Driver/Src/stm32f1xx_hal_can.o
                0x0000000008002cea                HAL_CAN_RxFifo0FullCallback
 .text.HAL_CAN_RxFifo1MsgPendingCallback
                0x0000000008002cfc       0x12 ./Drivers/STM32F1xx_HAL_Driver/Src/stm32f1xx_hal_can.o
                0x0000000008002cfc                HAL_CAN_RxFifo1MsgPendingCallback
 .text.HAL_CAN_RxFifo1FullCallback
                0x0000000008002d0e       0x12 ./Drivers/STM32F1xx_HAL_Driver/Src/stm32f1xx_hal_can.o
                0x0000000008002d0e                HAL_CAN_RxFifo1FullCallback
 .text.HAL_CAN_SleepCallback
                0x0000000008002d20       0x12 ./Drivers/STM32F1xx_HAL_Driver/Src/stm32f1xx_hal_can.o
                0x0000000008002d20                HAL_CAN_SleepCallback
 .text.HAL_CAN_WakeUpFromRxMsgCallback
                0x0000000008002d32       0x12 ./Drivers/STM32F1xx_HAL_Driver/Src/stm32f1xx_hal_can.o
                0x0000000008002d32                HAL_CAN_WakeUpFromRxMsgCallback
 .text.HAL_CAN_ErrorCallback
                0x0000000008002d44       0x12 ./Drivers/STM32F1xx_HAL_Driver/Src/stm32f1xx_hal_can.o
                0x0000000008002d44                HAL_CAN_ErrorCallback
 *fill*         0x0000000008002d56        0x2 
 .text.__NVIC_SetPriorityGrouping
                0x0000000008002d58       0x48 ./Drivers/STM32F1xx_HAL_Driver/Src/stm32f1xx_hal_cortex.o
 .text.__NVIC_GetPriorityGrouping
                0x0000000008002da0       0x1c ./Drivers/STM32F1xx_HAL_Driver/Src/stm32f1xx_hal_cortex.o
 .text.__NVIC_EnableIRQ
                0x0000000008002dbc       0x38 ./Drivers/STM32F1xx_HAL_Driver/Src/stm32f1xx_hal_cortex.o
 .text.__NVIC_SetPriority
                0x0000000008002df4       0x54 ./Drivers/STM32F1xx_HAL_Driver/Src/stm32f1xx_hal_cortex.o
 .text.NVIC_EncodePriority
                0x0000000008002e48       0x64 ./Drivers/STM32F1xx_HAL_Driver/Src/stm32f1xx_hal_cortex.o
 .text.HAL_NVIC_SetPriorityGrouping
                0x0000000008002eac       0x16 ./Drivers/STM32F1xx_HAL_Driver/Src/stm32f1xx_hal_cortex.o
                0x0000000008002eac                HAL_NVIC_SetPriorityGrouping
 .text.HAL_NVIC_SetPriority
                0x0000000008002ec2       0x38 ./Drivers/STM32F1xx_HAL_Driver/Src/stm32f1xx_hal_cortex.o
                0x0000000008002ec2                HAL_NVIC_SetPriority
 .text.HAL_NVIC_EnableIRQ
                0x0000000008002efa       0x1c ./Drivers/STM32F1xx_HAL_Driver/Src/stm32f1xx_hal_cortex.o
                0x0000000008002efa                HAL_NVIC_EnableIRQ
 *fill*         0x0000000008002f16        0x2 
 .text.HAL_DMA_Init
                0x0000000008002f18       0xb4 ./Drivers/STM32F1xx_HAL_Driver/Src/stm32f1xx_hal_dma.o
                0x0000000008002f18                HAL_DMA_Init
 .text.HAL_DMA_Start_IT
                0x0000000008002fcc       0xc0 ./Drivers/STM32F1xx_HAL_Driver/Src/stm32f1xx_hal_dma.o
                0x0000000008002fcc                HAL_DMA_Start_IT
 .text.HAL_DMA_Abort
                0x000000000800308c       0x76 ./Drivers/STM32F1xx_HAL_Driver/Src/stm32f1xx_hal_dma.o
                0x000000000800308c                HAL_DMA_Abort
 *fill*         0x0000000008003102        0x2 
 .text.HAL_DMA_Abort_IT
                0x0000000008003104       0xf0 ./Drivers/STM32F1xx_HAL_Driver/Src/stm32f1xx_hal_dma.o
                0x0000000008003104                HAL_DMA_Abort_IT
 .text.HAL_DMA_IRQHandler
                0x00000000080031f4      0x20c ./Drivers/STM32F1xx_HAL_Driver/Src/stm32f1xx_hal_dma.o
                0x00000000080031f4                HAL_DMA_IRQHandler
 .text.HAL_DMA_GetState
                0x0000000008003400       0x1a ./Drivers/STM32F1xx_HAL_Driver/Src/stm32f1xx_hal_dma.o
                0x0000000008003400                HAL_DMA_GetState
 .text.HAL_DMA_GetError
                0x000000000800341a       0x16 ./Drivers/STM32F1xx_HAL_Driver/Src/stm32f1xx_hal_dma.o
                0x000000000800341a                HAL_DMA_GetError
 .text.DMA_SetConfig
                0x0000000008003430       0x5a ./Drivers/STM32F1xx_HAL_Driver/Src/stm32f1xx_hal_dma.o
 *fill*         0x000000000800348a        0x2 
 .text.HAL_GPIO_Init
                0x000000000800348c      0x308 ./Drivers/STM32F1xx_HAL_Driver/Src/stm32f1xx_hal_gpio.o
                0x000000000800348c                HAL_GPIO_Init
 .text.HAL_GPIO_WritePin
                0x0000000008003794       0x30 ./Drivers/STM32F1xx_HAL_Driver/Src/stm32f1xx_hal_gpio.o
                0x0000000008003794                HAL_GPIO_WritePin
 .text.HAL_GPIO_TogglePin
                0x00000000080037c4       0x32 ./Drivers/STM32F1xx_HAL_Driver/Src/stm32f1xx_hal_gpio.o
                0x00000000080037c4                HAL_GPIO_TogglePin
 *fill*         0x00000000080037f6        0x2 
 .text.HAL_I2C_Init
                0x00000000080037f8      0x288 ./Drivers/STM32F1xx_HAL_Driver/Src/stm32f1xx_hal_i2c.o
                0x00000000080037f8                HAL_I2C_Init
 .text.I2C_Flush_DR
                0x0000000008003a80       0x28 ./Drivers/STM32F1xx_HAL_Driver/Src/stm32f1xx_hal_i2c.o
 .text.HAL_I2C_EV_IRQHandler
                0x0000000008003aa8      0x2a6 ./Drivers/STM32F1xx_HAL_Driver/Src/stm32f1xx_hal_i2c.o
                0x0000000008003aa8                HAL_I2C_EV_IRQHandler
 .text.HAL_I2C_ER_IRQHandler
                0x0000000008003d4e      0x14e ./Drivers/STM32F1xx_HAL_Driver/Src/stm32f1xx_hal_i2c.o
                0x0000000008003d4e                HAL_I2C_ER_IRQHandler
 .text.HAL_I2C_MasterTxCpltCallback
                0x0000000008003e9c       0x12 ./Drivers/STM32F1xx_HAL_Driver/Src/stm32f1xx_hal_i2c.o
                0x0000000008003e9c                HAL_I2C_MasterTxCpltCallback
 .text.HAL_I2C_MasterRxCpltCallback
                0x0000000008003eae       0x12 ./Drivers/STM32F1xx_HAL_Driver/Src/stm32f1xx_hal_i2c.o
                0x0000000008003eae                HAL_I2C_MasterRxCpltCallback
 .text.HAL_I2C_SlaveTxCpltCallback
                0x0000000008003ec0       0x12 ./Drivers/STM32F1xx_HAL_Driver/Src/stm32f1xx_hal_i2c.o
                0x0000000008003ec0                HAL_I2C_SlaveTxCpltCallback
 .text.HAL_I2C_SlaveRxCpltCallback
                0x0000000008003ed2       0x12 ./Drivers/STM32F1xx_HAL_Driver/Src/stm32f1xx_hal_i2c.o
                0x0000000008003ed2                HAL_I2C_SlaveRxCpltCallback
 .text.HAL_I2C_AddrCallback
                0x0000000008003ee4       0x1a ./Drivers/STM32F1xx_HAL_Driver/Src/stm32f1xx_hal_i2c.o
                0x0000000008003ee4                HAL_I2C_AddrCallback
 .text.HAL_I2C_ListenCpltCallback
                0x0000000008003efe       0x12 ./Drivers/STM32F1xx_HAL_Driver/Src/stm32f1xx_hal_i2c.o
                0x0000000008003efe                HAL_I2C_ListenCpltCallback
 .text.HAL_I2C_ErrorCallback
                0x0000000008003f10       0x12 ./Drivers/STM32F1xx_HAL_Driver/Src/stm32f1xx_hal_i2c.o
                0x0000000008003f10                HAL_I2C_ErrorCallback
 .text.HAL_I2C_AbortCpltCallback
                0x0000000008003f22       0x12 ./Drivers/STM32F1xx_HAL_Driver/Src/stm32f1xx_hal_i2c.o
                0x0000000008003f22                HAL_I2C_AbortCpltCallback
 .text.I2C_MasterTransmit_TXE
                0x0000000008003f34      0x138 ./Drivers/STM32F1xx_HAL_Driver/Src/stm32f1xx_hal_i2c.o
 .text.I2C_MasterTransmit_BTF
                0x000000000800406c       0xec ./Drivers/STM32F1xx_HAL_Driver/Src/stm32f1xx_hal_i2c.o
 .text.I2C_MemoryTransmit_TXE_BTF
                0x0000000008004158      0x130 ./Drivers/STM32F1xx_HAL_Driver/Src/stm32f1xx_hal_i2c.o
 .text.I2C_MasterReceive_RXNE
                0x0000000008004288      0x176 ./Drivers/STM32F1xx_HAL_Driver/Src/stm32f1xx_hal_i2c.o
 .text.I2C_MasterReceive_BTF
                0x00000000080043fe      0x1d4 ./Drivers/STM32F1xx_HAL_Driver/Src/stm32f1xx_hal_i2c.o
 .text.I2C_Master_SB
                0x00000000080045d2      0x10a ./Drivers/STM32F1xx_HAL_Driver/Src/stm32f1xx_hal_i2c.o
 .text.I2C_Master_ADD10
                0x00000000080046dc       0x52 ./Drivers/STM32F1xx_HAL_Driver/Src/stm32f1xx_hal_i2c.o
 .text.I2C_Master_ADDR
                0x000000000800472e      0x336 ./Drivers/STM32F1xx_HAL_Driver/Src/stm32f1xx_hal_i2c.o
 .text.I2C_SlaveTransmit_TXE
                0x0000000008004a64       0x7a ./Drivers/STM32F1xx_HAL_Driver/Src/stm32f1xx_hal_i2c.o
 .text.I2C_SlaveTransmit_BTF
                0x0000000008004ade       0x40 ./Drivers/STM32F1xx_HAL_Driver/Src/stm32f1xx_hal_i2c.o
 .text.I2C_SlaveReceive_RXNE
                0x0000000008004b1e       0x7c ./Drivers/STM32F1xx_HAL_Driver/Src/stm32f1xx_hal_i2c.o
 .text.I2C_SlaveReceive_BTF
                0x0000000008004b9a       0x42 ./Drivers/STM32F1xx_HAL_Driver/Src/stm32f1xx_hal_i2c.o
 .text.I2C_Slave_ADDR
                0x0000000008004bdc       0x90 ./Drivers/STM32F1xx_HAL_Driver/Src/stm32f1xx_hal_i2c.o
 .text.I2C_Slave_STOPF
                0x0000000008004c6c      0x260 ./Drivers/STM32F1xx_HAL_Driver/Src/stm32f1xx_hal_i2c.o
 .text.I2C_Slave_AF
                0x0000000008004ecc       0xe8 ./Drivers/STM32F1xx_HAL_Driver/Src/stm32f1xx_hal_i2c.o
 .text.I2C_ITError
                0x0000000008004fb4      0x264 ./Drivers/STM32F1xx_HAL_Driver/Src/stm32f1xx_hal_i2c.o
 .text.I2C_DMAAbort
                0x0000000008005218      0x150 ./Drivers/STM32F1xx_HAL_Driver/Src/stm32f1xx_hal_i2c.o
 .text.I2C_WaitOnSTOPRequestThroughIT
                0x0000000008005368       0x64 ./Drivers/STM32F1xx_HAL_Driver/Src/stm32f1xx_hal_i2c.o
 .text.I2C_ConvertOtherXferOptions
                0x00000000080053cc       0x34 ./Drivers/STM32F1xx_HAL_Driver/Src/stm32f1xx_hal_i2c.o
 .text.HAL_RCC_OscConfig
                0x0000000008005400      0x504 ./Drivers/STM32F1xx_HAL_Driver/Src/stm32f1xx_hal_rcc.o
                0x0000000008005400                HAL_RCC_OscConfig
 .text.HAL_RCC_ClockConfig
                0x0000000008005904      0x1d4 ./Drivers/STM32F1xx_HAL_Driver/Src/stm32f1xx_hal_rcc.o
                0x0000000008005904                HAL_RCC_ClockConfig
 .text.HAL_RCC_GetSysClockFreq
                0x0000000008005ad8       0xa8 ./Drivers/STM32F1xx_HAL_Driver/Src/stm32f1xx_hal_rcc.o
                0x0000000008005ad8                HAL_RCC_GetSysClockFreq
 .text.HAL_RCC_GetHCLKFreq
                0x0000000008005b80       0x14 ./Drivers/STM32F1xx_HAL_Driver/Src/stm32f1xx_hal_rcc.o
                0x0000000008005b80                HAL_RCC_GetHCLKFreq
 .text.HAL_RCC_GetPCLK1Freq
                0x0000000008005b94       0x28 ./Drivers/STM32F1xx_HAL_Driver/Src/stm32f1xx_hal_rcc.o
                0x0000000008005b94                HAL_RCC_GetPCLK1Freq
 .text.HAL_RCC_GetPCLK2Freq
                0x0000000008005bbc       0x28 ./Drivers/STM32F1xx_HAL_Driver/Src/stm32f1xx_hal_rcc.o
                0x0000000008005bbc                HAL_RCC_GetPCLK2Freq
 .text.HAL_RCC_GetClockConfig
                0x0000000008005be4       0x60 ./Drivers/STM32F1xx_HAL_Driver/Src/stm32f1xx_hal_rcc.o
                0x0000000008005be4                HAL_RCC_GetClockConfig
 .text.RCC_Delay
                0x0000000008005c44       0x3c ./Drivers/STM32F1xx_HAL_Driver/Src/stm32f1xx_hal_rcc.o
 .text.HAL_TIM_Base_Init
                0x0000000008005c80       0x9e ./Drivers/STM32F1xx_HAL_Driver/Src/stm32f1xx_hal_tim.o
                0x0000000008005c80                HAL_TIM_Base_Init
 .text.HAL_TIM_Base_MspInit
                0x0000000008005d1e       0x12 ./Drivers/STM32F1xx_HAL_Driver/Src/stm32f1xx_hal_tim.o
                0x0000000008005d1e                HAL_TIM_Base_MspInit
 .text.HAL_TIM_Base_Start_IT
                0x0000000008005d30       0xa4 ./Drivers/STM32F1xx_HAL_Driver/Src/stm32f1xx_hal_tim.o
                0x0000000008005d30                HAL_TIM_Base_Start_IT
 .text.HAL_TIM_IRQHandler
                0x0000000008005dd4      0x210 ./Drivers/STM32F1xx_HAL_Driver/Src/stm32f1xx_hal_tim.o
                0x0000000008005dd4                HAL_TIM_IRQHandler
 .text.HAL_TIM_OC_DelayElapsedCallback
                0x0000000008005fe4       0x12 ./Drivers/STM32F1xx_HAL_Driver/Src/stm32f1xx_hal_tim.o
                0x0000000008005fe4                HAL_TIM_OC_DelayElapsedCallback
 .text.HAL_TIM_IC_CaptureCallback
                0x0000000008005ff6       0x12 ./Drivers/STM32F1xx_HAL_Driver/Src/stm32f1xx_hal_tim.o
                0x0000000008005ff6                HAL_TIM_IC_CaptureCallback
 .text.HAL_TIM_PWM_PulseFinishedCallback
                0x0000000008006008       0x12 ./Drivers/STM32F1xx_HAL_Driver/Src/stm32f1xx_hal_tim.o
                0x0000000008006008                HAL_TIM_PWM_PulseFinishedCallback
 .text.HAL_TIM_TriggerCallback
                0x000000000800601a       0x12 ./Drivers/STM32F1xx_HAL_Driver/Src/stm32f1xx_hal_tim.o
                0x000000000800601a                HAL_TIM_TriggerCallback
 .text.TIM_Base_SetConfig
                0x000000000800602c       0xc4 ./Drivers/STM32F1xx_HAL_Driver/Src/stm32f1xx_hal_tim.o
                0x000000000800602c                TIM_Base_SetConfig
 .text.HAL_TIMEx_CommutCallback
                0x00000000080060f0       0x12 ./Drivers/STM32F1xx_HAL_Driver/Src/stm32f1xx_hal_tim_ex.o
                0x00000000080060f0                HAL_TIMEx_CommutCallback
 .text.HAL_TIMEx_BreakCallback
                0x0000000008006102       0x12 ./Drivers/STM32F1xx_HAL_Driver/Src/stm32f1xx_hal_tim_ex.o
                0x0000000008006102                HAL_TIMEx_BreakCallback
 .text.HAL_UART_Init
                0x0000000008006114       0xa0 ./Drivers/STM32F1xx_HAL_Driver/Src/stm32f1xx_hal_uart.o
                0x0000000008006114                HAL_UART_Init
 .text.HAL_UART_Transmit
                0x00000000080061b4      0x106 ./Drivers/STM32F1xx_HAL_Driver/Src/stm32f1xx_hal_uart.o
                0x00000000080061b4                HAL_UART_Transmit
 *fill*         0x00000000080062ba        0x2 
 .text.HAL_UART_Transmit_DMA
                0x00000000080062bc       0xe0 ./Drivers/STM32F1xx_HAL_Driver/Src/stm32f1xx_hal_uart.o
                0x00000000080062bc                HAL_UART_Transmit_DMA
 .text.HAL_UARTEx_ReceiveToIdle_DMA
                0x000000000800639c       0xba ./Drivers/STM32F1xx_HAL_Driver/Src/stm32f1xx_hal_uart.o
                0x000000000800639c                HAL_UARTEx_ReceiveToIdle_DMA
 .text.HAL_UART_AbortReceive
                0x0000000008006456      0x146 ./Drivers/STM32F1xx_HAL_Driver/Src/stm32f1xx_hal_uart.o
                0x0000000008006456                HAL_UART_AbortReceive
 .text.HAL_UART_IRQHandler
                0x000000000800659c      0x524 ./Drivers/STM32F1xx_HAL_Driver/Src/stm32f1xx_hal_uart.o
                0x000000000800659c                HAL_UART_IRQHandler
 .text.HAL_UART_TxHalfCpltCallback
                0x0000000008006ac0       0x12 ./Drivers/STM32F1xx_HAL_Driver/Src/stm32f1xx_hal_uart.o
                0x0000000008006ac0                HAL_UART_TxHalfCpltCallback
 .text.HAL_UART_RxHalfCpltCallback
                0x0000000008006ad2       0x12 ./Drivers/STM32F1xx_HAL_Driver/Src/stm32f1xx_hal_uart.o
                0x0000000008006ad2                HAL_UART_RxHalfCpltCallback
 .text.HAL_UART_ErrorCallback
                0x0000000008006ae4       0x12 ./Drivers/STM32F1xx_HAL_Driver/Src/stm32f1xx_hal_uart.o
                0x0000000008006ae4                HAL_UART_ErrorCallback
 .text.UART_DMATransmitCplt
                0x0000000008006af6       0x9a ./Drivers/STM32F1xx_HAL_Driver/Src/stm32f1xx_hal_uart.o
 .text.UART_DMATxHalfCplt
                0x0000000008006b90       0x1c ./Drivers/STM32F1xx_HAL_Driver/Src/stm32f1xx_hal_uart.o
 .text.UART_DMAReceiveCplt
                0x0000000008006bac      0x12c ./Drivers/STM32F1xx_HAL_Driver/Src/stm32f1xx_hal_uart.o
 .text.UART_DMARxHalfCplt
                0x0000000008006cd8       0x3c ./Drivers/STM32F1xx_HAL_Driver/Src/stm32f1xx_hal_uart.o
 .text.UART_DMAError
                0x0000000008006d14       0x94 ./Drivers/STM32F1xx_HAL_Driver/Src/stm32f1xx_hal_uart.o
 .text.UART_WaitOnFlagUntilTimeout
                0x0000000008006da8       0xdc ./Drivers/STM32F1xx_HAL_Driver/Src/stm32f1xx_hal_uart.o
 .text.UART_Start_Receive_DMA
                0x0000000008006e84      0x134 ./Drivers/STM32F1xx_HAL_Driver/Src/stm32f1xx_hal_uart.o
                0x0000000008006e84                UART_Start_Receive_DMA
 .text.UART_EndTxTransfer
                0x0000000008006fb8       0x4e ./Drivers/STM32F1xx_HAL_Driver/Src/stm32f1xx_hal_uart.o
 .text.UART_EndRxTransfer
                0x0000000008007006       0xc4 ./Drivers/STM32F1xx_HAL_Driver/Src/stm32f1xx_hal_uart.o
 .text.UART_DMAAbortOnError
                0x00000000080070ca       0x28 ./Drivers/STM32F1xx_HAL_Driver/Src/stm32f1xx_hal_uart.o
 .text.UART_Transmit_IT
                0x00000000080070f2       0x9e ./Drivers/STM32F1xx_HAL_Driver/Src/stm32f1xx_hal_uart.o
 .text.UART_EndTransmit_IT
                0x0000000008007190       0x30 ./Drivers/STM32F1xx_HAL_Driver/Src/stm32f1xx_hal_uart.o
 .text.UART_Receive_IT
                0x00000000080071c0      0x17c ./Drivers/STM32F1xx_HAL_Driver/Src/stm32f1xx_hal_uart.o
 .text.UART_SetConfig
                0x000000000800733c      0x11c ./Drivers/STM32F1xx_HAL_Driver/Src/stm32f1xx_hal_uart.o
 .text.osKernelInitialize
                0x0000000008007458       0x64 ./Middlewares/Third_Party/FreeRTOS/Source/CMSIS_RTOS_V2/cmsis_os2.o
                0x0000000008007458                osKernelInitialize
 .text.osKernelStart
                0x00000000080074bc       0x68 ./Middlewares/Third_Party/FreeRTOS/Source/CMSIS_RTOS_V2/cmsis_os2.o
                0x00000000080074bc                osKernelStart
 .text.osThreadNew
                0x0000000008007524      0x154 ./Middlewares/Third_Party/FreeRTOS/Source/CMSIS_RTOS_V2/cmsis_os2.o
                0x0000000008007524                osThreadNew
 .text.osThreadSetPriority
                0x0000000008007678       0x78 ./Middlewares/Third_Party/FreeRTOS/Source/CMSIS_RTOS_V2/cmsis_os2.o
                0x0000000008007678                osThreadSetPriority
 .text.osDelay  0x00000000080076f0       0x5c ./Middlewares/Third_Party/FreeRTOS/Source/CMSIS_RTOS_V2/cmsis_os2.o
                0x00000000080076f0                osDelay
 .text.osEventFlagsNew
                0x000000000800774c       0xa4 ./Middlewares/Third_Party/FreeRTOS/Source/CMSIS_RTOS_V2/cmsis_os2.o
                0x000000000800774c                osEventFlagsNew
 .text.osEventFlagsSet
                0x00000000080077f0       0xb0 ./Middlewares/Third_Party/FreeRTOS/Source/CMSIS_RTOS_V2/cmsis_os2.o
                0x00000000080077f0                osEventFlagsSet
 .text.osEventFlagsClear
                0x00000000080078a0       0x88 ./Middlewares/Third_Party/FreeRTOS/Source/CMSIS_RTOS_V2/cmsis_os2.o
                0x00000000080078a0                osEventFlagsClear
 .text.osEventFlagsWait
                0x0000000008007928       0xec ./Middlewares/Third_Party/FreeRTOS/Source/CMSIS_RTOS_V2/cmsis_os2.o
                0x0000000008007928                osEventFlagsWait
 .text.osMutexNew
                0x0000000008007a14      0x134 ./Middlewares/Third_Party/FreeRTOS/Source/CMSIS_RTOS_V2/cmsis_os2.o
                0x0000000008007a14                osMutexNew
 .text.osMutexAcquire
                0x0000000008007b48       0xbc ./Middlewares/Third_Party/FreeRTOS/Source/CMSIS_RTOS_V2/cmsis_os2.o
                0x0000000008007b48                osMutexAcquire
 .text.osMutexRelease
                0x0000000008007c04       0xa0 ./Middlewares/Third_Party/FreeRTOS/Source/CMSIS_RTOS_V2/cmsis_os2.o
                0x0000000008007c04                osMutexRelease
 .text.osSemaphoreNew
                0x0000000008007ca4      0x138 ./Middlewares/Third_Party/FreeRTOS/Source/CMSIS_RTOS_V2/cmsis_os2.o
                0x0000000008007ca4                osSemaphoreNew
 .text.osSemaphoreAcquire
                0x0000000008007ddc       0xcc ./Middlewares/Third_Party/FreeRTOS/Source/CMSIS_RTOS_V2/cmsis_os2.o
                0x0000000008007ddc                osSemaphoreAcquire
 .text.osSemaphoreRelease
                0x0000000008007ea8       0xb0 ./Middlewares/Third_Party/FreeRTOS/Source/CMSIS_RTOS_V2/cmsis_os2.o
                0x0000000008007ea8                osSemaphoreRelease
 .text.vApplicationGetIdleTaskMemory
                0x0000000008007f58       0x30 ./Middlewares/Third_Party/FreeRTOS/Source/CMSIS_RTOS_V2/cmsis_os2.o
                0x0000000008007f58                vApplicationGetIdleTaskMemory
 .text.vApplicationGetTimerTaskMemory
                0x0000000008007f88       0x30 ./Middlewares/Third_Party/FreeRTOS/Source/CMSIS_RTOS_V2/cmsis_os2.o
                0x0000000008007f88                vApplicationGetTimerTaskMemory
 .text.xEventGroupCreateStatic
                0x0000000008007fb8       0x6e ./Middlewares/Third_Party/FreeRTOS/Source/event_groups.o
                0x0000000008007fb8                xEventGroupCreateStatic
 .text.xEventGroupCreate
                0x0000000008008026       0x34 ./Middlewares/Third_Party/FreeRTOS/Source/event_groups.o
                0x0000000008008026                xEventGroupCreate
 *fill*         0x000000000800805a        0x2 
 .text.xEventGroupWaitBits
                0x000000000800805c      0x19c ./Middlewares/Third_Party/FreeRTOS/Source/event_groups.o
                0x000000000800805c                xEventGroupWaitBits
 .text.xEventGroupClearBits
                0x00000000080081f8       0x70 ./Middlewares/Third_Party/FreeRTOS/Source/event_groups.o
                0x00000000080081f8                xEventGroupClearBits
 .text.xEventGroupClearBitsFromISR
                0x0000000008008268       0x28 ./Middlewares/Third_Party/FreeRTOS/Source/event_groups.o
                0x0000000008008268                xEventGroupClearBitsFromISR
 .text.xEventGroupGetBitsFromISR
                0x0000000008008290       0x46 ./Middlewares/Third_Party/FreeRTOS/Source/event_groups.o
                0x0000000008008290                xEventGroupGetBitsFromISR
 .text.xEventGroupSetBits
                0x00000000080082d6      0x116 ./Middlewares/Third_Party/FreeRTOS/Source/event_groups.o
                0x00000000080082d6                xEventGroupSetBits
 .text.vEventGroupSetBitsCallback
                0x00000000080083ec       0x1a ./Middlewares/Third_Party/FreeRTOS/Source/event_groups.o
                0x00000000080083ec                vEventGroupSetBitsCallback
 .text.vEventGroupClearBitsCallback
                0x0000000008008406       0x1a ./Middlewares/Third_Party/FreeRTOS/Source/event_groups.o
                0x0000000008008406                vEventGroupClearBitsCallback
 .text.prvTestWaitCondition
                0x0000000008008420       0x42 ./Middlewares/Third_Party/FreeRTOS/Source/event_groups.o
 *fill*         0x0000000008008462        0x2 
 .text.xEventGroupSetBitsFromISR
                0x0000000008008464       0x28 ./Middlewares/Third_Party/FreeRTOS/Source/event_groups.o
                0x0000000008008464                xEventGroupSetBitsFromISR
 .text.vListInitialise
                0x000000000800848c       0x3e ./Middlewares/Third_Party/FreeRTOS/Source/list.o
                0x000000000800848c                vListInitialise
 .text.vListInitialiseItem
                0x00000000080084ca       0x18 ./Middlewares/Third_Party/FreeRTOS/Source/list.o
                0x00000000080084ca                vListInitialiseItem
 .text.vListInsertEnd
                0x00000000080084e2       0x46 ./Middlewares/Third_Party/FreeRTOS/Source/list.o
                0x00000000080084e2                vListInsertEnd
 .text.vListInsert
                0x0000000008008528       0x70 ./Middlewares/Third_Party/FreeRTOS/Source/list.o
                0x0000000008008528                vListInsert
 .text.uxListRemove
                0x0000000008008598       0x52 ./Middlewares/Third_Party/FreeRTOS/Source/list.o
                0x0000000008008598                uxListRemove
 *fill*         0x00000000080085ea        0x2 
 .text.xQueueGenericReset
                0x00000000080085ec       0xd0 ./Middlewares/Third_Party/FreeRTOS/Source/queue.o
                0x00000000080085ec                xQueueGenericReset
 .text.xQueueGenericCreateStatic
                0x00000000080086bc       0xee ./Middlewares/Third_Party/FreeRTOS/Source/queue.o
                0x00000000080086bc                xQueueGenericCreateStatic
 .text.xQueueGenericCreate
                0x00000000080087aa       0x7c ./Middlewares/Third_Party/FreeRTOS/Source/queue.o
                0x00000000080087aa                xQueueGenericCreate
 .text.prvInitialiseNewQueue
                0x0000000008008826       0x46 ./Middlewares/Third_Party/FreeRTOS/Source/queue.o
 .text.prvInitialiseMutex
                0x000000000800886c       0x34 ./Middlewares/Third_Party/FreeRTOS/Source/queue.o
 .text.xQueueCreateMutex
                0x00000000080088a0       0x30 ./Middlewares/Third_Party/FreeRTOS/Source/queue.o
                0x00000000080088a0                xQueueCreateMutex
 .text.xQueueCreateMutexStatic
                0x00000000080088d0       0x36 ./Middlewares/Third_Party/FreeRTOS/Source/queue.o
                0x00000000080088d0                xQueueCreateMutexStatic
 .text.xQueueGiveMutexRecursive
                0x0000000008008906       0x68 ./Middlewares/Third_Party/FreeRTOS/Source/queue.o
                0x0000000008008906                xQueueGiveMutexRecursive
 .text.xQueueTakeMutexRecursive
                0x000000000800896e       0x6c ./Middlewares/Third_Party/FreeRTOS/Source/queue.o
                0x000000000800896e                xQueueTakeMutexRecursive
 .text.xQueueCreateCountingSemaphoreStatic
                0x00000000080089da       0x6e ./Middlewares/Third_Party/FreeRTOS/Source/queue.o
                0x00000000080089da                xQueueCreateCountingSemaphoreStatic
 .text.xQueueCreateCountingSemaphore
                0x0000000008008a48       0x66 ./Middlewares/Third_Party/FreeRTOS/Source/queue.o
                0x0000000008008a48                xQueueCreateCountingSemaphore
 *fill*         0x0000000008008aae        0x2 
 .text.xQueueGenericSend
                0x0000000008008ab0      0x1fc ./Middlewares/Third_Party/FreeRTOS/Source/queue.o
                0x0000000008008ab0                xQueueGenericSend
 .text.xQueueGenericSendFromISR
                0x0000000008008cac      0x130 ./Middlewares/Third_Party/FreeRTOS/Source/queue.o
                0x0000000008008cac                xQueueGenericSendFromISR
 .text.xQueueGiveFromISR
                0x0000000008008ddc      0x11a ./Middlewares/Third_Party/FreeRTOS/Source/queue.o
                0x0000000008008ddc                xQueueGiveFromISR
 *fill*         0x0000000008008ef6        0x2 
 .text.xQueueReceive
                0x0000000008008ef8      0x1c0 ./Middlewares/Third_Party/FreeRTOS/Source/queue.o
                0x0000000008008ef8                xQueueReceive
 .text.xQueueSemaphoreTake
                0x00000000080090b8      0x218 ./Middlewares/Third_Party/FreeRTOS/Source/queue.o
                0x00000000080090b8                xQueueSemaphoreTake
 .text.xQueueReceiveFromISR
                0x00000000080092d0      0x100 ./Middlewares/Third_Party/FreeRTOS/Source/queue.o
                0x00000000080092d0                xQueueReceiveFromISR
 .text.vQueueDelete
                0x00000000080093d0       0x46 ./Middlewares/Third_Party/FreeRTOS/Source/queue.o
                0x00000000080093d0                vQueueDelete
 .text.prvGetDisinheritPriorityAfterTimeout
                0x0000000008009416       0x2e ./Middlewares/Third_Party/FreeRTOS/Source/queue.o
 .text.prvCopyDataToQueue
                0x0000000008009444       0xd4 ./Middlewares/Third_Party/FreeRTOS/Source/queue.o
 .text.prvCopyDataFromQueue
                0x0000000008009518       0x4c ./Middlewares/Third_Party/FreeRTOS/Source/queue.o
 .text.prvUnlockQueue
                0x0000000008009564       0xa4 ./Middlewares/Third_Party/FreeRTOS/Source/queue.o
 .text.prvIsQueueEmpty
                0x0000000008009608       0x2c ./Middlewares/Third_Party/FreeRTOS/Source/queue.o
 .text.prvIsQueueFull
                0x0000000008009634       0x30 ./Middlewares/Third_Party/FreeRTOS/Source/queue.o
 .text.vQueueAddToRegistry
                0x0000000008009664       0x50 ./Middlewares/Third_Party/FreeRTOS/Source/queue.o
                0x0000000008009664                vQueueAddToRegistry
 .text.vQueueUnregisterQueue
                0x00000000080096b4       0x54 ./Middlewares/Third_Party/FreeRTOS/Source/queue.o
                0x00000000080096b4                vQueueUnregisterQueue
 .text.vQueueWaitForMessageRestricted
                0x0000000008009708       0x68 ./Middlewares/Third_Party/FreeRTOS/Source/queue.o
                0x0000000008009708                vQueueWaitForMessageRestricted
 .text.xTaskCreateStatic
                0x0000000008009770       0xb8 ./Middlewares/Third_Party/FreeRTOS/Source/tasks.o
                0x0000000008009770                xTaskCreateStatic
 .text.xTaskCreate
                0x0000000008009828       0x8a ./Middlewares/Third_Party/FreeRTOS/Source/tasks.o
                0x0000000008009828                xTaskCreate
 *fill*         0x00000000080098b2        0x2 
 .text.prvInitialiseNewTask
                0x00000000080098b4      0x13c ./Middlewares/Third_Party/FreeRTOS/Source/tasks.o
 .text.prvAddNewTaskToReadyList
                0x00000000080099f0       0xe0 ./Middlewares/Third_Party/FreeRTOS/Source/tasks.o
 .text.vTaskDelay
                0x0000000008009ad0       0x68 ./Middlewares/Third_Party/FreeRTOS/Source/tasks.o
                0x0000000008009ad0                vTaskDelay
 .text.vTaskPrioritySet
                0x0000000008009b38      0x144 ./Middlewares/Third_Party/FreeRTOS/Source/tasks.o
                0x0000000008009b38                vTaskPrioritySet
 .text.vTaskStartScheduler
                0x0000000008009c7c       0xe0 ./Middlewares/Third_Party/FreeRTOS/Source/tasks.o
                0x0000000008009c7c                vTaskStartScheduler
 .text.vTaskSuspendAll
                0x0000000008009d5c       0x1c ./Middlewares/Third_Party/FreeRTOS/Source/tasks.o
                0x0000000008009d5c                vTaskSuspendAll
 .text.xTaskResumeAll
                0x0000000008009d78      0x13c ./Middlewares/Third_Party/FreeRTOS/Source/tasks.o
                0x0000000008009d78                xTaskResumeAll
 .text.xTaskGetTickCount
                0x0000000008009eb4       0x1c ./Middlewares/Third_Party/FreeRTOS/Source/tasks.o
                0x0000000008009eb4                xTaskGetTickCount
 .text.xTaskIncrementTick
                0x0000000008009ed0      0x17c ./Middlewares/Third_Party/FreeRTOS/Source/tasks.o
                0x0000000008009ed0                xTaskIncrementTick
 .text.vTaskSwitchContext
                0x000000000800a04c       0xc8 ./Middlewares/Third_Party/FreeRTOS/Source/tasks.o
                0x000000000800a04c                vTaskSwitchContext
 .text.vTaskPlaceOnEventList
                0x000000000800a114       0x48 ./Middlewares/Third_Party/FreeRTOS/Source/tasks.o
                0x000000000800a114                vTaskPlaceOnEventList
 .text.vTaskPlaceOnUnorderedEventList
                0x000000000800a15c       0x78 ./Middlewares/Third_Party/FreeRTOS/Source/tasks.o
                0x000000000800a15c                vTaskPlaceOnUnorderedEventList
 .text.vTaskPlaceOnEventListRestricted
                0x000000000800a1d4       0x58 ./Middlewares/Third_Party/FreeRTOS/Source/tasks.o
                0x000000000800a1d4                vTaskPlaceOnEventListRestricted
 .text.xTaskRemoveFromEventList
                0x000000000800a22c       0xc8 ./Middlewares/Third_Party/FreeRTOS/Source/tasks.o
                0x000000000800a22c                xTaskRemoveFromEventList
 .text.vTaskRemoveFromUnorderedEventList
                0x000000000800a2f4       0xc4 ./Middlewares/Third_Party/FreeRTOS/Source/tasks.o
                0x000000000800a2f4                vTaskRemoveFromUnorderedEventList
 .text.vTaskInternalSetTimeOutState
                0x000000000800a3b8       0x2c ./Middlewares/Third_Party/FreeRTOS/Source/tasks.o
                0x000000000800a3b8                vTaskInternalSetTimeOutState
 .text.xTaskCheckForTimeOut
                0x000000000800a3e4       0xc4 ./Middlewares/Third_Party/FreeRTOS/Source/tasks.o
                0x000000000800a3e4                xTaskCheckForTimeOut
 .text.vTaskMissedYield
                0x000000000800a4a8       0x18 ./Middlewares/Third_Party/FreeRTOS/Source/tasks.o
                0x000000000800a4a8                vTaskMissedYield
 .text.prvIdleTask
                0x000000000800a4c0       0x30 ./Middlewares/Third_Party/FreeRTOS/Source/tasks.o
 .text.prvInitialiseTaskLists
                0x000000000800a4f0       0x80 ./Middlewares/Third_Party/FreeRTOS/Source/tasks.o
 .text.prvCheckTasksWaitingTermination
                0x000000000800a570       0x5c ./Middlewares/Third_Party/FreeRTOS/Source/tasks.o
 .text.prvDeleteTCB
                0x000000000800a5cc       0x68 ./Middlewares/Third_Party/FreeRTOS/Source/tasks.o
 .text.prvResetNextTaskUnblockTime
                0x000000000800a634       0x48 ./Middlewares/Third_Party/FreeRTOS/Source/tasks.o
 .text.xTaskGetCurrentTaskHandle
                0x000000000800a67c       0x1c ./Middlewares/Third_Party/FreeRTOS/Source/tasks.o
                0x000000000800a67c                xTaskGetCurrentTaskHandle
 .text.xTaskGetSchedulerState
                0x000000000800a698       0x3c ./Middlewares/Third_Party/FreeRTOS/Source/tasks.o
                0x000000000800a698                xTaskGetSchedulerState
 .text.xTaskPriorityInherit
                0x000000000800a6d4       0xdc ./Middlewares/Third_Party/FreeRTOS/Source/tasks.o
                0x000000000800a6d4                xTaskPriorityInherit
 .text.xTaskPriorityDisinherit
                0x000000000800a7b0       0xdc ./Middlewares/Third_Party/FreeRTOS/Source/tasks.o
                0x000000000800a7b0                xTaskPriorityDisinherit
 .text.vTaskPriorityDisinheritAfterTimeout
                0x000000000800a88c      0x10c ./Middlewares/Third_Party/FreeRTOS/Source/tasks.o
                0x000000000800a88c                vTaskPriorityDisinheritAfterTimeout
 .text.uxTaskResetEventItemValue
                0x000000000800a998       0x30 ./Middlewares/Third_Party/FreeRTOS/Source/tasks.o
                0x000000000800a998                uxTaskResetEventItemValue
 .text.pvTaskIncrementMutexHeldCount
                0x000000000800a9c8       0x28 ./Middlewares/Third_Party/FreeRTOS/Source/tasks.o
                0x000000000800a9c8                pvTaskIncrementMutexHeldCount
 .text.prvAddCurrentTaskToDelayedList
                0x000000000800a9f0       0xa8 ./Middlewares/Third_Party/FreeRTOS/Source/tasks.o
 .text.xTimerCreateTimerTask
                0x000000000800aa98       0x90 ./Middlewares/Third_Party/FreeRTOS/Source/timers.o
                0x000000000800aa98                xTimerCreateTimerTask
 .text.xTimerGenericCommand
                0x000000000800ab28       0x9c ./Middlewares/Third_Party/FreeRTOS/Source/timers.o
                0x000000000800ab28                xTimerGenericCommand
 .text.prvProcessExpiredTimer
                0x000000000800abc4       0x80 ./Middlewares/Third_Party/FreeRTOS/Source/timers.o
 .text.prvTimerTask
                0x000000000800ac44       0x24 ./Middlewares/Third_Party/FreeRTOS/Source/timers.o
 .text.prvProcessTimerOrBlockTask
                0x000000000800ac68       0x9c ./Middlewares/Third_Party/FreeRTOS/Source/timers.o
 .text.prvGetNextExpireTime
                0x000000000800ad04       0x48 ./Middlewares/Third_Party/FreeRTOS/Source/timers.o
 .text.prvSampleTimeNow
                0x000000000800ad4c       0x40 ./Middlewares/Third_Party/FreeRTOS/Source/timers.o
 .text.prvInsertTimerInActiveList
                0x000000000800ad8c       0x84 ./Middlewares/Third_Party/FreeRTOS/Source/timers.o
 .text.prvProcessReceivedCommands
                0x000000000800ae10      0x168 ./Middlewares/Third_Party/FreeRTOS/Source/timers.o
 .text.prvSwitchTimerLists
                0x000000000800af78       0xc4 ./Middlewares/Third_Party/FreeRTOS/Source/timers.o
 .text.prvCheckForValidListAndQueue
                0x000000000800b03c       0x80 ./Middlewares/Third_Party/FreeRTOS/Source/timers.o
 .text.xTimerPendFunctionCallFromISR
                0x000000000800b0bc       0x40 ./Middlewares/Third_Party/FreeRTOS/Source/timers.o
                0x000000000800b0bc                xTimerPendFunctionCallFromISR
 .text.pxPortInitialiseStack
                0x000000000800b0fc       0x58 ./Middlewares/Third_Party/FreeRTOS/Source/portable/GCC/ARM_CM3/port.o
                0x000000000800b0fc                pxPortInitialiseStack
 .text.prvTaskExitError
                0x000000000800b154       0x58 ./Middlewares/Third_Party/FreeRTOS/Source/portable/GCC/ARM_CM3/port.o
 *fill*         0x000000000800b1ac        0x4 
 .text.SVC_Handler
                0x000000000800b1b0       0x28 ./Middlewares/Third_Party/FreeRTOS/Source/portable/GCC/ARM_CM3/port.o
                0x000000000800b1b0                SVC_Handler
 .text.prvPortStartFirstTask
                0x000000000800b1d8       0x20 ./Middlewares/Third_Party/FreeRTOS/Source/portable/GCC/ARM_CM3/port.o
 .text.xPortStartScheduler
                0x000000000800b1f8       0xe4 ./Middlewares/Third_Party/FreeRTOS/Source/portable/GCC/ARM_CM3/port.o
                0x000000000800b1f8                xPortStartScheduler
 .text.vPortEnterCritical
                0x000000000800b2dc       0x60 ./Middlewares/Third_Party/FreeRTOS/Source/portable/GCC/ARM_CM3/port.o
                0x000000000800b2dc                vPortEnterCritical
 .text.vPortExitCritical
                0x000000000800b33c       0x50 ./Middlewares/Third_Party/FreeRTOS/Source/portable/GCC/ARM_CM3/port.o
                0x000000000800b33c                vPortExitCritical
 *fill*         0x000000000800b38c        0x4 
 .text.PendSV_Handler
                0x000000000800b390       0x48 ./Middlewares/Third_Party/FreeRTOS/Source/portable/GCC/ARM_CM3/port.o
                0x000000000800b390                PendSV_Handler
 .text.SysTick_Handler
                0x000000000800b3d8       0x44 ./Middlewares/Third_Party/FreeRTOS/Source/portable/GCC/ARM_CM3/port.o
                0x000000000800b3d8                SysTick_Handler
 .text.vPortSetupTimerInterrupt
                0x000000000800b41c       0x44 ./Middlewares/Third_Party/FreeRTOS/Source/portable/GCC/ARM_CM3/port.o
                0x000000000800b41c                vPortSetupTimerInterrupt
 .text.vPortValidateInterruptPriority
                0x000000000800b460       0x7c ./Middlewares/Third_Party/FreeRTOS/Source/portable/GCC/ARM_CM3/port.o
                0x000000000800b460                vPortValidateInterruptPriority
 .text.pvPortMalloc
                0x000000000800b4dc      0x188 ./Middlewares/Third_Party/FreeRTOS/Source/portable/MemMang/heap_4.o
                0x000000000800b4dc                pvPortMalloc
 .text.vPortFree
                0x000000000800b664       0xb4 ./Middlewares/Third_Party/FreeRTOS/Source/portable/MemMang/heap_4.o
                0x000000000800b664                vPortFree
 .text.prvHeapInit
                0x000000000800b718       0xc4 ./Middlewares/Third_Party/FreeRTOS/Source/portable/MemMang/heap_4.o
 .text.prvInsertBlockIntoFreeList
                0x000000000800b7dc       0xb0 ./Middlewares/Third_Party/FreeRTOS/Source/portable/MemMang/heap_4.o
 .text.FAS_Send
                0x000000000800b88c       0x44 ./STM32-Hardware-Driver/SteeringDriver/WheelControl/WheelControl.o
                0x000000000800b88c                FAS_Send
 .text.FAS_Receive
                0x000000000800b8d0       0x50 ./STM32-Hardware-Driver/SteeringDriver/WheelControl/WheelControl.o
                0x000000000800b8d0                FAS_Receive
 .text.FAS_Lock
                0x000000000800b920       0x22 ./STM32-Hardware-Driver/SteeringDriver/WheelControl/WheelControl.o
                0x000000000800b920                FAS_Lock
 .text.FAS_Unlock
                0x000000000800b942       0x1e ./STM32-Hardware-Driver/SteeringDriver/WheelControl/WheelControl.o
                0x000000000800b942                FAS_Unlock
 .text.FAS_Init
                0x000000000800b960       0x1e ./STM32-Hardware-Driver/SteeringDriver/WheelControl/WheelControl.o
                0x000000000800b960                FAS_Init
 *fill*         0x000000000800b97e        0x2 
 .text.Wheel_Init
                0x000000000800b980       0x38 ./STM32-Hardware-Driver/SteeringDriver/WheelControl/WheelControl.o
                0x000000000800b980                Wheel_Init
 .text.Wheel_setLimit
                0x000000000800b9b8       0x24 ./STM32-Hardware-Driver/SteeringDriver/WheelControl/WheelControl.o
                0x000000000800b9b8                Wheel_setLimit
 *fill*         0x000000000800b9dc        0x4 
 .text.Wheel_SetAngle_ABS
                0x000000000800b9e0       0xe4 ./STM32-Hardware-Driver/SteeringDriver/WheelControl/WheelControl.o
                0x000000000800b9e0                Wheel_SetAngle_ABS
 .text.Wheel_ClearPos
                0x000000000800bac4       0x2e ./STM32-Hardware-Driver/SteeringDriver/WheelControl/WheelControl.o
                0x000000000800bac4                Wheel_ClearPos
 .text.FAS_MoveSingleAxisAbsPos
                0x000000000800baf2      0x114 ./STM32-Hardware-Driver/SteeringDriver/eziservov8_lib/EziservoV8/FAS_Motion.o
                0x000000000800baf2                FAS_MoveSingleAxisAbsPos
 .text.FAS_PositionAbsOverride
                0x000000000800bc06       0xda ./STM32-Hardware-Driver/SteeringDriver/eziservov8_lib/EziservoV8/FAS_Motion.o
                0x000000000800bc06                FAS_PositionAbsOverride
 .text.FAS_GetAxisStatus
                0x000000000800bce0      0x110 ./STM32-Hardware-Driver/SteeringDriver/eziservov8_lib/EziservoV8/FAS_StatusPos.o
                0x000000000800bce0                FAS_GetAxisStatus
 .text.FAS_ClearPosition
                0x000000000800bdf0       0xea ./STM32-Hardware-Driver/SteeringDriver/eziservov8_lib/EziservoV8/FAS_StatusPos.o
                0x000000000800bdf0                FAS_ClearPosition
 .text.FAS_AddByteStuffing
                0x000000000800beda       0x6e ./STM32-Hardware-Driver/SteeringDriver/eziservov8_lib/EziservoV8/FAS_Util.o
 .text.FAS_UnStuffingByte
                0x000000000800bf48       0xc6 ./STM32-Hardware-Driver/SteeringDriver/eziservov8_lib/EziservoV8/FAS_Util.o
 *fill*         0x000000000800c00e        0x2 
 .text.FAS_CalcCRC
                0x000000000800c010       0x54 ./STM32-Hardware-Driver/SteeringDriver/eziservov8_lib/EziservoV8/FAS_Util.o
 .text.FAS_GetSync
                0x000000000800c064       0x1c ./STM32-Hardware-Driver/SteeringDriver/eziservov8_lib/EziservoV8/FAS_Util.o
 .text.FAS_PackData
                0x000000000800c080       0xfc ./STM32-Hardware-Driver/SteeringDriver/eziservov8_lib/EziservoV8/FAS_Util.o
                0x000000000800c080                FAS_PackData
 .text.FAS_UnPackData
                0x000000000800c17c      0x11c ./STM32-Hardware-Driver/SteeringDriver/eziservov8_lib/EziservoV8/FAS_Util.o
                0x000000000800c17c                FAS_UnPackData
 .text.CANFrame_ClearRcvInfo
                0x000000000800c298       0x1a ./STM32_RTOS_PeripheralDriver/CANFrame/canframe.o
 *fill*         0x000000000800c2b2        0x2 
 .text.CANFrame_ProcessData
                0x000000000800c2b4      0x2b4 ./STM32_RTOS_PeripheralDriver/CANFrame/canframe.o
 .text.CANFrame_RcvTask
                0x000000000800c568       0xf4 ./STM32_RTOS_PeripheralDriver/CANFrame/canframe.o
                0x000000000800c568                CANFrame_RcvTask
 .text.CANFrame_Init
                0x000000000800c65c       0x7c ./STM32_RTOS_PeripheralDriver/CANFrame/canframe.o
                0x000000000800c65c                CANFrame_Init
 .text.CANFrame_RegCB
                0x000000000800c6d8       0x2c ./STM32_RTOS_PeripheralDriver/CANFrame/canframe.o
                0x000000000800c6d8                CANFrame_RegCB
 .text.CANFrame_FilterConfig
                0x000000000800c704       0x70 ./STM32_RTOS_PeripheralDriver/CANFrame/canframe.o
                0x000000000800c704                CANFrame_FilterConfig
 .text.CAN_OS_Init
                0x000000000800c774       0x4c ./STM32_RTOS_PeripheralDriver/CANHandler/CANHandler.o
                0x000000000800c774                CAN_OS_Init
 .text.CAN_OS_ConfigFilter
                0x000000000800c7c0       0x30 ./STM32_RTOS_PeripheralDriver/CANHandler/CANHandler.o
                0x000000000800c7c0                CAN_OS_ConfigFilter
 .text.CAN_OS_Start
                0x000000000800c7f0       0x1c ./STM32_RTOS_PeripheralDriver/CANHandler/CANHandler.o
                0x000000000800c7f0                CAN_OS_Start
 .text.CAN_OS_ListenMsg
                0x000000000800c80c       0x84 ./STM32_RTOS_PeripheralDriver/CANHandler/CANHandler.o
                0x000000000800c80c                CAN_OS_ListenMsg
 .text.CAN_OS_GetRxFifoFillLevel
                0x000000000800c890       0x2a ./STM32_RTOS_PeripheralDriver/CANHandler/CANHandler.o
                0x000000000800c890                CAN_OS_GetRxFifoFillLevel
 .text.CAN_OS_GetRxMessage
                0x000000000800c8ba       0x36 ./STM32_RTOS_PeripheralDriver/CANHandler/CANHandler.o
                0x000000000800c8ba                CAN_OS_GetRxMessage
 .text.CAN_OS_RxFifo0Cplt_CB
                0x000000000800c8f0       0x30 ./STM32_RTOS_PeripheralDriver/CANHandler/CANHandler.o
                0x000000000800c8f0                CAN_OS_RxFifo0Cplt_CB
 .text.CAN_OS_TxCplt_CB
                0x000000000800c920       0x1a ./STM32_RTOS_PeripheralDriver/CANHandler/CANHandler.o
                0x000000000800c920                CAN_OS_TxCplt_CB
 .text.CAN_OS_RegisterCB
                0x000000000800c93a       0xa8 ./STM32_RTOS_PeripheralDriver/CANHandler/CANHandler.o
                0x000000000800c93a                CAN_OS_RegisterCB
 .text.GPIO_TogglePin
                0x000000000800c9e2       0x20 ./STM32_RTOS_PeripheralDriver/GPIO/GPIOHandler.o
                0x000000000800c9e2                GPIO_TogglePin
 .text.I2C_OS_Init
                0x000000000800ca02       0x36 ./STM32_RTOS_PeripheralDriver/I2CHandler/I2C_Handler.o
                0x000000000800ca02                I2C_OS_Init
 .text.I2C_OS_MEM_RxCpltCB
                0x000000000800ca38       0x1c ./STM32_RTOS_PeripheralDriver/I2CHandler/I2C_Handler.o
                0x000000000800ca38                I2C_OS_MEM_RxCpltCB
 .text.I2C_OS_MEM_TxCpltCB
                0x000000000800ca54       0x1c ./STM32_RTOS_PeripheralDriver/I2CHandler/I2C_Handler.o
                0x000000000800ca54                I2C_OS_MEM_TxCpltCB
 .text.SyncPrintf_Init
                0x000000000800ca70       0x1c ./STM32_RTOS_PeripheralDriver/SyncPrintf/SyncPrintf.o
                0x000000000800ca70                SyncPrintf_Init
 .text.SyncPrintf
                0x000000000800ca8c       0x88 ./STM32_RTOS_PeripheralDriver/SyncPrintf/SyncPrintf.o
                0x000000000800ca8c                SyncPrintf
 .text.UART_OS_Init
                0x000000000800cb14       0x3c ./STM32_RTOS_PeripheralDriver/UARTHandler/UART_Handler.o
                0x000000000800cb14                UART_OS_Init
 .text.UART_OS_Transmit
                0x000000000800cb50       0x82 ./STM32_RTOS_PeripheralDriver/UARTHandler/UART_Handler.o
                0x000000000800cb50                UART_OS_Transmit
 .text.UART_OS_Receive_ToIdle
                0x000000000800cbd2       0xe6 ./STM32_RTOS_PeripheralDriver/UARTHandler/UART_Handler.o
                0x000000000800cbd2                UART_OS_Receive_ToIdle
 .text.UART_OS_RcvToIdle_CB
                0x000000000800ccb8       0x26 ./STM32_RTOS_PeripheralDriver/UARTHandler/UART_Handler.o
                0x000000000800ccb8                UART_OS_RcvToIdle_CB
 .text.UART_OS_RxCplt_CB
                0x000000000800ccde       0x1c ./STM32_RTOS_PeripheralDriver/UARTHandler/UART_Handler.o
                0x000000000800ccde                UART_OS_RxCplt_CB
 .text.UART_OS_TxCplt_CB
                0x000000000800ccfa       0x1c ./STM32_RTOS_PeripheralDriver/UARTHandler/UART_Handler.o
                0x000000000800ccfa                UART_OS_TxCplt_CB
 .text.crc_8    0x000000000800cd16       0x74 ./UtilitySmallFunction/CRC/CRC.o
                0x000000000800cd16                crc_8
 *fill*         0x000000000800cd8a        0x2 
 .text.DataPack_Split
                0x000000000800cd8c       0x78 ./UtilitySmallFunction/DataProcess/DataProcess.o
                0x000000000800cd8c                DataPack_Split
 .text.DataPack_GetSteerAngle
                0x000000000800ce04       0x20 ./UtilitySmallFunction/DataProcess/DataProcess.o
                0x000000000800ce04                DataPack_GetSteerAngle
 .text.reverseStr
                0x000000000800ce24       0x5c ./UtilitySmallFunction/Utility/Utility.o
                0x000000000800ce24                reverseStr
 .text.intToStr
                0x000000000800ce80       0x90 ./UtilitySmallFunction/Utility/Utility.o
                0x000000000800ce80                intToStr
 .text.quick_pow10
                0x000000000800cf10       0x20 ./UtilitySmallFunction/Utility/Utility.o
                0x000000000800cf10                quick_pow10
 .text.FloatToStr
                0x000000000800cf30       0xc6 ./UtilitySmallFunction/Utility/Utility.o
                0x000000000800cf30                FloatToStr
 *fill*         0x000000000800cff6        0x2 
 .text.StrToFloat
                0x000000000800cff8       0xfc ./UtilitySmallFunction/Utility/Utility.o
                0x000000000800cff8                StrToFloat
 .text.atoi     0x000000000800d0f4        0x8 C:/ST/STM32CubeIDE_1.13.2/STM32CubeIDE/plugins/com.st.stm32cube.ide.mcu.externaltools.gnu-tools-for-stm32.11.3.rel1.win32_1.1.1.202309131626/tools/bin/../lib/gcc/arm-none-eabi/11.3.1/../../../../arm-none-eabi/lib/thumb/v7-m/nofp\libc_nano.a(libc_a-atoi.o)
                0x000000000800d0f4                atoi
 .text.malloc   0x000000000800d0fc       0x10 C:/ST/STM32CubeIDE_1.13.2/STM32CubeIDE/plugins/com.st.stm32cube.ide.mcu.externaltools.gnu-tools-for-stm32.11.3.rel1.win32_1.1.1.202309131626/tools/bin/../lib/gcc/arm-none-eabi/11.3.1/../../../../arm-none-eabi/lib/thumb/v7-m/nofp\libc_nano.a(libc_a-malloc.o)
                0x000000000800d0fc                malloc
 .text.sbrk_aligned
                0x000000000800d10c       0x40 C:/ST/STM32CubeIDE_1.13.2/STM32CubeIDE/plugins/com.st.stm32cube.ide.mcu.externaltools.gnu-tools-for-stm32.11.3.rel1.win32_1.1.1.202309131626/tools/bin/../lib/gcc/arm-none-eabi/11.3.1/../../../../arm-none-eabi/lib/thumb/v7-m/nofp\libc_nano.a(libc_a-mallocr.o)
 .text._malloc_r
                0x000000000800d14c      0x100 C:/ST/STM32CubeIDE_1.13.2/STM32CubeIDE/plugins/com.st.stm32cube.ide.mcu.externaltools.gnu-tools-for-stm32.11.3.rel1.win32_1.1.1.202309131626/tools/bin/../lib/gcc/arm-none-eabi/11.3.1/../../../../arm-none-eabi/lib/thumb/v7-m/nofp\libc_nano.a(libc_a-mallocr.o)
                0x000000000800d14c                _malloc_r
 .text.__malloc_lock
                0x000000000800d24c        0xc C:/ST/STM32CubeIDE_1.13.2/STM32CubeIDE/plugins/com.st.stm32cube.ide.mcu.externaltools.gnu-tools-for-stm32.11.3.rel1.win32_1.1.1.202309131626/tools/bin/../lib/gcc/arm-none-eabi/11.3.1/../../../../arm-none-eabi/lib/thumb/v7-m/nofp\libc_nano.a(libc_a-mlock.o)
                0x000000000800d24c                __malloc_lock
 .text.__malloc_unlock
                0x000000000800d258        0xc C:/ST/STM32CubeIDE_1.13.2/STM32CubeIDE/plugins/com.st.stm32cube.ide.mcu.externaltools.gnu-tools-for-stm32.11.3.rel1.win32_1.1.1.202309131626/tools/bin/../lib/gcc/arm-none-eabi/11.3.1/../../../../arm-none-eabi/lib/thumb/v7-m/nofp\libc_nano.a(libc_a-mlock.o)
                0x000000000800d258                __malloc_unlock
 .text._strtol_l.constprop.0
                0x000000000800d264       0xfc C:/ST/STM32CubeIDE_1.13.2/STM32CubeIDE/plugins/com.st.stm32cube.ide.mcu.externaltools.gnu-tools-for-stm32.11.3.rel1.win32_1.1.1.202309131626/tools/bin/../lib/gcc/arm-none-eabi/11.3.1/../../../../arm-none-eabi/lib/thumb/v7-m/nofp\libc_nano.a(libc_a-strtol.o)
 .text.strtol   0x000000000800d360       0x14 C:/ST/STM32CubeIDE_1.13.2/STM32CubeIDE/plugins/com.st.stm32cube.ide.mcu.externaltools.gnu-tools-for-stm32.11.3.rel1.win32_1.1.1.202309131626/tools/bin/../lib/gcc/arm-none-eabi/11.3.1/../../../../arm-none-eabi/lib/thumb/v7-m/nofp\libc_nano.a(libc_a-strtol.o)
                0x000000000800d360                strtol
 .text.std      0x000000000800d374       0x6c C:/ST/STM32CubeIDE_1.13.2/STM32CubeIDE/plugins/com.st.stm32cube.ide.mcu.externaltools.gnu-tools-for-stm32.11.3.rel1.win32_1.1.1.202309131626/tools/bin/../lib/gcc/arm-none-eabi/11.3.1/../../../../arm-none-eabi/lib/thumb/v7-m/nofp\libc_nano.a(libc_a-findfp.o)
 .text.stdio_exit_handler
                0x000000000800d3e0       0x18 C:/ST/STM32CubeIDE_1.13.2/STM32CubeIDE/plugins/com.st.stm32cube.ide.mcu.externaltools.gnu-tools-for-stm32.11.3.rel1.win32_1.1.1.202309131626/tools/bin/../lib/gcc/arm-none-eabi/11.3.1/../../../../arm-none-eabi/lib/thumb/v7-m/nofp\libc_nano.a(libc_a-findfp.o)
 .text.cleanup_stdio
                0x000000000800d3f8       0x40 C:/ST/STM32CubeIDE_1.13.2/STM32CubeIDE/plugins/com.st.stm32cube.ide.mcu.externaltools.gnu-tools-for-stm32.11.3.rel1.win32_1.1.1.202309131626/tools/bin/../lib/gcc/arm-none-eabi/11.3.1/../../../../arm-none-eabi/lib/thumb/v7-m/nofp\libc_nano.a(libc_a-findfp.o)
 .text.global_stdio_init.part.0
                0x000000000800d438       0x3c C:/ST/STM32CubeIDE_1.13.2/STM32CubeIDE/plugins/com.st.stm32cube.ide.mcu.externaltools.gnu-tools-for-stm32.11.3.rel1.win32_1.1.1.202309131626/tools/bin/../lib/gcc/arm-none-eabi/11.3.1/../../../../arm-none-eabi/lib/thumb/v7-m/nofp\libc_nano.a(libc_a-findfp.o)
 .text.__sfp_lock_acquire
                0x000000000800d474        0xc C:/ST/STM32CubeIDE_1.13.2/STM32CubeIDE/plugins/com.st.stm32cube.ide.mcu.externaltools.gnu-tools-for-stm32.11.3.rel1.win32_1.1.1.202309131626/tools/bin/../lib/gcc/arm-none-eabi/11.3.1/../../../../arm-none-eabi/lib/thumb/v7-m/nofp\libc_nano.a(libc_a-findfp.o)
                0x000000000800d474                __sfp_lock_acquire
 .text.__sfp_lock_release
                0x000000000800d480        0xc C:/ST/STM32CubeIDE_1.13.2/STM32CubeIDE/plugins/com.st.stm32cube.ide.mcu.externaltools.gnu-tools-for-stm32.11.3.rel1.win32_1.1.1.202309131626/tools/bin/../lib/gcc/arm-none-eabi/11.3.1/../../../../arm-none-eabi/lib/thumb/v7-m/nofp\libc_nano.a(libc_a-findfp.o)
                0x000000000800d480                __sfp_lock_release
 .text.__sinit  0x000000000800d48c       0x30 C:/ST/STM32CubeIDE_1.13.2/STM32CubeIDE/plugins/com.st.stm32cube.ide.mcu.externaltools.gnu-tools-for-stm32.11.3.rel1.win32_1.1.1.202309131626/tools/bin/../lib/gcc/arm-none-eabi/11.3.1/../../../../arm-none-eabi/lib/thumb/v7-m/nofp\libc_nano.a(libc_a-findfp.o)
                0x000000000800d48c                __sinit
 .text._fwalk_sglue
                0x000000000800d4bc       0x3c C:/ST/STM32CubeIDE_1.13.2/STM32CubeIDE/plugins/com.st.stm32cube.ide.mcu.externaltools.gnu-tools-for-stm32.11.3.rel1.win32_1.1.1.202309131626/tools/bin/../lib/gcc/arm-none-eabi/11.3.1/../../../../arm-none-eabi/lib/thumb/v7-m/nofp\libc_nano.a(libc_a-fwalk.o)
                0x000000000800d4bc                _fwalk_sglue
 .text.__sread  0x000000000800d4f8       0x22 C:/ST/STM32CubeIDE_1.13.2/STM32CubeIDE/plugins/com.st.stm32cube.ide.mcu.externaltools.gnu-tools-for-stm32.11.3.rel1.win32_1.1.1.202309131626/tools/bin/../lib/gcc/arm-none-eabi/11.3.1/../../../../arm-none-eabi/lib/thumb/v7-m/nofp\libc_nano.a(libc_a-stdio.o)
                0x000000000800d4f8                __sread
 .text.__swrite
                0x000000000800d51a       0x38 C:/ST/STM32CubeIDE_1.13.2/STM32CubeIDE/plugins/com.st.stm32cube.ide.mcu.externaltools.gnu-tools-for-stm32.11.3.rel1.win32_1.1.1.202309131626/tools/bin/../lib/gcc/arm-none-eabi/11.3.1/../../../../arm-none-eabi/lib/thumb/v7-m/nofp\libc_nano.a(libc_a-stdio.o)
                0x000000000800d51a                __swrite
 .text.__sseek  0x000000000800d552       0x24 C:/ST/STM32CubeIDE_1.13.2/STM32CubeIDE/plugins/com.st.stm32cube.ide.mcu.externaltools.gnu-tools-for-stm32.11.3.rel1.win32_1.1.1.202309131626/tools/bin/../lib/gcc/arm-none-eabi/11.3.1/../../../../arm-none-eabi/lib/thumb/v7-m/nofp\libc_nano.a(libc_a-stdio.o)
                0x000000000800d552                __sseek
 .text.__sclose
                0x000000000800d576        0x8 C:/ST/STM32CubeIDE_1.13.2/STM32CubeIDE/plugins/com.st.stm32cube.ide.mcu.externaltools.gnu-tools-for-stm32.11.3.rel1.win32_1.1.1.202309131626/tools/bin/../lib/gcc/arm-none-eabi/11.3.1/../../../../arm-none-eabi/lib/thumb/v7-m/nofp\libc_nano.a(libc_a-stdio.o)
                0x000000000800d576                __sclose
 .text._vasnprintf_r
                0x000000000800d57e       0x5e C:/ST/STM32CubeIDE_1.13.2/STM32CubeIDE/plugins/com.st.stm32cube.ide.mcu.externaltools.gnu-tools-for-stm32.11.3.rel1.win32_1.1.1.202309131626/tools/bin/../lib/gcc/arm-none-eabi/11.3.1/../../../../arm-none-eabi/lib/thumb/v7-m/nofp\libc_nano.a(libc_a-vasnprintf.o)
                0x000000000800d57e                _vasnprintf_r
                0x000000000800d57e                _vasniprintf_r
 .text.vasnprintf
                0x000000000800d5dc       0x1c C:/ST/STM32CubeIDE_1.13.2/STM32CubeIDE/plugins/com.st.stm32cube.ide.mcu.externaltools.gnu-tools-for-stm32.11.3.rel1.win32_1.1.1.202309131626/tools/bin/../lib/gcc/arm-none-eabi/11.3.1/../../../../arm-none-eabi/lib/thumb/v7-m/nofp\libc_nano.a(libc_a-vasnprintf.o)
                0x000000000800d5dc                vasnprintf
                0x000000000800d5dc                vasniprintf
 .text.memcmp   0x000000000800d5f8       0x20 C:/ST/STM32CubeIDE_1.13.2/STM32CubeIDE/plugins/com.st.stm32cube.ide.mcu.externaltools.gnu-tools-for-stm32.11.3.rel1.win32_1.1.1.202309131626/tools/bin/../lib/gcc/arm-none-eabi/11.3.1/../../../../arm-none-eabi/lib/thumb/v7-m/nofp\libc_nano.a(libc_a-memcmp.o)
                0x000000000800d5f8                memcmp
 .text.memmove  0x000000000800d618       0x34 C:/ST/STM32CubeIDE_1.13.2/STM32CubeIDE/plugins/com.st.stm32cube.ide.mcu.externaltools.gnu-tools-for-stm32.11.3.rel1.win32_1.1.1.202309131626/tools/bin/../lib/gcc/arm-none-eabi/11.3.1/../../../../arm-none-eabi/lib/thumb/v7-m/nofp\libc_nano.a(libc_a-memmove.o)
                0x000000000800d618                memmove
 .text.memset   0x000000000800d64c       0x10 C:/ST/STM32CubeIDE_1.13.2/STM32CubeIDE/plugins/com.st.stm32cube.ide.mcu.externaltools.gnu-tools-for-stm32.11.3.rel1.win32_1.1.1.202309131626/tools/bin/../lib/gcc/arm-none-eabi/11.3.1/../../../../arm-none-eabi/lib/thumb/v7-m/nofp\libc_nano.a(libc_a-memset.o)
                0x000000000800d64c                memset
 .text.strtok   0x000000000800d65c       0x68 C:/ST/STM32CubeIDE_1.13.2/STM32CubeIDE/plugins/com.st.stm32cube.ide.mcu.externaltools.gnu-tools-for-stm32.11.3.rel1.win32_1.1.1.202309131626/tools/bin/../lib/gcc/arm-none-eabi/11.3.1/../../../../arm-none-eabi/lib/thumb/v7-m/nofp\libc_nano.a(libc_a-strtok.o)
                0x000000000800d65c                strtok
 .text.__strtok_r
                0x000000000800d6c4       0x50 C:/ST/STM32CubeIDE_1.13.2/STM32CubeIDE/plugins/com.st.stm32cube.ide.mcu.externaltools.gnu-tools-for-stm32.11.3.rel1.win32_1.1.1.202309131626/tools/bin/../lib/gcc/arm-none-eabi/11.3.1/../../../../arm-none-eabi/lib/thumb/v7-m/nofp\libc_nano.a(libc_a-strtok_r.o)
                0x000000000800d6c4                __strtok_r
 .text._close_r
                0x000000000800d714       0x20 C:/ST/STM32CubeIDE_1.13.2/STM32CubeIDE/plugins/com.st.stm32cube.ide.mcu.externaltools.gnu-tools-for-stm32.11.3.rel1.win32_1.1.1.202309131626/tools/bin/../lib/gcc/arm-none-eabi/11.3.1/../../../../arm-none-eabi/lib/thumb/v7-m/nofp\libc_nano.a(libc_a-closer.o)
                0x000000000800d714                _close_r
 .text._reclaim_reent
                0x000000000800d734       0xac C:/ST/STM32CubeIDE_1.13.2/STM32CubeIDE/plugins/com.st.stm32cube.ide.mcu.externaltools.gnu-tools-for-stm32.11.3.rel1.win32_1.1.1.202309131626/tools/bin/../lib/gcc/arm-none-eabi/11.3.1/../../../../arm-none-eabi/lib/thumb/v7-m/nofp\libc_nano.a(libc_a-reent.o)
                0x000000000800d734                _reclaim_reent
 .text._lseek_r
                0x000000000800d7e0       0x24 C:/ST/STM32CubeIDE_1.13.2/STM32CubeIDE/plugins/com.st.stm32cube.ide.mcu.externaltools.gnu-tools-for-stm32.11.3.rel1.win32_1.1.1.202309131626/tools/bin/../lib/gcc/arm-none-eabi/11.3.1/../../../../arm-none-eabi/lib/thumb/v7-m/nofp\libc_nano.a(libc_a-lseekr.o)
                0x000000000800d7e0                _lseek_r
 .text._read_r  0x000000000800d804       0x24 C:/ST/STM32CubeIDE_1.13.2/STM32CubeIDE/plugins/com.st.stm32cube.ide.mcu.externaltools.gnu-tools-for-stm32.11.3.rel1.win32_1.1.1.202309131626/tools/bin/../lib/gcc/arm-none-eabi/11.3.1/../../../../arm-none-eabi/lib/thumb/v7-m/nofp\libc_nano.a(libc_a-readr.o)
                0x000000000800d804                _read_r
 .text._sbrk_r  0x000000000800d828       0x20 C:/ST/STM32CubeIDE_1.13.2/STM32CubeIDE/plugins/com.st.stm32cube.ide.mcu.externaltools.gnu-tools-for-stm32.11.3.rel1.win32_1.1.1.202309131626/tools/bin/../lib/gcc/arm-none-eabi/11.3.1/../../../../arm-none-eabi/lib/thumb/v7-m/nofp\libc_nano.a(libc_a-sbrkr.o)
                0x000000000800d828                _sbrk_r
 .text._write_r
                0x000000000800d848       0x24 C:/ST/STM32CubeIDE_1.13.2/STM32CubeIDE/plugins/com.st.stm32cube.ide.mcu.externaltools.gnu-tools-for-stm32.11.3.rel1.win32_1.1.1.202309131626/tools/bin/../lib/gcc/arm-none-eabi/11.3.1/../../../../arm-none-eabi/lib/thumb/v7-m/nofp\libc_nano.a(libc_a-writer.o)
                0x000000000800d848                _write_r
 .text.__errno  0x000000000800d86c        0xc C:/ST/STM32CubeIDE_1.13.2/STM32CubeIDE/plugins/com.st.stm32cube.ide.mcu.externaltools.gnu-tools-for-stm32.11.3.rel1.win32_1.1.1.202309131626/tools/bin/../lib/gcc/arm-none-eabi/11.3.1/../../../../arm-none-eabi/lib/thumb/v7-m/nofp\libc_nano.a(libc_a-errno.o)
                0x000000000800d86c                __errno
 .text.__libc_init_array
                0x000000000800d878       0x48 C:/ST/STM32CubeIDE_1.13.2/STM32CubeIDE/plugins/com.st.stm32cube.ide.mcu.externaltools.gnu-tools-for-stm32.11.3.rel1.win32_1.1.1.202309131626/tools/bin/../lib/gcc/arm-none-eabi/11.3.1/../../../../arm-none-eabi/lib/thumb/v7-m/nofp\libc_nano.a(libc_a-init.o)
                0x000000000800d878                __libc_init_array
 .text.__retarget_lock_init_recursive
                0x000000000800d8c0        0x2 C:/ST/STM32CubeIDE_1.13.2/STM32CubeIDE/plugins/com.st.stm32cube.ide.mcu.externaltools.gnu-tools-for-stm32.11.3.rel1.win32_1.1.1.202309131626/tools/bin/../lib/gcc/arm-none-eabi/11.3.1/../../../../arm-none-eabi/lib/thumb/v7-m/nofp\libc_nano.a(libc_a-lock.o)
                0x000000000800d8c0                __retarget_lock_init_recursive
 .text.__retarget_lock_acquire_recursive
                0x000000000800d8c2        0x2 C:/ST/STM32CubeIDE_1.13.2/STM32CubeIDE/plugins/com.st.stm32cube.ide.mcu.externaltools.gnu-tools-for-stm32.11.3.rel1.win32_1.1.1.202309131626/tools/bin/../lib/gcc/arm-none-eabi/11.3.1/../../../../arm-none-eabi/lib/thumb/v7-m/nofp\libc_nano.a(libc_a-lock.o)
                0x000000000800d8c2                __retarget_lock_acquire_recursive
 .text.__retarget_lock_release_recursive
                0x000000000800d8c4        0x2 C:/ST/STM32CubeIDE_1.13.2/STM32CubeIDE/plugins/com.st.stm32cube.ide.mcu.externaltools.gnu-tools-for-stm32.11.3.rel1.win32_1.1.1.202309131626/tools/bin/../lib/gcc/arm-none-eabi/11.3.1/../../../../arm-none-eabi/lib/thumb/v7-m/nofp\libc_nano.a(libc_a-lock.o)
                0x000000000800d8c4                __retarget_lock_release_recursive
 .text.strcpy   0x000000000800d8c6       0x10 C:/ST/STM32CubeIDE_1.13.2/STM32CubeIDE/plugins/com.st.stm32cube.ide.mcu.externaltools.gnu-tools-for-stm32.11.3.rel1.win32_1.1.1.202309131626/tools/bin/../lib/gcc/arm-none-eabi/11.3.1/../../../../arm-none-eabi/lib/thumb/v7-m/nofp\libc_nano.a(libc_a-strcpy.o)
                0x000000000800d8c6                strcpy
 .text.memcpy   0x000000000800d8d6       0x1c C:/ST/STM32CubeIDE_1.13.2/STM32CubeIDE/plugins/com.st.stm32cube.ide.mcu.externaltools.gnu-tools-for-stm32.11.3.rel1.win32_1.1.1.202309131626/tools/bin/../lib/gcc/arm-none-eabi/11.3.1/../../../../arm-none-eabi/lib/thumb/v7-m/nofp\libc_nano.a(libc_a-memcpy-stub.o)
                0x000000000800d8d6                memcpy
 *fill*         0x000000000800d8f2        0x2 
 .text.__assert_func
                0x000000000800d8f4       0x3c C:/ST/STM32CubeIDE_1.13.2/STM32CubeIDE/plugins/com.st.stm32cube.ide.mcu.externaltools.gnu-tools-for-stm32.11.3.rel1.win32_1.1.1.202309131626/tools/bin/../lib/gcc/arm-none-eabi/11.3.1/../../../../arm-none-eabi/lib/thumb/v7-m/nofp\libc_nano.a(libc_a-assert.o)
                0x000000000800d8f4                __assert_func
 .text._free_r  0x000000000800d930       0x90 C:/ST/STM32CubeIDE_1.13.2/STM32CubeIDE/plugins/com.st.stm32cube.ide.mcu.externaltools.gnu-tools-for-stm32.11.3.rel1.win32_1.1.1.202309131626/tools/bin/../lib/gcc/arm-none-eabi/11.3.1/../../../../arm-none-eabi/lib/thumb/v7-m/nofp\libc_nano.a(libc_a-freer.o)
                0x000000000800d930                _free_r
 .text.__ssputs_r
                0x000000000800d9c0       0xb4 C:/ST/STM32CubeIDE_1.13.2/STM32CubeIDE/plugins/com.st.stm32cube.ide.mcu.externaltools.gnu-tools-for-stm32.11.3.rel1.win32_1.1.1.202309131626/tools/bin/../lib/gcc/arm-none-eabi/11.3.1/../../../../arm-none-eabi/lib/thumb/v7-m/nofp\libc_nano.a(libc_a-nano-svfprintf.o)
                0x000000000800d9c0                __ssputs_r
 .text._svfprintf_r